Archive member included because of file (symbol)

../ldscripts\libarm_cortexM4lf_math.a(arm_mat_trans_f32.o)
                              ./src/10DOF/Filters/Kalman.o (arm_mat_trans_f32)
../ldscripts\libarm_cortexM4lf_math.a(arm_mat_mult_f32.o)
                              ./src/10DOF/Filters/Kalman.o (arm_mat_mult_f32)
../ldscripts\libarm_cortexM4lf_math.a(arm_mat_inverse_f32.o)
                              ./src/10DOF/Filters/Kalman.o (arm_mat_inverse_f32)
../ldscripts\libarm_cortexM4lf_math.a(arm_mat_init_f32.o)
                              ./src/10DOF/Filters/Kalman.o (arm_mat_init_f32)
../ldscripts\libarm_cortexM4lf_math.a(arm_sin_f32.o)
                              ./src/10DOF/IMU.o (arm_sin_f32)
../ldscripts\libarm_cortexM4lf_math.a(arm_cos_f32.o)
                              ./src/10DOF/IMU.o (arm_cos_f32)
c:/program files (x86)/gnu tools arm embedded/4.8 2014q2/bin/../lib/gcc/arm-none-eabi/4.8.4/../../../../arm-none-eabi/lib/armv7e-m/fpu\libm.a(lib_a-w_atan2.o)
                              ./src/10DOF/IMU.o (atan2)
c:/program files (x86)/gnu tools arm embedded/4.8 2014q2/bin/../lib/gcc/arm-none-eabi/4.8.4/../../../../arm-none-eabi/lib/armv7e-m/fpu\libm.a(lib_a-w_pow.o)
                              ./src/10DOF/bmp085.o (pow)
c:/program files (x86)/gnu tools arm embedded/4.8 2014q2/bin/../lib/gcc/arm-none-eabi/4.8.4/../../../../arm-none-eabi/lib/armv7e-m/fpu\libm.a(lib_a-w_sqrt.o)
                              ./src/10DOF/Filters/MahonyAHRS.o (sqrt)
c:/program files (x86)/gnu tools arm embedded/4.8 2014q2/bin/../lib/gcc/arm-none-eabi/4.8.4/../../../../arm-none-eabi/lib/armv7e-m/fpu\libm.a(lib_a-wf_asin.o)
                              ./src/10DOF/Filters/MahonyAHRS.o (asinf)
c:/program files (x86)/gnu tools arm embedded/4.8 2014q2/bin/../lib/gcc/arm-none-eabi/4.8.4/../../../../arm-none-eabi/lib/armv7e-m/fpu\libm.a(lib_a-wf_atan2.o)
                              ./src/10DOF/Filters/MahonyAHRS.o (atan2f)
c:/program files (x86)/gnu tools arm embedded/4.8 2014q2/bin/../lib/gcc/arm-none-eabi/4.8.4/../../../../arm-none-eabi/lib/armv7e-m/fpu\libm.a(lib_a-wf_sqrt.o)
                              ./src/10DOF/IMU.o (sqrtf)
c:/program files (x86)/gnu tools arm embedded/4.8 2014q2/bin/../lib/gcc/arm-none-eabi/4.8.4/../../../../arm-none-eabi/lib/armv7e-m/fpu\libm.a(lib_a-e_atan2.o)
                              c:/program files (x86)/gnu tools arm embedded/4.8 2014q2/bin/../lib/gcc/arm-none-eabi/4.8.4/../../../../arm-none-eabi/lib/armv7e-m/fpu\libm.a(lib_a-w_atan2.o) (__ieee754_atan2)
c:/program files (x86)/gnu tools arm embedded/4.8 2014q2/bin/../lib/gcc/arm-none-eabi/4.8.4/../../../../arm-none-eabi/lib/armv7e-m/fpu\libm.a(lib_a-e_pow.o)
                              c:/program files (x86)/gnu tools arm embedded/4.8 2014q2/bin/../lib/gcc/arm-none-eabi/4.8.4/../../../../arm-none-eabi/lib/armv7e-m/fpu\libm.a(lib_a-w_pow.o) (__ieee754_pow)
c:/program files (x86)/gnu tools arm embedded/4.8 2014q2/bin/../lib/gcc/arm-none-eabi/4.8.4/../../../../arm-none-eabi/lib/armv7e-m/fpu\libm.a(lib_a-e_sqrt.o)
                              c:/program files (x86)/gnu tools arm embedded/4.8 2014q2/bin/../lib/gcc/arm-none-eabi/4.8.4/../../../../arm-none-eabi/lib/armv7e-m/fpu\libm.a(lib_a-w_sqrt.o) (__ieee754_sqrt)
c:/program files (x86)/gnu tools arm embedded/4.8 2014q2/bin/../lib/gcc/arm-none-eabi/4.8.4/../../../../arm-none-eabi/lib/armv7e-m/fpu\libm.a(lib_a-ef_asin.o)
                              c:/program files (x86)/gnu tools arm embedded/4.8 2014q2/bin/../lib/gcc/arm-none-eabi/4.8.4/../../../../arm-none-eabi/lib/armv7e-m/fpu\libm.a(lib_a-wf_asin.o) (__ieee754_asinf)
c:/program files (x86)/gnu tools arm embedded/4.8 2014q2/bin/../lib/gcc/arm-none-eabi/4.8.4/../../../../arm-none-eabi/lib/armv7e-m/fpu\libm.a(lib_a-ef_atan2.o)
                              c:/program files (x86)/gnu tools arm embedded/4.8 2014q2/bin/../lib/gcc/arm-none-eabi/4.8.4/../../../../arm-none-eabi/lib/armv7e-m/fpu\libm.a(lib_a-wf_atan2.o) (__ieee754_atan2f)
c:/program files (x86)/gnu tools arm embedded/4.8 2014q2/bin/../lib/gcc/arm-none-eabi/4.8.4/../../../../arm-none-eabi/lib/armv7e-m/fpu\libm.a(lib_a-ef_sqrt.o)
                              c:/program files (x86)/gnu tools arm embedded/4.8 2014q2/bin/../lib/gcc/arm-none-eabi/4.8.4/../../../../arm-none-eabi/lib/armv7e-m/fpu\libm.a(lib_a-wf_sqrt.o) (__ieee754_sqrtf)
c:/program files (x86)/gnu tools arm embedded/4.8 2014q2/bin/../lib/gcc/arm-none-eabi/4.8.4/../../../../arm-none-eabi/lib/armv7e-m/fpu\libm.a(lib_a-s_atan.o)
                              c:/program files (x86)/gnu tools arm embedded/4.8 2014q2/bin/../lib/gcc/arm-none-eabi/4.8.4/../../../../arm-none-eabi/lib/armv7e-m/fpu\libm.a(lib_a-e_atan2.o) (atan)
c:/program files (x86)/gnu tools arm embedded/4.8 2014q2/bin/../lib/gcc/arm-none-eabi/4.8.4/../../../../arm-none-eabi/lib/armv7e-m/fpu\libm.a(lib_a-s_fabs.o)
[...]
Memory Configuration

Name             Origin             Length             Attributes
RAM              0x20000000         0x00020000         xrw
CCMRAM           0x10000000         0x00010000         xrw
FLASH            0x08000000         0x00100000         xr
FLASHB1          0x00000000         0x00000000         xr
EXTMEMB0         0x00000000         0x00000000         xr
EXTMEMB1         0x00000000         0x00000000         xr
EXTMEMB2         0x00000000         0x00000000         xr
EXTMEMB3         0x00000000         0x00000000         xr
MEMORY_ARRAY     0x20002000         0x00000020         xrw
*default*        0x00000000         0xffffffff

Linker script and memory map

LOAD ./system/src/stm32f4-hal/stm32f4xx_hal.o
LOAD ./system/src/stm32f4-hal/stm32f4xx_hal_cortex.o
LOAD ./system/src/stm32f4-hal/stm32f4xx_hal_dma.o
LOAD ./system/src/stm32f4-hal/stm32f4xx_hal_dma_ex.o
LOAD ./system/src/stm32f4-hal/stm32f4xx_hal_flash.o
LOAD ./system/src/stm32f4-hal/stm32f4xx_hal_flash_ex.o
LOAD ./system/src/stm32f4-hal/stm32f4xx_hal_gpio.o
LOAD ./system/src/stm32f4-hal/stm32f4xx_hal_i2c.o
LOAD ./system/src/stm32f4-hal/stm32f4xx_hal_i2c_ex.o
LOAD ./system/src/stm32f4-hal/stm32f4xx_hal_iwdg.o
LOAD ./system/src/stm32f4-hal/stm32f4xx_hal_pcd.o
LOAD ./system/src/stm32f4-hal/stm32f4xx_hal_pwr.o
LOAD ./system/src/stm32f4-hal/stm32f4xx_hal_pwr_ex.o
LOAD ./system/src/stm32f4-hal/stm32f4xx_hal_rcc.o
LOAD ./system/src/stm32f4-hal/stm32f4xx_hal_rcc_ex.o
LOAD ./system/src/stm32f4-hal/stm32f4xx_hal_spi.o
LOAD ./system/src/stm32f4-hal/stm32f4xx_hal_tim.o
LOAD ./system/src/stm32f4-hal/stm32f4xx_hal_tim_ex.o
LOAD ./system/src/stm32f4-hal/stm32f4xx_hal_uart.o
LOAD ./system/src/stm32f4-hal/stm32f4xx_hal_usart.o
LOAD ./system/src/stm32f4-hal/stm32f4xx_ll_usb.o
LOAD ./system/src/newlib/_cxx.o
LOAD ./system/src/newlib/_exit.o
LOAD ./system/src/newlib/_sbrk.o
LOAD ./system/src/newlib/_startup.o
LOAD ./system/src/newlib/_syscalls.o
LOAD ./system/src/newlib/_write.o
LOAD ./system/src/newlib/assert.o
LOAD ./system/src/diag/Trace.o
LOAD ./system/src/diag/trace_impl.o
LOAD ./system/src/cortexm/_initialize_hardware.o
LOAD ./system/src/cortexm/_reset_hardware.o
LOAD ./system/src/cortexm/exception_handlers.o
LOAD ./system/src/cmsis/system_stm32f4xx.o
LOAD ./system/src/cmsis/vectors_stm32f4xx.o
LOAD ./src/SpeedTester/speedTester.o
LOAD ./src/STM32_USB_Device_Library/Core/Src/usbd_core.o
LOAD ./src/STM32_USB_Device_Library/Core/Src/usbd_ctlreq.o
LOAD ./src/STM32_USB_Device_Library/Core/Src/usbd_ioreq.o
LOAD ./src/STM32_USB_Device_Library/Class/CDC/Src/usbd_cdc.o
LOAD ./src/STM32_USB_Device_Library/Class/CDC/Src/usbd_cdc_if_template.o
LOAD ./src/SDCard/fatfs/option/syscall.o
LOAD ./src/SDCard/fatfs/option/unicode.o
LOAD ./src/SDCard/fatfs/diskio.o
LOAD ./src/SDCard/fatfs/drivers_fatfs_sd.o
LOAD ./src/SDCard/fatfs/ff.o
LOAD ./src/SDCard/SPI.o
LOAD ./src/SDCard/tm_stm32f4_fatfs.o
LOAD ./src/PWM/pwm.o
LOAD ./src/NokiaLCD/nokiaLCD.o
LOAD ./src/GPS/gps.o
LOAD ./src/GPIO/gpio.o
LOAD ./src/Frame/frame.o
LOAD ./src/Delay/delay.o
LOAD ./src/Algorithms/algorithms.o
LOAD ./src/10DOF/Filters/Kalman.o
LOAD ./src/10DOF/Filters/MahonyAHRS.o
LOAD ./src/10DOF/I2C.o
LOAD ./src/10DOF/IMU.o
LOAD ./src/10DOF/adxl345.o
LOAD ./src/10DOF/bmp085.o
LOAD ./src/10DOF/hmc5883l.o
LOAD ./src/10DOF/itg3200.o
LOAD ./src/CommonException_handlers.o
LOAD ./src/_initialize_hardware.o
LOAD ./src/main.o
LOAD ./src/usbd_conf.o
LOAD ./src/usbd_desc.o
LOAD ../ldscripts\libarm_cortexM4lf_math.a
LOAD c:/program files (x86)/gnu tools arm embedded/4.8 2014q2/bin/../lib/gcc/arm-none-eabi/4.8.4/../../../../arm-none-eabi/lib/armv7e-m/fpu\libstdc++_s.a
LOAD c:/program files (x86)/gnu tools arm embedded/4.8 2014q2/bin/../lib/gcc/arm-none-eabi/4.8.4/../../../../arm-none-eabi/lib/armv7e-m/fpu\libm.a
START GROUP
LOAD c:/program files (x86)/gnu tools arm embedded/4.8 2014q2/bin/../lib/gcc/arm-none-eabi/4.8.4/armv7e-m/fpu\libgcc.a
LOAD c:/program files (x86)/gnu tools arm embedded/4.8 2014q2/bin/../lib/gcc/arm-none-eabi/4.8.4/../../../../arm-none-eabi/lib/armv7e-m/fpu\libg_s.a
LOAD c:/program files (x86)/gnu tools arm embedded/4.8 2014q2/bin/../lib/gcc/arm-none-eabi/4.8.4/../../../../arm-none-eabi/lib/armv7e-m/fpu\libc_s.a
END GROUP
START GROUP
LOAD c:/program files (x86)/gnu tools arm embedded/4.8 2014q2/bin/../lib/gcc/arm-none-eabi/4.8.4/armv7e-m/fpu\libgcc.a
LOAD c:/program files (x86)/gnu tools arm embedded/4.8 2014q2/bin/../lib/gcc/arm-none-eabi/4.8.4/../../../../arm-none-eabi/lib/armv7e-m/fpu\libc_s.a
END GROUP
                0x20020000                __stack = (ORIGIN (RAM) + 0x20000)
                0x20020000                _estack = __stack
                0x00000400                __Main_Stack_Size = 0x400
                0x00000400                PROVIDE (_Main_Stack_Size, __Main_Stack_Size)
                0x2001fc00                __Main_Stack_Limit = (__stack - __Main_Stack_Size)
                0x2001fc00                PROVIDE (_Main_Stack_Limit, __Main_Stack_Limit)
                0x00000100                _Minimum_Stack_Size = 0x100
                0x2001bc5c                PROVIDE (_Heap_Begin, _end_noinit)
                0x2001fc00                PROVIDE (_Heap_Limit, (__stack - __Main_Stack_Size))

.isr_vector     0x08000000      0x2dc
                0x08000000                . = ALIGN (0x4)
 *(.isr_vector)
 .isr_vector    0x08000000      0x188 ./system/src/cmsis/vectors_stm32f4xx.o
                0x08000000                __isr_vectors
 *(.cfmconfig)
 *(.after_vectors .after_vectors.*)
 .after_vectors
                0x08000188      0x11c ./system/src/newlib/_startup.o
                0x08000188                _start
 .after_vectors
                0x080002a4       0x34 ./system/src/cortexm/exception_handlers.o
                0x080002a4                Reset_Handler
                0x080002ac                NMI_Handler
                0x080002b0                HardFault_Handler
                0x080002b4                MemManage_Handler
                0x080002b8                BusFault_Handler
                0x080002bc                UsageFault_Handler
                0x080002c0                SVC_Handler
                0x080002c4                DebugMon_Handler
                0x080002c8                PendSV_Handler
                0x080002d4                TIM2_IRQHandler
 .after_vectors
                0x080002d8        0x4 ./system/src/cmsis/vectors_stm32f4xx.o
                0x080002d8                RTC_Alarm_IRQHandler
                0x080002d8                HASH_RNG_IRQHandler
                0x080002d8                EXTI2_IRQHandler
                0x080002d8                TIM8_CC_IRQHandler
                0x080002d8                SPI4_IRQHandler
                0x080002d8                TIM1_CC_IRQHandler
                0x080002d8                DMA2_Stream5_IRQHandler
                0x080002d8                DMA1_Stream5_IRQHandler
                0x080002d8                PVD_IRQHandler
                0x080002d8                SDIO_IRQHandler
                0x080002d8                TAMP_STAMP_IRQHandler
                0x080002d8                CAN2_RX1_IRQHandler
                0x080002d8                EXTI3_IRQHandler
                0x080002d8                TIM8_TRG_COM_TIM14_IRQHandler
                0x080002d8                TIM1_UP_TIM10_IRQHandler
                0x080002d8                TIM8_UP_TIM13_IRQHandler
                0x080002d8                I2C3_ER_IRQHandler
                0x080002d8                EXTI0_IRQHandler
                0x080002d8                I2C2_EV_IRQHandler
                0x080002d8                DMA1_Stream2_IRQHandler
                0x080002d8                CAN1_RX0_IRQHandler
                0x080002d8                FPU_IRQHandler
                0x080002d8                OTG_HS_WKUP_IRQHandler
                0x080002d8                CAN2_SCE_IRQHandler
                0x080002d8                DMA2_Stream2_IRQHandler
                0x080002d8                SPI1_IRQHandler
                0x080002d8                TIM6_DAC_IRQHandler
                0x080002d8                TIM1_BRK_TIM9_IRQHandler
                0x080002d8                DCMI_IRQHandler
                0x080002d8                CAN2_RX0_IRQHandler
                0x080002d8                DMA2_Stream3_IRQHandler
                0x080002d8                USART6_IRQHandler
                0x080002d8                USART3_IRQHandler
                0x080002d8                CRYP_IRQHandler
                0x080002d8                CAN1_RX1_IRQHandler
                0x080002d8                UART5_IRQHandler
                0x080002d8                DMA2_Stream0_IRQHandler
                0x080002d8                DMA1_Stream6_IRQHandler
                0x080002d8                DMA1_Stream1_IRQHandler
                0x080002d8                UART4_IRQHandler
                0x080002d8                RCC_IRQHandler
                0x080002d8                TIM8_BRK_TIM12_IRQHandler
                0x080002d8                Default_Handler
                0x080002d8                EXTI15_10_IRQHandler
                0x080002d8                ADC_IRQHandler
                0x080002d8                DMA1_Stream7_IRQHandler
                0x080002d8                TIM7_IRQHandler
                0x080002d8                CAN2_TX_IRQHandler
                0x080002d8                TIM5_IRQHandler
                0x080002d8                DMA2_Stream7_IRQHandler
                0x080002d8                I2C3_EV_IRQHandler
                0x080002d8                RTC_WKUP_IRQHandler
                0x080002d8                ETH_WKUP_IRQHandler
                0x080002d8                SPI2_IRQHandler
                0x080002d8                OTG_HS_EP1_IN_IRQHandler
                0x080002d8                DMA1_Stream0_IRQHandler
                0x080002d8                CAN1_TX_IRQHandler
                0x080002d8                EXTI4_IRQHandler
                0x080002d8                FSMC_IRQHandler
                0x080002d8                ETH_IRQHandler
                0x080002d8                OTG_HS_EP1_OUT_IRQHandler
                0x080002d8                WWDG_IRQHandler
                0x080002d8                OTG_FS_WKUP_IRQHandler
                0x080002d8                TIM1_TRG_COM_TIM11_IRQHandler
                0x080002d8                OTG_HS_IRQHandler
                0x080002d8                EXTI1_IRQHandler
                0x080002d8                USART2_IRQHandler
                0x080002d8                I2C2_ER_IRQHandler
                0x080002d8                DMA2_Stream1_IRQHandler
                0x080002d8                CAN1_SCE_IRQHandler
                0x080002d8                FLASH_IRQHandler
                0x080002d8                DMA2_Stream4_IRQHandler
                0x080002d8                SPI3_IRQHandler
                0x080002d8                DMA1_Stream4_IRQHandler
                0x080002d8                I2C1_ER_IRQHandler
                0x080002d8                DMA2_Stream6_IRQHandler
                0x080002d8                DMA1_Stream3_IRQHandler
                0x080002dc                . = ALIGN (0x4)

.inits          0x080002dc        0xc
                0x080002dc                . = ALIGN (0x4)
 *(.init)
 *(.fini)
                0x080002dc                . = ALIGN (0x4)
                0x080002dc                PROVIDE (__preinit_array_start, .)
 *(.preinit_array_sysinit .preinit_array_sysinit.*)
 *(.preinit_array_platform .preinit_array_platform.*)
 *(.preinit_array .preinit_array.*)
                0x080002dc                PROVIDE (__preinit_array_end, .)
                0x080002dc                . = ALIGN (0x4)
                0x080002dc                PROVIDE (__init_array_start, .)
 *(SORT(.init_array.*))
 *(.init_array)
 .init_array    0x080002dc        0x4 ./src/SpeedTester/speedTester.o
 .init_array    0x080002e0        0x4 ./src/PWM/pwm.o
 .init_array    0x080002e4        0x4 ./src/10DOF/IMU.o
                0x080002e8                PROVIDE (__init_array_end, .)
                0x080002e8                . = ALIGN (0x4)
                0x080002e8                PROVIDE (__fini_array_start, .)
 *(SORT(.fini_array.*))
 *(.fini_array)
                0x080002e8                PROVIDE (__fini_array_end, .)
                0x080002e8                . = ALIGN (0x4)

.flashtext      0x080002e8        0x0
                0x080002e8                . = ALIGN (0x4)
 *(.flashtext .flashtext.*)
                0x080002e8                . = ALIGN (0x4)

.text           0x080002e8     0xe086
                0x080002e8                . = ALIGN (0x4)
 *(.text .text.*)
 .text.HAL_MspInit
                0x080002e8        0x4 ./system/src/stm32f4-hal/stm32f4xx_hal.o
                0x080002e8                HAL_MspInit
 .text.HAL_Init
                0x080002ec       0x38 ./system/src/stm32f4-hal/stm32f4xx_hal.o
                0x080002ec                HAL_Init
 .text.HAL_IncTick
                0x08000324       0x10 ./system/src/stm32f4-hal/stm32f4xx_hal.o
                0x08000324                HAL_IncTick
 .text.HAL_GetTick
                0x08000334        0xc ./system/src/stm32f4-hal/stm32f4xx_hal.o
                0x08000334                HAL_GetTick
 .text.HAL_Delay
                0x08000340       0x1c ./system/src/stm32f4-hal/stm32f4xx_hal.o
                0x08000340                HAL_Delay
 .text.HAL_NVIC_SetPriorityGrouping
                0x0800035c       0x24 ./system/src/stm32f4-hal/stm32f4xx_hal_cortex.o
                0x0800035c                HAL_NVIC_SetPriorityGrouping
 .text.HAL_NVIC_SetPriority
                0x08000380       0x70 ./system/src/stm32f4-hal/stm32f4xx_hal_cortex.o
                0x08000380                HAL_NVIC_SetPriority
 .text.HAL_NVIC_EnableIRQ
                0x080003f0       0x18 ./system/src/stm32f4-hal/stm32f4xx_hal_cortex.o
                0x080003f0                HAL_NVIC_EnableIRQ
 .text.HAL_SYSTICK_Config
                0x08000408       0x38 ./system/src/stm32f4-hal/stm32f4xx_hal_cortex.o
                0x08000408                HAL_SYSTICK_Config
 .text.HAL_NVIC_ClearPendingIRQ
                0x08000440       0x1c ./system/src/stm32f4-hal/stm32f4xx_hal_cortex.o
                0x08000440                HAL_NVIC_ClearPendingIRQ
 .text.HAL_GPIO_Init
                0x0800045c      0x2e0 ./system/src/stm32f4-hal/stm32f4xx_hal_gpio.o
                0x0800045c                HAL_GPIO_Init
 .text.HAL_GPIO_WritePin
                0x0800073c        0xc ./system/src/stm32f4-hal/stm32f4xx_hal_gpio.o
                0x0800073c                HAL_GPIO_WritePin
 .text.I2C_WaitOnFlagUntilTimeout.constprop.9
                0x08000748       0x40 ./system/src/stm32f4-hal/stm32f4xx_hal_i2c.o
 .text.I2C_RequestMemoryWrite
                0x08000788      0x138 ./system/src/stm32f4-hal/stm32f4xx_hal_i2c.o
 .text.I2C_RequestMemoryRead
                0x080008c0      0x200 ./system/src/stm32f4-hal/stm32f4xx_hal_i2c.o
 .text.HAL_I2C_Mem_Write
                0x08000ac0      0x114 ./system/src/stm32f4-hal/stm32f4xx_hal_i2c.o
                0x08000ac0                HAL_I2C_Mem_Write
 .text.HAL_I2C_Mem_Read
                0x08000bd4      0x248 ./system/src/stm32f4-hal/stm32f4xx_hal_i2c.o
                0x08000bd4                HAL_I2C_Mem_Read
 .text.HAL_I2C_SlaveRxCpltCallback
                0x08000e1c        0x4 ./system/src/stm32f4-hal/stm32f4xx_hal_i2c.o
                0x08000e1c                HAL_I2C_SlaveRxCpltCallback
 .text.HAL_I2C_MemTxCpltCallback
                0x08000e20        0x4 ./system/src/stm32f4-hal/stm32f4xx_hal_i2c.o
                0x08000e20                HAL_I2C_MemTxCpltCallback
 .text.HAL_I2C_MemRxCpltCallback
                0x08000e24        0x4 ./system/src/stm32f4-hal/stm32f4xx_hal_i2c.o
                0x08000e24                HAL_I2C_MemRxCpltCallback
 .text.HAL_I2C_EV_IRQHandler
                0x08000e28      0x39c ./system/src/stm32f4-hal/stm32f4xx_hal_i2c.o
                0x08000e28                HAL_I2C_EV_IRQHandler
 .text.HAL_PCD_Init
                0x080011c4      0x40c ./system/src/stm32f4-hal/stm32f4xx_hal_pcd.o
                0x080011c4                HAL_PCD_Init
 .text.HAL_PCD_Start
                0x080015d0       0x2c ./system/src/stm32f4-hal/stm32f4xx_hal_pcd.o
                0x080015d0                HAL_PCD_Start
 .text.HAL_PCD_IRQHandler
                0x080015fc      0x518 ./system/src/stm32f4-hal/stm32f4xx_hal_pcd.o
                0x080015fc                HAL_PCD_IRQHandler
 .text.HAL_PCD_SetAddress
                0x08001b14       0x24 ./system/src/stm32f4-hal/stm32f4xx_hal_pcd.o
                0x08001b14                HAL_PCD_SetAddress
 .text.HAL_PCD_EP_Open
                0x08001b38       0x68 ./system/src/stm32f4-hal/stm32f4xx_hal_pcd.o
                0x08001b38                HAL_PCD_EP_Open
 .text.HAL_PCD_EP_Close
                0x08001ba0       0x50 ./system/src/stm32f4-hal/stm32f4xx_hal_pcd.o
                0x08001ba0                HAL_PCD_EP_Close
 .text.HAL_PCD_EP_Receive
                0x08001bf0       0x5c ./system/src/stm32f4-hal/stm32f4xx_hal_pcd.o
                0x08001bf0                HAL_PCD_EP_Receive
 .text.HAL_PCD_EP_GetRxCount
                0x08001c4c       0x14 ./system/src/stm32f4-hal/stm32f4xx_hal_pcd.o
                0x08001c4c                HAL_PCD_EP_GetRxCount
 .text.HAL_PCD_EP_Transmit
                0x08001c60       0x5c ./system/src/stm32f4-hal/stm32f4xx_hal_pcd.o
                0x08001c60                HAL_PCD_EP_Transmit
 .text.HAL_PCD_EP_SetStall
                0x08001cbc       0x64 ./system/src/stm32f4-hal/stm32f4xx_hal_pcd.o
                0x08001cbc                HAL_PCD_EP_SetStall
 .text.HAL_PCD_EP_ClrStall
                0x08001d20       0x54 ./system/src/stm32f4-hal/stm32f4xx_hal_pcd.o
                0x08001d20                HAL_PCD_EP_ClrStall
 .text.HAL_PCD_SetTxFiFo
                0x08001d74       0x4c ./system/src/stm32f4-hal/stm32f4xx_hal_pcd.o
                0x08001d74                HAL_PCD_SetTxFiFo
 .text.HAL_PCD_SetRxFiFo
                0x08001dc0        0x8 ./system/src/stm32f4-hal/stm32f4xx_hal_pcd.o
                0x08001dc0                HAL_PCD_SetRxFiFo
 .text.HAL_RCC_OscConfig
                0x08001dc8      0x33c ./system/src/stm32f4-hal/stm32f4xx_hal_rcc.o
                0x08001dc8                HAL_RCC_OscConfig
 .text.HAL_RCC_GetHCLKFreq
                0x08002104       0xbc ./system/src/stm32f4-hal/stm32f4xx_hal_rcc.o
                0x08002104                HAL_RCC_GetHCLKFreq
 .text.HAL_RCC_ClockConfig
                0x080021c0      0x1c0 ./system/src/stm32f4-hal/stm32f4xx_hal_rcc.o
                0x080021c0                HAL_RCC_ClockConfig
 .text.HAL_SPI_MspInit
                0x08002380        0x4 ./system/src/stm32f4-hal/stm32f4xx_hal_spi.o
                0x08002380                HAL_SPI_MspInit
 .text.HAL_SPI_Init
                0x08002384       0xac ./system/src/stm32f4-hal/stm32f4xx_hal_spi.o
                0x08002384                HAL_SPI_Init
 .text.HAL_SPI_Transmit
                0x08002430      0x218 ./system/src/stm32f4-hal/stm32f4xx_hal_spi.o
                0x08002430                HAL_SPI_Transmit
 .text.HAL_SPI_TransmitReceive
                0x08002648      0x420 ./system/src/stm32f4-hal/stm32f4xx_hal_spi.o
                0x08002648                HAL_SPI_TransmitReceive
 .text.HAL_SPI_Receive
                0x08002a68      0x2c8 ./system/src/stm32f4-hal/stm32f4xx_hal_spi.o
                0x08002a68                HAL_SPI_Receive
 .text.HAL_TIM_Base_MspInit
                0x08002d30        0x4 ./system/src/stm32f4-hal/stm32f4xx_hal_tim.o
                0x08002d30                HAL_TIM_Base_MspInit
 .text.HAL_TIM_Base_Init
                0x08002d34       0xe0 ./system/src/stm32f4-hal/stm32f4xx_hal_tim.o
                0x08002d34                HAL_TIM_Base_Init
 .text.HAL_TIMEx_MasterConfigSynchronization
                0x08002e14       0x48 ./system/src/stm32f4-hal/stm32f4xx_hal_tim_ex.o
                0x08002e14                HAL_TIMEx_MasterConfigSynchronization
 .text.USB_CoreInit
                0x08002e5c       0xb8 ./system/src/stm32f4-hal/stm32f4xx_ll_usb.o
                0x08002e5c                USB_CoreInit
 .text.USB_EnableGlobalInt
                0x08002f14       0x10 ./system/src/stm32f4-hal/stm32f4xx_ll_usb.o
                0x08002f14                USB_EnableGlobalInt
 .text.USB_DisableGlobalInt
                0x08002f24       0x10 ./system/src/stm32f4-hal/stm32f4xx_ll_usb.o
                0x08002f24                USB_DisableGlobalInt
 .text.USB_SetCurrentMode
                0x08002f34       0x34 ./system/src/stm32f4-hal/stm32f4xx_ll_usb.o
                0x08002f34                USB_SetCurrentMode
 .text.USB_DevInit
                0x08002f68      0x174 ./system/src/stm32f4-hal/stm32f4xx_ll_usb.o
                0x08002f68                USB_DevInit
 .text.USB_FlushTxFifo
                0x080030dc       0x24 ./system/src/stm32f4-hal/stm32f4xx_ll_usb.o
                0x080030dc                USB_FlushTxFifo
 .text.USB_GetDevSpeed
                0x08003100       0x3c ./system/src/stm32f4-hal/stm32f4xx_ll_usb.o
                0x08003100                USB_GetDevSpeed
 .text.USB_ActivateEndpoint
                0x0800313c       0x90 ./system/src/stm32f4-hal/stm32f4xx_ll_usb.o
                0x0800313c                USB_ActivateEndpoint
 .text.USB_DeactivateEndpoint
                0x080031cc       0x84 ./system/src/stm32f4-hal/stm32f4xx_ll_usb.o
                0x080031cc                USB_DeactivateEndpoint
 .text.USB_EPStartXfer
                0x08003250      0x284 ./system/src/stm32f4-hal/stm32f4xx_ll_usb.o
                0x08003250                USB_EPStartXfer
 .text.USB_EP0StartXfer
                0x080034d4      0x17c ./system/src/stm32f4-hal/stm32f4xx_ll_usb.o
                0x080034d4                USB_EP0StartXfer
 .text.USB_WritePacket
                0x08003650       0x28 ./system/src/stm32f4-hal/stm32f4xx_ll_usb.o
                0x08003650                USB_WritePacket
 .text.USB_ReadPacket
                0x08003678       0x28 ./system/src/stm32f4-hal/stm32f4xx_ll_usb.o
                0x08003678                USB_ReadPacket
 .text.USB_EPSetStall
                0x080036a0       0x40 ./system/src/stm32f4-hal/stm32f4xx_ll_usb.o
                0x080036a0                USB_EPSetStall
 .text.USB_EPClearStall
                0x080036e0       0x3c ./system/src/stm32f4-hal/stm32f4xx_ll_usb.o
                0x080036e0                USB_EPClearStall
 .text.USB_SetDevAddress
                0x0800371c       0x20 ./system/src/stm32f4-hal/stm32f4xx_ll_usb.o
                0x0800371c                USB_SetDevAddress
 .text.USB_DevConnect
                0x0800373c       0x18 ./system/src/stm32f4-hal/stm32f4xx_ll_usb.o
                0x0800373c                USB_DevConnect
 .text.USB_DevDisconnect
                0x08003754       0x18 ./system/src/stm32f4-hal/stm32f4xx_ll_usb.o
                0x08003754                USB_DevDisconnect
 .text.USB_ReadInterrupts
                0x0800376c        0x8 ./system/src/stm32f4-hal/stm32f4xx_ll_usb.o
                0x0800376c                USB_ReadInterrupts
 .text.USB_ReadDevAllOutEpInterrupt
                0x08003774       0x10 ./system/src/stm32f4-hal/stm32f4xx_ll_usb.o
                0x08003774                USB_ReadDevAllOutEpInterrupt
 .text.USB_ReadDevAllInEpInterrupt
                0x08003784       0x10 ./system/src/stm32f4-hal/stm32f4xx_ll_usb.o
                0x08003784                USB_ReadDevAllInEpInterrupt
 .text.USB_ReadDevOutEPInterrupt
                0x08003794       0x14 ./system/src/stm32f4-hal/stm32f4xx_ll_usb.o
                0x08003794                USB_ReadDevOutEPInterrupt
 .text.USB_ReadDevInEPInterrupt
                0x080037a8       0x28 ./system/src/stm32f4-hal/stm32f4xx_ll_usb.o
                0x080037a8                USB_ReadDevInEPInterrupt
 .text.USB_GetMode
                0x080037d0        0x8 ./system/src/stm32f4-hal/stm32f4xx_ll_usb.o
                0x080037d0                USB_GetMode
 .text.USB_ActivateSetup
                0x080037d8       0x38 ./system/src/stm32f4-hal/stm32f4xx_ll_usb.o
                0x080037d8                USB_ActivateSetup
 .text.USB_EP0_OutStart
                0x08003810       0x44 ./system/src/stm32f4-hal/stm32f4xx_ll_usb.o
                0x08003810                USB_EP0_OutStart
 .text._exit    0x08003854        0x4 ./system/src/newlib/_exit.o
                0x08003854                _exit
 .text._sbrk    0x08003858       0x40 ./system/src/newlib/_sbrk.o
                0x08003858                _sbrk
 .text.OTG_FS_IRQHandler
                0x08003898        0xc ./system/src/newlib/_sbrk.o
                0x08003898                OTG_FS_IRQHandler
 .text.__initialize_args
                0x080038a4       0x10 ./system/src/newlib/_syscalls.o
                0x080038a4                __initialize_args
 .text.SystemInit
                0x080038b4       0x50 ./system/src/cmsis/system_stm32f4xx.o
                0x080038b4                SystemInit
 .text._ZN11SpeedTester3ticEv
                0x08003904       0x14 ./src/SpeedTester/speedTester.o
                0x08003904                SpeedTester::tic()
 .text._ZN11SpeedTester3tocEv
                0x08003918       0x28 ./src/SpeedTester/speedTester.o
                0x08003918                SpeedTester::toc()
 .text._ZN11SpeedTester5deltaEv
                0x08003940       0x10 ./src/SpeedTester/speedTester.o
                0x08003940                SpeedTester::delta()
 .text._ZN11SpeedTester17testTimeOfSendingEm
                0x08003950       0xac ./src/SpeedTester/speedTester.o
                0x08003950                SpeedTester::testTimeOfSending(unsigned long)
 .text.startup._GLOBAL__sub_I_speedTester
                0x080039fc       0x8c ./src/SpeedTester/speedTester.o
 .text.USBD_Init
                0x08003a88       0x2c ./src/STM32_USB_Device_Library/Core/Src/usbd_core.o
                0x08003a88                USBD_Init
 .text.USBD_RegisterClass
                0x08003ab4       0x10 ./src/STM32_USB_Device_Library/Core/Src/usbd_core.o
                0x08003ab4                USBD_RegisterClass
 .text.USBD_Start
                0x08003ac4        0xc ./src/STM32_USB_Device_Library/Core/Src/usbd_core.o
                0x08003ac4                USBD_Start
 .text.USBD_SetClassConfig
                0x08003ad0       0x14 ./src/STM32_USB_Device_Library/Core/Src/usbd_core.o
                0x08003ad0                USBD_SetClassConfig
 .text.USBD_ClrClassConfig
                0x08003ae4       0x10 ./src/STM32_USB_Device_Library/Core/Src/usbd_core.o
                0x08003ae4                USBD_ClrClassConfig
 .text.USBD_LL_SetupStage
                0x08003af4       0x60 ./src/STM32_USB_Device_Library/Core/Src/usbd_core.o
                0x08003af4                USBD_LL_SetupStage
 .text.USBD_LL_DataOutStage
                0x08003b54       0x6c ./src/STM32_USB_Device_Library/Core/Src/usbd_core.o
                0x08003b54                USBD_LL_DataOutStage
 .text.USBD_LL_DataInStage
                0x08003bc0       0x94 ./src/STM32_USB_Device_Library/Core/Src/usbd_core.o
                0x08003bc0                USBD_LL_DataInStage
 .text.USBD_LL_Reset
                0x08003c54       0x40 ./src/STM32_USB_Device_Library/Core/Src/usbd_core.o
                0x08003c54                USBD_LL_Reset
 .text.USBD_LL_SetSpeed
                0x08003c94        0x8 ./src/STM32_USB_Device_Library/Core/Src/usbd_core.o
                0x08003c94                USBD_LL_SetSpeed
 .text.USBD_LL_Suspend
                0x08003c9c       0x14 ./src/STM32_USB_Device_Library/Core/Src/usbd_core.o
                0x08003c9c                USBD_LL_Suspend
 .text.USBD_LL_Resume
                0x08003cb0       0x10 ./src/STM32_USB_Device_Library/Core/Src/usbd_core.o
                0x08003cb0                USBD_LL_Resume
 .text.USBD_LL_SOF
                0x08003cc0       0x20 ./src/STM32_USB_Device_Library/Core/Src/usbd_core.o
                0x08003cc0                USBD_LL_SOF
 .text.USBD_LL_IsoINIncomplete
                0x08003ce0        0x4 ./src/STM32_USB_Device_Library/Core/Src/usbd_core.o
                0x08003ce0                USBD_LL_IsoINIncomplete
 .text.USBD_LL_IsoOUTIncomplete
                0x08003ce4        0x4 ./src/STM32_USB_Device_Library/Core/Src/usbd_core.o
                0x08003ce4                USBD_LL_IsoOUTIncomplete
 .text.USBD_LL_DevConnected
                0x08003ce8        0x4 ./src/STM32_USB_Device_Library/Core/Src/usbd_core.o
                0x08003ce8                USBD_LL_DevConnected
 .text.USBD_LL_DevDisconnected
                0x08003cec       0x18 ./src/STM32_USB_Device_Library/Core/Src/usbd_core.o
                0x08003cec                USBD_LL_DevDisconnected
 .text.USBD_StdDevReq
                0x08003d04      0x2a0 ./src/STM32_USB_Device_Library/Core/Src/usbd_ctlreq.o
                0x08003d04                USBD_StdDevReq
 .text.USBD_StdItfReq
                0x08003fa4       0x3c ./src/STM32_USB_Device_Library/Core/Src/usbd_ctlreq.o
                0x08003fa4                USBD_StdItfReq
 .text.USBD_StdEPReq
                0x08003fe0       0xb4 ./src/STM32_USB_Device_Library/Core/Src/usbd_ctlreq.o
                0x08003fe0                USBD_StdEPReq
 .text.USBD_ParseSetupRequest
                0x08004094       0x28 ./src/STM32_USB_Device_Library/Core/Src/usbd_ctlreq.o
                0x08004094                USBD_ParseSetupRequest
 .text.USBD_GetString
                0x080040bc       0x4c ./src/STM32_USB_Device_Library/Core/Src/usbd_ctlreq.o
                0x080040bc                USBD_GetString
 .text.USBD_CtlSendData
                0x08004108       0x1c ./src/STM32_USB_Device_Library/Core/Src/usbd_ioreq.o
                0x08004108                USBD_CtlSendData
 .text.USBD_CtlContinueSendData
                0x08004124       0x10 ./src/STM32_USB_Device_Library/Core/Src/usbd_ioreq.o
                0x08004124                USBD_CtlContinueSendData
 .text.USBD_CtlPrepareRx
                0x08004134       0x20 ./src/STM32_USB_Device_Library/Core/Src/usbd_ioreq.o
                0x08004134                USBD_CtlPrepareRx
 .text.USBD_CtlContinueRx
                0x08004154       0x10 ./src/STM32_USB_Device_Library/Core/Src/usbd_ioreq.o
                0x08004154                USBD_CtlContinueRx
 .text.USBD_CtlSendStatus
                0x08004164       0x18 ./src/STM32_USB_Device_Library/Core/Src/usbd_ioreq.o
                0x08004164                USBD_CtlSendStatus
 .text.USBD_CtlReceiveStatus
                0x0800417c       0x18 ./src/STM32_USB_Device_Library/Core/Src/usbd_ioreq.o
                0x0800417c                USBD_CtlReceiveStatus
 .text.USBD_CDC_DataIn
                0x08004194       0x14 ./src/STM32_USB_Device_Library/Class/CDC/Src/usbd_cdc.o
 .text.USBD_CDC_EP0_RxReady
                0x080041a8       0x28 ./src/STM32_USB_Device_Library/Class/CDC/Src/usbd_cdc.o
 .text.USBD_CDC_GetFSCfgDesc
                0x080041d0        0xc ./src/STM32_USB_Device_Library/Class/CDC/Src/usbd_cdc.o
 .text.USBD_CDC_GetHSCfgDesc
                0x080041dc        0xc ./src/STM32_USB_Device_Library/Class/CDC/Src/usbd_cdc.o
 .text.USBD_CDC_GetOtherSpeedCfgDesc
                0x080041e8        0xc ./src/STM32_USB_Device_Library/Class/CDC/Src/usbd_cdc.o
 .text.USBD_CDC_GetDeviceQualifierDescriptor
                0x080041f4        0xc ./src/STM32_USB_Device_Library/Class/CDC/Src/usbd_cdc.o
                0x080041f4                USBD_CDC_GetDeviceQualifierDescriptor
 .text.USBD_CDC_DataOut
                0x08004200       0x30 ./src/STM32_USB_Device_Library/Class/CDC/Src/usbd_cdc.o
 .text.USBD_CDC_Setup
                0x08004230       0x60 ./src/STM32_USB_Device_Library/Class/CDC/Src/usbd_cdc.o
 .text.USBD_CDC_DeInit
                0x08004290       0x3c ./src/STM32_USB_Device_Library/Class/CDC/Src/usbd_cdc.o
 .text.USBD_CDC_Init
                0x080042cc       0x8c ./src/STM32_USB_Device_Library/Class/CDC/Src/usbd_cdc.o
 .text.USBD_CDC_RegisterInterface
                0x08004358       0x10 ./src/STM32_USB_Device_Library/Class/CDC/Src/usbd_cdc.o
                0x08004358                USBD_CDC_RegisterInterface
 .text.USBD_CDC_SetTxBuffer
                0x08004368       0x10 ./src/STM32_USB_Device_Library/Class/CDC/Src/usbd_cdc.o
                0x08004368                USBD_CDC_SetTxBuffer
 .text.USBD_CDC_SetRxBuffer
                0x08004378        0xc ./src/STM32_USB_Device_Library/Class/CDC/Src/usbd_cdc.o
                0x08004378                USBD_CDC_SetRxBuffer
 .text.USBD_CDC_TransmitPacket
                0x08004384       0x30 ./src/STM32_USB_Device_Library/Class/CDC/Src/usbd_cdc.o
                0x08004384                USBD_CDC_TransmitPacket
 .text.USBD_CDC_ReceivePacket
                0x080043b4       0x2c ./src/STM32_USB_Device_Library/Class/CDC/Src/usbd_cdc.o
                0x080043b4                USBD_CDC_ReceivePacket
 .text.TEMPLATE_DeInit
                0x080043e0        0x4 ./src/STM32_USB_Device_Library/Class/CDC/Src/usbd_cdc_if_template.o
 .text.TEMPLATE_Receive
                0x080043e4       0xd4 ./src/STM32_USB_Device_Library/Class/CDC/Src/usbd_cdc_if_template.o
 .text.TEMPLATE_Init
                0x080044b8       0x40 ./src/STM32_USB_Device_Library/Class/CDC/Src/usbd_cdc_if_template.o
 .text.TEMPLATE_Control
                0x080044f8       0x64 ./src/STM32_USB_Device_Library/Class/CDC/Src/usbd_cdc_if_template.o
 .text.VCP_write
                0x0800455c       0x58 ./src/STM32_USB_Device_Library/Class/CDC/Src/usbd_cdc_if_template.o
                0x0800455c                VCP_write
 .text.VCP_StringWrite
                0x080045b4       0x64 ./src/STM32_USB_Device_Library/Class/CDC/Src/usbd_cdc_if_template.o
                0x080045b4                VCP_StringWrite
 .text.VCP_Flush
                0x08004618       0x34 ./src/STM32_USB_Device_Library/Class/CDC/Src/usbd_cdc_if_template.o
                0x08004618                VCP_Flush
 .text.VCP_StartWriteAndWaitTillEnd
                0x0800464c       0x34 ./src/STM32_USB_Device_Library/Class/CDC/Src/usbd_cdc_if_template.o
                0x0800464c                VCP_StartWriteAndWaitTillEnd
 .text._Z15disk_initializeh
                0x08004680        0xc ./src/SDCard/fatfs/diskio.o
                0x08004680                disk_initialize(unsigned char)
 .text._Z11disk_statush
                0x0800468c        0xc ./src/SDCard/fatfs/diskio.o
                0x0800468c                disk_status(unsigned char)
 .text._Z9disk_readhPhmj
                0x08004698       0x10 ./src/SDCard/fatfs/diskio.o
                0x08004698                disk_read(unsigned char, unsigned char*, unsigned long, unsigned int)
 .text._Z10disk_writehPKhmj
                0x080046a8       0x14 ./src/SDCard/fatfs/diskio.o
                0x080046a8                disk_write(unsigned char, unsigned char const*, unsigned long, unsigned int)
 .text._Z10disk_ioctlhhPv
                0x080046bc       0x10 ./src/SDCard/fatfs/diskio.o
                0x080046bc                disk_ioctl(unsigned char, unsigned char, void*)
 .text.get_fattime
                0x080046cc        0x8 ./src/SDCard/fatfs/diskio.o
                0x080046cc                get_fattime
 .text._ZN3SPI11TM_SPI_SendEh.constprop.4
                0x080046d4       0x34 ./src/SDCard/fatfs/drivers_fatfs_sd.o
 .text.unlikely._ZL14xmit_datablockPKhh.part.1
                0x08004708       0x1c ./src/SDCard/fatfs/drivers_fatfs_sd.o
 .text._ZL14rcvr_datablockPhj
                0x08004724       0xb4 ./src/SDCard/fatfs/drivers_fatfs_sd.o
 .text._ZL8send_cmdhm
                0x080047d8      0x228 ./src/SDCard/fatfs/drivers_fatfs_sd.o
 .text._Z8testInitv
                0x08004a00      0x180 ./src/SDCard/fatfs/drivers_fatfs_sd.o
                0x08004a00                testInit()
 .text._Z23testBinaryCommunicationv
                0x08004b80      0x2c0 ./src/SDCard/fatfs/drivers_fatfs_sd.o
                0x08004b80                testBinaryCommunication()
 .text._Z27TM_FATFS_SD_disk_initializev
                0x08004e40      0x2c8 ./src/SDCard/fatfs/drivers_fatfs_sd.o
                0x08004e40                TM_FATFS_SD_disk_initialize()
 .text._Z23TM_FATFS_SD_disk_statusv
                0x08005108       0x14 ./src/SDCard/fatfs/drivers_fatfs_sd.o
                0x08005108                TM_FATFS_SD_disk_status()
 .text._Z21TM_FATFS_SD_disk_readPhmj
                0x0800511c       0xb0 ./src/SDCard/fatfs/drivers_fatfs_sd.o
                0x0800511c                TM_FATFS_SD_disk_read(unsigned char*, unsigned long, unsigned int)
 .text._Z22TM_FATFS_SD_disk_writePKhmj
                0x080051cc      0x214 ./src/SDCard/fatfs/drivers_fatfs_sd.o
                0x080051cc                TM_FATFS_SD_disk_write(unsigned char const*, unsigned long, unsigned int)
 .text._Z22TM_FATFS_SD_disk_ioctlhPv
                0x080053e0      0x338 ./src/SDCard/fatfs/drivers_fatfs_sd.o
                0x080053e0                TM_FATFS_SD_disk_ioctl(unsigned char, void*)
 .text._ZL11sync_windowP5FATFS.part.3
                0x08005718       0x4c ./src/SDCard/fatfs/ff.o
 .text._ZL11move_windowP5FATFSm
                0x08005764       0x70 ./src/SDCard/fatfs/ff.o
 .text._ZL7sync_fsP5FATFS
                0x080057d4      0x110 ./src/SDCard/fatfs/ff.o
 .text._ZL11find_volumePP5FATFSPPKch
                0x080058e4      0x4e4 ./src/SDCard/fatfs/ff.o
 .text._Z7put_fatP5FATFSmm.part.8
                0x08005dc8      0x29c ./src/SDCard/fatfs/ff.o
 .text._ZL12remove_chainP5FATFSm.part.10
                0x08006064      0x27c ./src/SDCard/fatfs/ff.o
 .text._Z7get_fatP5FATFSm.part.6
                0x080062e0      0x24c ./src/SDCard/fatfs/ff.o
 .text._ZL7dir_sdiP3DIRj
                0x0800652c       0xa0 ./src/SDCard/fatfs/ff.o
 .text._ZL12create_chainP5FATFSm
                0x080065cc      0x330 ./src/SDCard/fatfs/ff.o
 .text._ZL12dir_registerP3DIR
                0x080068fc      0x2a4 ./src/SDCard/fatfs/ff.o
 .text._ZL11follow_pathP3DIRPKc
                0x08006ba0      0x398 ./src/SDCard/fatfs/ff.o
 .text.f_mount  0x08006f38       0x84 ./src/SDCard/fatfs/ff.o
                0x08006f38                f_mount
 .text.f_open   0x08006fbc      0x69c ./src/SDCard/fatfs/ff.o
                0x08006fbc                f_open
 .text.f_write  0x08007658      0x2b0 ./src/SDCard/fatfs/ff.o
                0x08007658                f_write
 .text.f_close  0x08007908      0x148 ./src/SDCard/fatfs/ff.o
                0x08007908                f_close
 .text.f_getfree
                0x08007a50      0x170 ./src/SDCard/fatfs/ff.o
                0x08007a50                f_getfree
 .text.f_rename
                0x08007bc0      0x268 ./src/SDCard/fatfs/ff.o
                0x08007bc0                f_rename
 .text.f_puts   0x08007e28       0xb4 ./src/SDCard/fatfs/ff.o
                0x08007e28                f_puts
 .text.testSD   0x08007edc       0xf4 ./src/SDCard/tm_stm32f4_fatfs.o
                0x08007edc                testSD
 .text.startup._GLOBAL__sub_I_pwm
                0x08007fd0       0x14 ./src/PWM/pwm.o
 .text._ZN8NokiaLCD14LCD_write_byteEhh.constprop.4
                0x08007fe4       0x80 ./src/NokiaLCD/nokiaLCD.o
 .text._ZN8NokiaLCD14LCD_write_byteEhh.constprop.5
                0x08008064       0x94 ./src/NokiaLCD/nokiaLCD.o
 .text._ZN8NokiaLCD5ClearEv
                0x080080f8       0x18 ./src/NokiaLCD/nokiaLCD.o
                0x080080f8                NokiaLCD::Clear()
 .text._ZN8NokiaLCD14LCD_write_byteEhh
                0x08008110       0xa8 ./src/NokiaLCD/nokiaLCD.o
                0x08008110                NokiaLCD::LCD_write_byte(unsigned char, unsigned char)
 .text._ZN8NokiaLCD11WriteTextXYEPchh
                0x080081b8       0x60 ./src/NokiaLCD/nokiaLCD.o
                0x080081b8                NokiaLCD::WriteTextXY(char*, unsigned char, unsigned char)
 .text._Z19GPS_SendCrucialDatav
                0x08008218       0x34 ./src/GPS/gps.o
                0x08008218                GPS_SendCrucialData()
 .text._Z9GPS_ParseP9gpsData_tPhh
                0x0800824c      0x538 ./src/GPS/gps.o
                0x0800824c                GPS_Parse(gpsData_t*, unsigned char*, unsigned char)
 .text._Z19GPS_PushCharToFrameh
                0x08008784       0xf4 ./src/GPS/gps.o
                0x08008784                GPS_PushCharToFrame(unsigned char)
 .text.USART1_IRQHandler
                0x08008878      0x12c ./src/GPS/gps.o
                0x08008878                USART1_IRQHandler
 .text.EXTI9_5_IRQHandler
                0x080089a4       0x98 ./src/GPIO/gpio.o
                0x080089a4                EXTI9_5_IRQHandler
 .text.TIM4_IRQHandler
                0x08008a3c       0x94 ./src/GPIO/gpio.o
                0x08008a3c                TIM4_IRQHandler
 .text.SysTick_Handler
                0x08008ad0       0x28 ./src/Delay/delay.o
                0x08008ad0                SysTick_Handler
 .text._ZN6KalmanC2Ev
                0x08008af8       0x30 ./src/10DOF/Filters/Kalman.o
                0x08008af8                Kalman::Kalman()
                0x08008af8                Kalman::Kalman()
 .text._ZN6Kalman14stepOldVersionEfff
                0x08008b28       0xa8 ./src/10DOF/Filters/Kalman.o
                0x08008b28                Kalman::stepOldVersion(float, float, float)
 .text._Z19MahonyAHRSupdateIMUffffff
                0x08008bd0      0x2cc ./src/10DOF/Filters/MahonyAHRS.o
                0x08008bd0                MahonyAHRSupdateIMU(float, float, float, float, float, float)
 .text._Z16MahonyAHRSupdatefffffffff
                0x08008e9c      0x4d8 ./src/10DOF/Filters/MahonyAHRS.o
                0x08008e9c                MahonyAHRSupdate(float, float, float, float, float, float, float, float, float)
 .text._Z13MahonyToEulerPf
                0x08009374       0xe0 ./src/10DOF/Filters/MahonyAHRS.o
                0x08009374                MahonyToEuler(float*)
 .text.I2C1_EV_IRQHandler
                0x08009454       0x18 ./src/10DOF/I2C.o
                0x08009454                I2C1_EV_IRQHandler
 .text.HAL_I2C_MasterTxCpltCallback
                0x0800946c        0x4 ./src/10DOF/I2C.o
                0x0800946c                HAL_I2C_MasterTxCpltCallback
 .text.HAL_I2C_MasterRxCpltCallback
                0x08009470        0x4 ./src/10DOF/I2C.o
                0x08009470                HAL_I2C_MasterRxCpltCallback
 .text._ZN3IMU23sendMahonyViaVirtualComEv
                0x08009474       0x60 ./src/10DOF/IMU.o
                0x08009474                IMU::sendMahonyViaVirtualCom()
 .text._ZN3IMU22sendAngleViaVirtualComEv
                0x080094d4       0x98 ./src/10DOF/IMU.o
                0x080094d4                IMU::sendAngleViaVirtualCom()
 .text._ZN3IMU20requestDataGatheringEt
                0x0800956c       0x24 ./src/10DOF/IMU.o
                0x0800956c                IMU::requestDataGathering(unsigned short)
 .text._ZN3IMU23sendGatheredDataViaVCOMEv
                0x08009590       0xdc ./src/10DOF/IMU.o
                0x08009590                IMU::sendGatheredDataViaVCOM()
 .text._ZN3IMU29calibrateGyroAndAccStationaryEv
                0x0800966c       0x48 ./src/10DOF/IMU.o
                0x0800966c                IMU::calibrateGyroAndAccStationary()
 .text._ZN3IMUC2Ev
                0x080096b4       0x68 ./src/10DOF/IMU.o
                0x080096b4                IMU::IMU()
                0x080096b4                IMU::IMU()
 .text._ZN3IMU10computeYawEv
                0x0800971c       0xd8 ./src/10DOF/IMU.o
                0x0800971c                IMU::computeYaw()
 *fill*         0x080097f4        0x4 
 .text._ZN3IMU20computePitchRollTiltEv
                0x080097f8      0x190 ./src/10DOF/IMU.o
                0x080097f8                IMU::computePitchRollTilt()
 .text._ZN3IMU11timerActionEv
                0x08009988      0x330 ./src/10DOF/IMU.o
                0x08009988                IMU::timerAction()
 .text.TIM3_IRQHandler
                0x08009cb8      0x368 ./src/10DOF/IMU.o
                0x08009cb8                TIM3_IRQHandler
 .text.startup._GLOBAL__sub_I_imu10DOF
                0x0800a020        0xc ./src/10DOF/IMU.o
 *fill*         0x0800a02c        0x4 
 .text._ZN7ADXL34519calibrateStationaryEt
                0x0800a030      0x1a0 ./src/10DOF/adxl345.o
                0x0800a030                ADXL345::calibrateStationary(unsigned short)
 .text._ZN7ADXL3456updateEv
                0x0800a1d0       0x94 ./src/10DOF/adxl345.o
                0x0800a1d0                ADXL345::update()
 .text._ZN6BMP085C2Ev
                0x0800a264       0x34 ./src/10DOF/bmp085.o
                0x0800a264                BMP085::BMP085()
                0x0800a264                BMP085::BMP085()
 .text._ZN8HMC5883L6updateEv
                0x0800a298      0x11c ./src/10DOF/hmc5883l.o
                0x0800a298                HMC5883L::update()
 .text._ZN8HMC5883LC2Ev
                0x0800a3b4       0x24 ./src/10DOF/hmc5883l.o
                0x0800a3b4                HMC5883L::HMC5883L()
                0x0800a3b4                HMC5883L::HMC5883L()
 .text._ZN7ITG320019calibrateStationaryEt
                0x0800a3d8      0x118 ./src/10DOF/itg3200.o
                0x0800a3d8                ITG3200::calibrateStationary(unsigned short)
 .text._ZN7ITG32006updateEv
                0x0800a4f0       0xc0 ./src/10DOF/itg3200.o
                0x0800a4f0                ITG3200::update()
 .text.__initialize_hardware
                0x0800a5b0       0x84 ./src/_initialize_hardware.o
                0x0800a5b0                __initialize_hardware
 .text._ZN8NokiaLCDC2Ev
                0x0800a634      0x144 ./src/main.o
                0x0800a634                NokiaLCD::NokiaLCD()
                0x0800a634                NokiaLCD::NokiaLCD()
 .text.startup.main
                0x0800a778       0xe8 ./src/main.o
                0x0800a778                main
 .text.doFrameAction
                0x0800a860      0x1ac ./src/main.o
                0x0800a860                doFrameAction
 .text.HAL_PCD_MspInit
                0x0800aa0c      0x17c ./src/usbd_conf.o
                0x0800aa0c                HAL_PCD_MspInit
 .text.HAL_PCD_SetupStageCallback
                0x0800ab88        0xc ./src/usbd_conf.o
                0x0800ab88                HAL_PCD_SetupStageCallback
 .text.HAL_PCD_DataOutStageCallback
                0x0800ab94       0x14 ./src/usbd_conf.o
                0x0800ab94                HAL_PCD_DataOutStageCallback
 .text.HAL_PCD_DataInStageCallback
                0x0800aba8       0x14 ./src/usbd_conf.o
                0x0800aba8                HAL_PCD_DataInStageCallback
 .text.HAL_PCD_SOFCallback
                0x0800abbc        0x8 ./src/usbd_conf.o
                0x0800abbc                HAL_PCD_SOFCallback
 .text.HAL_PCD_ResetCallback
                0x0800abc4       0x20 ./src/usbd_conf.o
                0x0800abc4                HAL_PCD_ResetCallback
 .text.HAL_PCD_SuspendCallback
                0x0800abe4        0x8 ./src/usbd_conf.o
                0x0800abe4                HAL_PCD_SuspendCallback
 .text.HAL_PCD_ResumeCallback
                0x0800abec        0x8 ./src/usbd_conf.o
                0x0800abec                HAL_PCD_ResumeCallback
 .text.HAL_PCD_ISOOUTIncompleteCallback
                0x0800abf4        0x8 ./src/usbd_conf.o
                0x0800abf4                HAL_PCD_ISOOUTIncompleteCallback
 .text.HAL_PCD_ISOINIncompleteCallback
                0x0800abfc        0x8 ./src/usbd_conf.o
                0x0800abfc                HAL_PCD_ISOINIncompleteCallback
 .text.HAL_PCD_ConnectCallback
                0x0800ac04        0x8 ./src/usbd_conf.o
                0x0800ac04                HAL_PCD_ConnectCallback
 .text.HAL_PCD_DisconnectCallback
                0x0800ac0c        0x8 ./src/usbd_conf.o
                0x0800ac0c                HAL_PCD_DisconnectCallback
 .text.USBD_LL_Init
                0x0800ac14       0x60 ./src/usbd_conf.o
                0x0800ac14                USBD_LL_Init
 .text.USBD_LL_Start
                0x0800ac74       0x10 ./src/usbd_conf.o
                0x0800ac74                USBD_LL_Start
 .text.USBD_LL_OpenEP
                0x0800ac84       0x14 ./src/usbd_conf.o
                0x0800ac84                USBD_LL_OpenEP
 .text.USBD_LL_CloseEP
                0x0800ac98       0x10 ./src/usbd_conf.o
                0x0800ac98                USBD_LL_CloseEP
 .text.USBD_LL_StallEP
                0x0800aca8       0x10 ./src/usbd_conf.o
                0x0800aca8                USBD_LL_StallEP
 .text.USBD_LL_ClearStallEP
                0x0800acb8       0x10 ./src/usbd_conf.o
                0x0800acb8                USBD_LL_ClearStallEP
 .text.USBD_LL_IsStallEP
                0x0800acc8       0x28 ./src/usbd_conf.o
                0x0800acc8                USBD_LL_IsStallEP
 .text.USBD_LL_SetUSBAddress
                0x0800acf0       0x10 ./src/usbd_conf.o
                0x0800acf0                USBD_LL_SetUSBAddress
 .text.USBD_LL_Transmit
                0x0800ad00       0x10 ./src/usbd_conf.o
                0x0800ad00                USBD_LL_Transmit
 .text.USBD_LL_PrepareReceive
                0x0800ad10       0x10 ./src/usbd_conf.o
                0x0800ad10                USBD_LL_PrepareReceive
 .text.USBD_LL_GetRxDataSize
                0x0800ad20        0xc ./src/usbd_conf.o
                0x0800ad20                USBD_LL_GetRxDataSize
 .text.USBD_VCP_DeviceDescriptor
                0x0800ad2c        0xc ./src/usbd_desc.o
                0x0800ad2c                USBD_VCP_DeviceDescriptor
 .text.USBD_VCP_LangIDStrDescriptor
                0x0800ad38        0xc ./src/usbd_desc.o
                0x0800ad38                USBD_VCP_LangIDStrDescriptor
 .text.USBD_VCP_ManufacturerStrDescriptor
                0x0800ad44       0x1c ./src/usbd_desc.o
                0x0800ad44                USBD_VCP_ManufacturerStrDescriptor
 .text.USBD_VCP_ProductStrDescriptor
                0x0800ad60       0x2c ./src/usbd_desc.o
                0x0800ad60                USBD_VCP_ProductStrDescriptor
 .text.USBD_VCP_ConfigStrDescriptor
                0x0800ad8c       0x1c ./src/usbd_desc.o
                0x0800ad8c                USBD_VCP_ConfigStrDescriptor
 .text.USBD_VCP_InterfaceStrDescriptor
                0x0800ada8       0x1c ./src/usbd_desc.o
                0x0800ada8                USBD_VCP_InterfaceStrDescriptor
 .text.USBD_VCP_SerialStrDescriptor
                0x0800adc4      0x11c ./src/usbd_desc.o
                0x0800adc4                USBD_VCP_SerialStrDescriptor
 .text.arm_sin_f32
                0x0800aee0       0xdc ../ldscripts\libarm_cortexM4lf_math.a(arm_sin_f32.o)
                0x0800aee0                arm_sin_f32
 .text.arm_cos_f32
                0x0800afbc       0xdc ../ldscripts\libarm_cortexM4lf_math.a(arm_cos_f32.o)
                0x0800afbc                arm_cos_f32
 .text.atan2    0x0800b098        0x4 c:/program files (x86)/gnu tools arm embedded/4.8 2014q2/bin/../lib/gcc/arm-none-eabi/4.8.4/../../../../arm-none-eabi/lib/armv7e-m/fpu\libm.a(lib_a-w_atan2.o)
                0x0800b098                atan2
 .text.sqrt     0x0800b09c       0xbc c:/program files (x86)/gnu tools arm embedded/4.8 2014q2/bin/../lib/gcc/arm-none-eabi/4.8.4/../../../../arm-none-eabi/lib/armv7e-m/fpu\libm.a(lib_a-w_sqrt.o)
                0x0800b09c                sqrt
 .text.asinf    0x0800b158       0xbc c:/program files (x86)/gnu tools arm embedded/4.8 2014q2/bin/../lib/gcc/arm-none-eabi/4.8.4/../../../../arm-none-eabi/lib/armv7e-m/fpu\libm.a(lib_a-wf_asin.o)
                0x0800b158                asinf
 .text.atan2f   0x0800b214        0x4 c:/program files (x86)/gnu tools arm embedded/4.8 2014q2/bin/../lib/gcc/arm-none-eabi/4.8.4/../../../../arm-none-eabi/lib/armv7e-m/fpu\libm.a(lib_a-wf_atan2.o)
                0x0800b214                atan2f
 .text.sqrtf    0x0800b218       0xb8 c:/program files (x86)/gnu tools arm embedded/4.8 2014q2/bin/../lib/gcc/arm-none-eabi/4.8.4/../../../../arm-none-eabi/lib/armv7e-m/fpu\libm.a(lib_a-wf_sqrt.o)
                0x0800b218                sqrtf
 .text.__ieee754_atan2
                0x0800b2d0      0x1e8 c:/program files (x86)/gnu tools arm embedded/4.8 2014q2/bin/../lib/gcc/arm-none-eabi/4.8.4/../../../../arm-none-eabi/lib/armv7e-m/fpu\libm.a(lib_a-e_atan2.o)
                0x0800b2d0                __ieee754_atan2
 .text.__ieee754_sqrt
                0x0800b4b8      0x198 c:/program files (x86)/gnu tools arm embedded/4.8 2014q2/bin/../lib/gcc/arm-none-eabi/4.8.4/../../../../arm-none-eabi/lib/armv7e-m/fpu\libm.a(lib_a-e_sqrt.o)
                0x0800b4b8                __ieee754_sqrt
 .text.__ieee754_asinf
                0x0800b650      0x210 c:/program files (x86)/gnu tools arm embedded/4.8 2014q2/bin/../lib/gcc/arm-none-eabi/4.8.4/../../../../arm-none-eabi/lib/armv7e-m/fpu\libm.a(lib_a-ef_asin.o)
                0x0800b650                __ieee754_asinf
 .text.__ieee754_atan2f
                0x0800b860      0x164 c:/program files (x86)/gnu tools arm embedded/4.8 2014q2/bin/../lib/gcc/arm-none-eabi/4.8.4/../../../../arm-none-eabi/lib/armv7e-m/fpu\libm.a(lib_a-ef_atan2.o)
                0x0800b860                __ieee754_atan2f
 .text.__ieee754_sqrtf
                0x0800b9c4       0xa4 c:/program files (x86)/gnu tools arm embedded/4.8 2014q2/bin/../lib/gcc/arm-none-eabi/4.8.4/../../../../arm-none-eabi/lib/armv7e-m/fpu\libm.a(lib_a-ef_sqrt.o)
                0x0800b9c4                __ieee754_sqrtf
 .text.atan     0x0800ba68      0x378 c:/program files (x86)/gnu tools arm embedded/4.8 2014q2/bin/../lib/gcc/arm-none-eabi/4.8.4/../../../../arm-none-eabi/lib/armv7e-m/fpu\libm.a(lib_a-s_atan.o)
                0x0800ba68                atan
 .text.fabs     0x0800bde0       0x14 c:/program files (x86)/gnu tools arm embedded/4.8 2014q2/bin/../lib/gcc/arm-none-eabi/4.8.4/../../../../arm-none-eabi/lib/armv7e-m/fpu\libm.a(lib_a-s_fabs.o)
                0x0800bde0                fabs
 .text.__fpclassifyd
                0x0800bdf4       0x54 c:/program files (x86)/gnu tools arm embedded/4.8 2014q2/bin/../lib/gcc/arm-none-eabi/4.8.4/../../../../arm-none-eabi/lib/armv7e-m/fpu\libm.a(lib_a-s_fpclassify.o)
                0x0800bdf4                __fpclassifyd
 .text.matherr  0x0800be48        0x4 c:/program files (x86)/gnu tools arm embedded/4.8 2014q2/bin/../lib/gcc/arm-none-eabi/4.8.4/../../../../arm-none-eabi/lib/armv7e-m/fpu\libm.a(lib_a-s_matherr.o)
                0x0800be48                matherr
 *fill*         0x0800be4c        0x4 
 .text.nan      0x0800be50       0x10 c:/program files (x86)/gnu tools arm embedded/4.8 2014q2/bin/../lib/gcc/arm-none-eabi/4.8.4/../../../../arm-none-eabi/lib/armv7e-m/fpu\libm.a(lib_a-s_nan.o)
                0x0800be50                nan
 .text.atanf    0x0800be60      0x1b0 c:/program files (x86)/gnu tools arm embedded/4.8 2014q2/bin/../lib/gcc/arm-none-eabi/4.8.4/../../../../arm-none-eabi/lib/armv7e-m/fpu\libm.a(lib_a-sf_atan.o)
                0x0800be60                atanf
 .text.fabsf    0x0800c010       0x10 c:/program files (x86)/gnu tools arm embedded/4.8 2014q2/bin/../lib/gcc/arm-none-eabi/4.8.4/../../../../arm-none-eabi/lib/armv7e-m/fpu\libm.a(lib_a-sf_fabs.o)
                0x0800c010                fabsf
 .text.__fpclassifyf
                0x0800c020       0x38 c:/program files (x86)/gnu tools arm embedded/4.8 2014q2/bin/../lib/gcc/arm-none-eabi/4.8.4/../../../../arm-none-eabi/lib/armv7e-m/fpu\libm.a(lib_a-sf_fpclassify.o)
                0x0800c020                __fpclassifyf
 .text          0x0800c058      0x370 c:/program files (x86)/gnu tools arm embedded/4.8 2014q2/bin/../lib/gcc/arm-none-eabi/4.8.4/armv7e-m/fpu\libgcc.a(_arm_addsubdf3.o)
                0x0800c058                __aeabi_drsub
                0x0800c060                __aeabi_dsub
                0x0800c060                __subdf3
                0x0800c064                __aeabi_dadd
                0x0800c064                __adddf3
                0x0800c2dc                __floatunsidf
                0x0800c2dc                __aeabi_ui2d
                0x0800c2fc                __floatsidf
                0x0800c2fc                __aeabi_i2d
                0x0800c320                __aeabi_f2d
                0x0800c320                __extendsfdf2
                0x0800c35c                __floatundidf
                0x0800c35c                __aeabi_ul2d
                0x0800c36c                __floatdidf
                0x0800c36c                __aeabi_l2d
 .text          0x0800c3c8      0x424 c:/program files (x86)/gnu tools arm embedded/4.8 2014q2/bin/../lib/gcc/arm-none-eabi/4.8.4/armv7e-m/fpu\libgcc.a(_arm_muldivdf3.o)
                0x0800c3c8                __aeabi_dmul
                0x0800c3c8                __muldf3
                0x0800c61c                __divdf3
                0x0800c61c                __aeabi_ddiv
 .text          0x0800c7ec      0x110 c:/program files (x86)/gnu tools arm embedded/4.8 2014q2/bin/../lib/gcc/arm-none-eabi/4.8.4/armv7e-m/fpu\libgcc.a(_arm_cmpdf2.o)
                0x0800c7ec                __gtdf2
                0x0800c7ec                __gedf2
                0x0800c7f4                __ltdf2
                0x0800c7f4                __ledf2
                0x0800c7fc                __nedf2
                0x0800c7fc                __eqdf2
                0x0800c7fc                __cmpdf2
                0x0800c878                __aeabi_cdrcmple
                0x0800c888                __aeabi_cdcmpeq
                0x0800c888                __aeabi_cdcmple
                0x0800c898                __aeabi_dcmpeq
                0x0800c8ac                __aeabi_dcmplt
                0x0800c8c0                __aeabi_dcmple
                0x0800c8d4                __aeabi_dcmpge
                0x0800c8e8                __aeabi_dcmpgt
 .text          0x0800c8fc       0xa0 c:/program files (x86)/gnu tools arm embedded/4.8 2014q2/bin/../lib/gcc/arm-none-eabi/4.8.4/armv7e-m/fpu\libgcc.a(_arm_truncdfsf2.o)
                0x0800c8fc                __truncdfsf2
                0x0800c8fc                __aeabi_d2f
 .text.__errno  0x0800c99c        0xc c:/program files (x86)/gnu tools arm embedded/4.8 2014q2/bin/../lib/gcc/arm-none-eabi/4.8.4/../../../../arm-none-eabi/lib/armv7e-m/fpu\libg_s.a(lib_a-errno.o)
                0x0800c99c                __errno
 .text.malloc   0x0800c9a8       0x10 c:/program files (x86)/gnu tools arm embedded/4.8 2014q2/bin/../lib/gcc/arm-none-eabi/4.8.4/../../../../arm-none-eabi/lib/armv7e-m/fpu\libg_s.a(lib_a-malloc.o)
                0x0800c9a8                malloc
 .text.free     0x0800c9b8       0x10 c:/program files (x86)/gnu tools arm embedded/4.8 2014q2/bin/../lib/gcc/arm-none-eabi/4.8.4/../../../../arm-none-eabi/lib/armv7e-m/fpu\libg_s.a(lib_a-malloc.o)
                0x0800c9b8                free
 .text.memcpy   0x0800c9c8       0x12 c:/program files (x86)/gnu tools arm embedded/4.8 2014q2/bin/../lib/gcc/arm-none-eabi/4.8.4/../../../../arm-none-eabi/lib/armv7e-m/fpu\libg_s.a(lib_a-memcpy-stub.o)
                0x0800c9c8                memcpy
 .text.memset   0x0800c9da       0x10 c:/program files (x86)/gnu tools arm embedded/4.8 2014q2/bin/../lib/gcc/arm-none-eabi/4.8.4/../../../../arm-none-eabi/lib/armv7e-m/fpu\libg_s.a(lib_a-memset.o)
                0x0800c9da                memset
 *fill*         0x0800c9ea        0x2 
 .text._free_r  0x0800c9ec       0x88 c:/program files (x86)/gnu tools arm embedded/4.8 2014q2/bin/../lib/gcc/arm-none-eabi/4.8.4/../../../../arm-none-eabi/lib/armv7e-m/fpu\libg_s.a(lib_a-nano-freer.o)
                0x0800c9ec                _free_r
 .text._malloc_r
                0x0800ca74       0xa8 c:/program files (x86)/gnu tools arm embedded/4.8 2014q2/bin/../lib/gcc/arm-none-eabi/4.8.4/../../../../arm-none-eabi/lib/armv7e-m/fpu\libg_s.a(lib_a-nano-mallocr.o)
                0x0800ca74                _malloc_r
 .text._sbrk_r  0x0800cb1c       0x20 c:/program files (x86)/gnu tools arm embedded/4.8 2014q2/bin/../lib/gcc/arm-none-eabi/4.8.4/../../../../arm-none-eabi/lib/armv7e-m/fpu\libg_s.a(lib_a-sbrkr.o)
                0x0800cb1c                _sbrk_r
 .text.sprintf  0x0800cb3c       0x48 c:/program files (x86)/gnu tools arm embedded/4.8 2014q2/bin/../lib/gcc/arm-none-eabi/4.8.4/../../../../arm-none-eabi/lib/armv7e-m/fpu\libg_s.a(lib_a-sprintf.o)
                0x0800cb3c                siprintf
                0x0800cb3c                sprintf
 .text.strchr   0x0800cb84       0x1a c:/program files (x86)/gnu tools arm embedded/4.8 2014q2/bin/../lib/gcc/arm-none-eabi/4.8.4/../../../../arm-none-eabi/lib/armv7e-m/fpu\libg_s.a(lib_a-strchr.o)
                0x0800cb84                strchr
 .text.strlen   0x0800cb9e       0x10 c:/program files (x86)/gnu tools arm embedded/4.8 2014q2/bin/../lib/gcc/arm-none-eabi/4.8.4/../../../../arm-none-eabi/lib/armv7e-m/fpu\libg_s.a(lib_a-strlen.o)
                0x0800cb9e                strlen
 .text.strncmp  0x0800cbae       0x2e c:/program files (x86)/gnu tools arm embedded/4.8 2014q2/bin/../lib/gcc/arm-none-eabi/4.8.4/../../../../arm-none-eabi/lib/armv7e-m/fpu\libg_s.a(lib_a-strncmp.o)
                0x0800cbae                strncmp
 .text._strtol_r
                0x0800cbdc      0x104 c:/program files (x86)/gnu tools arm embedded/4.8 2014q2/bin/../lib/gcc/arm-none-eabi/4.8.4/../../../../arm-none-eabi/lib/armv7e-m/fpu\libg_s.a(lib_a-strtol.o)
                0x0800cbdc                _strtol_r
 .text.strtol   0x0800cce0       0x1c c:/program files (x86)/gnu tools arm embedded/4.8 2014q2/bin/../lib/gcc/arm-none-eabi/4.8.4/../../../../arm-none-eabi/lib/armv7e-m/fpu\libg_s.a(lib_a-strtol.o)
                0x0800cce0                strtol
 .text.__ssputs_r
                0x0800ccfc       0xb8 c:/program files (x86)/gnu tools arm embedded/4.8 2014q2/bin/../lib/gcc/arm-none-eabi/4.8.4/../../../../arm-none-eabi/lib/armv7e-m/fpu\libg_s.a(lib_a-svfprintf.o)
                0x0800ccfc                __ssputs_r
 .text._svfprintf_r
                0x0800cdb4      0x1dc c:/program files (x86)/gnu tools arm embedded/4.8 2014q2/bin/../lib/gcc/arm-none-eabi/4.8.4/../../../../arm-none-eabi/lib/armv7e-m/fpu\libg_s.a(lib_a-svfprintf.o)
                0x0800cdb4                _svfiprintf_r
                0x0800cdb4                _svfprintf_r
 .text._printf_common
                0x0800cf90       0xe4 c:/program files (x86)/gnu tools arm embedded/4.8 2014q2/bin/../lib/gcc/arm-none-eabi/4.8.4/../../../../arm-none-eabi/lib/armv7e-m/fpu\libg_s.a(lib_a-vfprintf_i.o)
                0x0800cf90                _printf_common
 .text._printf_i
                0x0800d074      0x228 c:/program files (x86)/gnu tools arm embedded/4.8 2014q2/bin/../lib/gcc/arm-none-eabi/4.8.4/../../../../arm-none-eabi/lib/armv7e-m/fpu\libg_s.a(lib_a-vfprintf_i.o)
                0x0800d074                _printf_i
 .text.memchr   0x0800d29c       0x1e c:/program files (x86)/gnu tools arm embedded/4.8 2014q2/bin/../lib/gcc/arm-none-eabi/4.8.4/../../../../arm-none-eabi/lib/armv7e-m/fpu\libg_s.a(lib_a-memchr-stub.o)
                0x0800d29c                memchr
 .text.memmove  0x0800d2ba       0x36 c:/program files (x86)/gnu tools arm embedded/4.8 2014q2/bin/../lib/gcc/arm-none-eabi/4.8.4/../../../../arm-none-eabi/lib/armv7e-m/fpu\libg_s.a(lib_a-memmove.o)
                0x0800d2ba                memmove
 .text._realloc_r
                0x0800d2f0       0x4c c:/program files (x86)/gnu tools arm embedded/4.8 2014q2/bin/../lib/gcc/arm-none-eabi/4.8.4/../../../../arm-none-eabi/lib/armv7e-m/fpu\libg_s.a(lib_a-nano-reallocr.o)
                0x0800d2f0                _realloc_r
 .text._malloc_usable_size_r
                0x0800d33c       0x12 c:/program files (x86)/gnu tools arm embedded/4.8 2014q2/bin/../lib/gcc/arm-none-eabi/4.8.4/../../../../arm-none-eabi/lib/armv7e-m/fpu\libg_s.a(lib_a-nano-msizer.o)
                0x0800d33c                _malloc_usable_size_r
 *(.rodata .rodata.*)
 *fill*         0x0800d34e        0x2 
 .rodata.APBAHBPrescTable
                0x0800d350       0x10 ./system/src/stm32f4-hal/stm32f4xx_hal_rcc.o
                0x0800d350                APBAHBPrescTable
 .rodata._ZL5ExCvt
                0x0800d360       0x80 ./src/SDCard/fatfs/ff.o
 .rodata.str1.4
                0x0800d3e0       0x54 ./src/SDCard/fatfs/ff.o
 .rodata.str1.4
                0x0800d434       0x50 ./src/SDCard/tm_stm32f4_fatfs.o
                                 0x54 (size before relaxing)
 .rodata._ZL7font6x8
                0x0800d484      0x228 ./src/NokiaLCD/nokiaLCD.o
 .rodata.str1.4
                0x0800d6ac      0x11e ./src/GPS/gps.o
                                0x120 (size before relaxing)
 *fill*         0x0800d7ca        0x2 
 .rodata.str1.4
                0x0800d7cc       0x61 ./src/10DOF/IMU.o
                                 0x68 (size before relaxing)
 *fill*         0x0800d82d        0x3 
 .rodata.str1.4
                0x0800d830       0x43 ./src/10DOF/adxl345.o
                                 0x44 (size before relaxing)
 *fill*         0x0800d873        0x1 
 .rodata.str1.4
                0x0800d874       0x46 ./src/10DOF/itg3200.o
                                 0x48 (size before relaxing)
 *fill*         0x0800d8ba        0x2 
 .rodata.str1.4
                0x0800d8bc       0x6e ./src/main.o
                                 0x70 (size before relaxing)
 *fill*         0x0800d92a        0x2 
 .rodata.str1.4
                0x0800d92c       0x76 ./src/usbd_desc.o
                                 0x78 (size before relaxing)
 *fill*         0x0800d9a2        0x2 
 .rodata        0x0800d9a4      0x40c ../ldscripts\libarm_cortexM4lf_math.a(arm_sin_f32.o)
 .rodata        0x0800ddb0      0x410 ../ldscripts\libarm_cortexM4lf_math.a(arm_cos_f32.o)
 .rodata.str1.4
                0x0800e1c0        0x5 c:/program files (x86)/gnu tools arm embedded/4.8 2014q2/bin/../lib/gcc/arm-none-eabi/4.8.4/../../../../arm-none-eabi/lib/armv7e-m/fpu\libm.a(lib_a-w_sqrt.o)
                                  0x8 (size before relaxing)
 *fill*         0x0800e1c5        0x3 
 .rodata.str1.4
                0x0800e1c8        0x6 c:/program files (x86)/gnu tools arm embedded/4.8 2014q2/bin/../lib/gcc/arm-none-eabi/4.8.4/../../../../arm-none-eabi/lib/armv7e-m/fpu\libm.a(lib_a-wf_asin.o)
                                  0xc (size before relaxing)
 *fill*         0x0800e1ce        0x2 
 .rodata.str1.4
                0x0800e1d0        0x8 c:/program files (x86)/gnu tools arm embedded/4.8 2014q2/bin/../lib/gcc/arm-none-eabi/4.8.4/../../../../arm-none-eabi/lib/armv7e-m/fpu\libm.a(lib_a-wf_sqrt.o)
 .rodata.atanlo
                0x0800e1d8       0x20 c:/program files (x86)/gnu tools arm embedded/4.8 2014q2/bin/../lib/gcc/arm-none-eabi/4.8.4/../../../../arm-none-eabi/lib/armv7e-m/fpu\libm.a(lib_a-s_atan.o)
 .rodata.atanhi
                0x0800e1f8       0x20 c:/program files (x86)/gnu tools arm embedded/4.8 2014q2/bin/../lib/gcc/arm-none-eabi/4.8.4/../../../../arm-none-eabi/lib/armv7e-m/fpu\libm.a(lib_a-s_atan.o)
 .rodata.atanlo
                0x0800e218       0x10 c:/program files (x86)/gnu tools arm embedded/4.8 2014q2/bin/../lib/gcc/arm-none-eabi/4.8.4/../../../../arm-none-eabi/lib/armv7e-m/fpu\libm.a(lib_a-sf_atan.o)
 .rodata.atanhi
                0x0800e228       0x10 c:/program files (x86)/gnu tools arm embedded/4.8 2014q2/bin/../lib/gcc/arm-none-eabi/4.8.4/../../../../arm-none-eabi/lib/armv7e-m/fpu\libm.a(lib_a-sf_atan.o)
 .rodata.str1.1
                0x0800e238        0x2 c:/program files (x86)/gnu tools arm embedded/4.8 2014q2/bin/../lib/gcc/arm-none-eabi/4.8.4/../../../../arm-none-eabi/lib/armv7e-m/fpu\libg_s.a(lib_a-impure.o)
 .rodata.str1.1
                0x0800e23a       0x11 c:/program files (x86)/gnu tools arm embedded/4.8 2014q2/bin/../lib/gcc/arm-none-eabi/4.8.4/../../../../arm-none-eabi/lib/armv7e-m/fpu\libg_s.a(lib_a-svfprintf.o)
 .rodata.str1.1
                0x0800e24b       0x22 c:/program files (x86)/gnu tools arm embedded/4.8 2014q2/bin/../lib/gcc/arm-none-eabi/4.8.4/../../../../arm-none-eabi/lib/armv7e-m/fpu\libg_s.a(lib_a-vfprintf_i.o)
 .rodata._ctype_
                0x0800e26d      0x101 c:/program files (x86)/gnu tools arm embedded/4.8 2014q2/bin/../lib/gcc/arm-none-eabi/4.8.4/../../../../arm-none-eabi/lib/armv7e-m/fpu\libg_s.a(lib_a-ctype_.o)
                0x0800e26d                _ctype_
 *(vtable)
 *(.eh_frame*)
 *(.glue_7)
 .glue_7        0x00000000        0x0 linker stubs
 *(.glue_7t)
 .glue_7t       0x00000000        0x0 linker stubs

.vfp11_veneer   0x0800e370        0x0
 .vfp11_veneer  0x00000000        0x0 linker stubs

.v4_bx          0x0800e370        0x0
 .v4_bx         0x00000000        0x0 linker stubs

.iplt           0x0800e370        0x0
 .iplt          0x00000000        0x0 ./system/src/stm32f4-hal/stm32f4xx_hal.o

.rel.dyn        0x0800e370        0x0
 .rel.iplt      0x00000000        0x0 ./system/src/stm32f4-hal/stm32f4xx_hal.o

.ARM.extab
 *(.ARM.extab* .gnu.linkonce.armextab.*)
                0x0800e370                __exidx_start = .

.ARM.exidx
 *(.ARM.exidx* .gnu.linkonce.armexidx.*)
                0x0800e370                __exidx_end = .
                0x0800e370                . = ALIGN (0x4)
                0x0800e370                _etext = .
                0x0800e370                __etext = .
                0x0800e370                _sidata = _etext

.data           0x20000000      0x210 load address 0x0800e370
                0x20000000                . = ALIGN (0x4)
                0x20000000                _sdata = .
                0x20000000                __data_start__ = .
 *(.data_begin .data_begin.*)
 .data_begin    0x20000000        0x4 ./system/src/newlib/_startup.o
 *(.data .data.*)
 .data.argv.4461
                0x20000004        0x8 ./system/src/newlib/_syscalls.o
 .data.SystemCoreClock
                0x2000000c        0x4 ./system/src/cmsis/system_stm32f4xx.o
                0x2000000c                SystemCoreClock
 .data.USBD_CDC_CfgFSDesc
                0x20000010       0x44 ./src/STM32_USB_Device_Library/Class/CDC/Src/usbd_cdc.o
                0x20000010                USBD_CDC_CfgFSDesc
 .data.USBD_CDC
                0x20000054       0x38 ./src/STM32_USB_Device_Library/Class/CDC/Src/usbd_cdc.o
                0x20000054                USBD_CDC
 .data.USBD_CDC_DeviceQualifierDesc
                0x2000008c        0xc ./src/STM32_USB_Device_Library/Class/CDC/Src/usbd_cdc.o
 .data.USBD_CDC_OtherSpeedCfgDesc
                0x20000098       0x44 ./src/STM32_USB_Device_Library/Class/CDC/Src/usbd_cdc.o
                0x20000098                USBD_CDC_OtherSpeedCfgDesc
 .data.USBD_CDC_CfgHSDesc
                0x200000dc       0x44 ./src/STM32_USB_Device_Library/Class/CDC/Src/usbd_cdc.o
                0x200000dc                USBD_CDC_CfgHSDesc
 .data.USBD_CDC_Template_fops
                0x20000120       0x10 ./src/STM32_USB_Device_Library/Class/CDC/Src/usbd_cdc_if_template.o
                0x20000120                USBD_CDC_Template_fops
 .data.linecoding
                0x20000130        0x8 ./src/STM32_USB_Device_Library/Class/CDC/Src/usbd_cdc_if_template.o
                0x20000130                linecoding
 .data._ZL16TM_FATFS_SD_Stat
                0x20000138        0x1 ./src/SDCard/fatfs/drivers_fatfs_sd.o
 *fill*         0x20000139        0x3 
 .data.pFrame   0x2000013c        0x4 ./src/GPS/gps.o
                0x2000013c                pFrame
 .data.pTempFrame
                0x20000140        0x4 ./src/GPS/gps.o
                0x20000140                pTempFrame
 .data.q0       0x20000144        0x4 ./src/10DOF/Filters/MahonyAHRS.o
                0x20000144                q0
 .data.twoKi    0x20000148        0x4 ./src/10DOF/Filters/MahonyAHRS.o
                0x20000148                twoKi
 .data.twoKp    0x2000014c        0x4 ./src/10DOF/Filters/MahonyAHRS.o
                0x2000014c                twoKp
 .data.VCP_Desc
                0x20000150       0x1c ./src/usbd_desc.o
                0x20000150                VCP_Desc
 .data.USBD_LangIDDesc
                0x2000016c        0x4 ./src/usbd_desc.o
                0x2000016c                USBD_LangIDDesc
 .data.USBD_DeviceDesc
                0x20000170       0x14 ./src/usbd_desc.o
                0x20000170                USBD_DeviceDesc
 .data.USBD_StringSerial
                0x20000184       0x1c ./src/usbd_desc.o
                0x20000184                USBD_StringSerial
 .data.__fdlib_version
                0x200001a0        0x1 c:/program files (x86)/gnu tools arm embedded/4.8 2014q2/bin/../lib/gcc/arm-none-eabi/4.8.4/../../../../arm-none-eabi/lib/armv7e-m/fpu\libm.a(lib_a-s_lib_ver.o)
                0x200001a0                __fdlib_version
 *fill*         0x200001a1        0x3 
 .data.impure_data
                0x200001a4       0x60 c:/program files (x86)/gnu tools arm embedded/4.8 2014q2/bin/../lib/gcc/arm-none-eabi/4.8.4/../../../../arm-none-eabi/lib/armv7e-m/fpu\libg_s.a(lib_a-impure.o)
 .data._impure_ptr
                0x20000204        0x4 c:/program files (x86)/gnu tools arm embedded/4.8 2014q2/bin/../lib/gcc/arm-none-eabi/4.8.4/../../../../arm-none-eabi/lib/armv7e-m/fpu\libg_s.a(lib_a-impure.o)
                0x20000204                _impure_ptr
 .data.__ctype_ptr__
                0x20000208        0x4 c:/program files (x86)/gnu tools arm embedded/4.8 2014q2/bin/../lib/gcc/arm-none-eabi/4.8.4/../../../../arm-none-eabi/lib/armv7e-m/fpu\libg_s.a(lib_a-ctype_.o)
                0x20000208                __ctype_ptr__
 *(.data_end .data_end.*)
 .data_end      0x2000020c        0x4 ./system/src/newlib/_startup.o
                0x20000210                . = ALIGN (0x4)
                0x20000210                _edata = .
                0x20000210                __data_end__ = .

.igot.plt       0x20000210        0x0 load address 0x0800e580
 .igot.plt      0x00000000        0x0 ./system/src/stm32f4-hal/stm32f4xx_hal.o

.bss            0x20000210    0x1ba4c load address 0x0800e580
                0x20000210                . = ALIGN (0x4)
                0x20000210                __bss_start__ = .
                0x20000210                _sbss = .
 *(.bss_begin .bss_begin.*)
 .bss_begin     0x20000210        0x4 ./system/src/newlib/_startup.o
 *(.bss .bss.*)
 .bss.uwTick    0x20000214        0x4 ./system/src/stm32f4-hal/stm32f4xx_hal.o
 .bss.current_heap_end.7365
                0x20000218        0x4 ./system/src/newlib/_sbrk.o
 .bss.name.4460
                0x2000021c        0x4 ./system/src/newlib/_syscalls.o
 .bss.speedTester
                0x20000220       0x44 ./src/SpeedTester/speedTester.o
                0x20000220                speedTester
 .bss.cfgidx.8967
                0x20000264        0x1 ./src/STM32_USB_Device_Library/Core/Src/usbd_ctlreq.o
 *fill*         0x20000265        0x3 
 .bss.s_RxBuffer
                0x20000268      0x208 ./src/STM32_USB_Device_Library/Class/CDC/Src/usbd_cdc_if_template.o
 .bss.s_TxBuffer
                0x20000470      0x208 ./src/STM32_USB_Device_Library/Class/CDC/Src/usbd_cdc_if_template.o
 .bss._ZL20TM_FATFS_SD_CardType
                0x20000678        0x1 ./src/SDCard/fatfs/drivers_fatfs_sd.o
 *fill*         0x20000679        0x1 
 .bss.TimeSPI   0x2000067a        0x2 ./src/SDCard/fatfs/drivers_fatfs_sd.o
                0x2000067a                TimeSPI
 .bss._ZL4Fsid  0x2000067c        0x2 ./src/SDCard/fatfs/ff.o
 *fill*         0x2000067e        0x2 
 .bss._ZL5FatFs
                0x20000680        0x8 ./src/SDCard/fatfs/ff.o
 .bss._ZL7CurrVol
                0x20000688        0x1 ./src/SDCard/fatfs/ff.o
 .bss._ZN3SPI11initializedE
                0x20000689        0x1 ./src/SDCard/SPI.o
                0x20000689                SPI::initialized
 *fill*         0x2000068a        0x2 
 .bss._ZN3SPI5hspi1E
                0x2000068c       0x54 ./src/SDCard/SPI.o
                0x2000068c                SPI::hspi1
 .bss.pwm       0x200006e0       0x4c ./src/PWM/pwm.o
                0x200006e0                pwm
 .bss.isNewFrame
                0x2000072c        0x1 ./src/GPS/gps.o
                0x2000072c                isNewFrame
 .bss.charsInFrame
                0x2000072d        0x1 ./src/GPS/gps.o
                0x2000072d                charsInFrame
 .bss.charToSkip
                0x2000072e        0x1 ./src/GPS/gps.o
                0x2000072e                charToSkip
 *fill*         0x2000072f        0x1 
 .bss.UartHandle
                0x20000730       0x3c ./src/GPS/gps.o
                0x20000730                UartHandle
 .bss.frameSize
                0x2000076c        0x2 ./src/GPS/gps.o
                0x2000076c                frameSize
 *fill*         0x2000076e        0x2 
 .bss.buf1      0x20000770       0x50 ./src/GPS/gps.o
                0x20000770                buf1
 .bss.buf2      0x200007c0       0x50 ./src/GPS/gps.o
                0x200007c0                buf2
 .bss.gpsdata   0x20000810       0x40 ./src/GPS/gps.o
                0x20000810                gpsdata
 .bss._ZN4GPIO21TIM_TimeBaseStructureE
                0x20000850       0x3c ./src/GPIO/gpio.o
                0x20000850                GPIO::TIM_TimeBaseStructure
 .bss._ZN4GPIO11buttonsTimeE
                0x2000088c        0xc ./src/GPIO/gpio.o
                0x2000088c                GPIO::buttonsTime
 .bss._ZN4GPIO7buttonsE
                0x20000898        0x4 ./src/GPIO/gpio.o
                0x20000898                GPIO::buttons
 .bss._ZN5Delay10delayCountE
                0x2000089c        0x4 ./src/Delay/delay.o
                0x2000089c                Delay::delayCount
 .bss.integralFBz
                0x200008a0        0x4 ./src/10DOF/Filters/MahonyAHRS.o
                0x200008a0                integralFBz
 .bss.q1        0x200008a4        0x4 ./src/10DOF/Filters/MahonyAHRS.o
                0x200008a4                q1
 .bss.q2        0x200008a8        0x4 ./src/10DOF/Filters/MahonyAHRS.o
                0x200008a8                q2
 .bss.q3        0x200008ac        0x4 ./src/10DOF/Filters/MahonyAHRS.o
                0x200008ac                q3
 .bss.integralFBx
                0x200008b0        0x4 ./src/10DOF/Filters/MahonyAHRS.o
                0x200008b0                integralFBx
 .bss.integralFBy
                0x200008b4        0x4 ./src/10DOF/Filters/MahonyAHRS.o
                0x200008b4                integralFBy
 .bss._ZN3I2C4hi2cE
                0x200008b8       0x38 ./src/10DOF/I2C.o
                0x200008b8                I2C::hi2c
 .bss._ZN3I2C11initializedE
                0x200008f0        0x1 ./src/10DOF/I2C.o
                0x200008f0                I2C::initialized
 *fill*         0x200008f1        0x7 
 .bss.imu10DOF  0x200008f8    0x1a7c0 ./src/10DOF/IMU.o
                0x200008f8                imu10DOF
 .bss.USBD_Device
                0x2001b0b8      0x224 ./src/main.o
                0x2001b0b8                USBD_Device
 .bss.flags     0x2001b2dc        0xc ./src/main.o
                0x2001b2dc                flags
 .bss.trigger   0x2001b2e8        0x1 ./src/main.o
                0x2001b2e8                trigger
 *fill*         0x2001b2e9        0x3 
 .bss.__malloc_sbrk_start
                0x2001b2ec        0x4 c:/program files (x86)/gnu tools arm embedded/4.8 2014q2/bin/../lib/gcc/arm-none-eabi/4.8.4/../../../../arm-none-eabi/lib/armv7e-m/fpu\libg_s.a(lib_a-nano-mallocr.o)
                0x2001b2ec                __malloc_sbrk_start
 .bss.__malloc_free_list
                0x2001b2f0        0x4 c:/program files (x86)/gnu tools arm embedded/4.8 2014q2/bin/../lib/gcc/arm-none-eabi/4.8.4/../../../../arm-none-eabi/lib/armv7e-m/fpu\libg_s.a(lib_a-nano-mallocr.o)
                0x2001b2f0                __malloc_free_list
 *(COMMON)
 COMMON         0x2001b2f4        0x4 ./system/src/newlib/_syscalls.o
                0x2001b2f4                errno
 COMMON         0x2001b2f8       0x55 ./src/STM32_USB_Device_Library/Class/CDC/Src/usbd_cdc_if_template.o
                0x2001b2f8                s_RxFrameBuffer
                0x2001b34c                g_VCPInitialized
 *fill*         0x2001b34d        0x3 
 COMMON         0x2001b350      0x458 ./src/SDCard/tm_stm32f4_fatfs.o
                0x2001b350                FatFs
                0x2001b584                fil
 COMMON         0x2001b7a8      0x3b0 ./src/usbd_conf.o
                0x2001b7a8                hpcd
 COMMON         0x2001bb58      0x100 ./src/usbd_desc.o
                0x2001bb58                USBD_StrDesc
 *(.bss_end .bss_end.*)
 .bss_end       0x2001bc58        0x4 ./system/src/newlib/_startup.o
                0x2001bc5c                . = ALIGN (0x4)
                0x2001bc5c                __bss_end__ = .
                0x2001bc5c                _ebss = .

.noinit         0x2001bc5c        0x0
                0x2001bc5c                . = ALIGN (0x4)
                0x2001bc5c                _noinit = .
 *(.noinit .noinit.*)
                0x2001bc5c                . = ALIGN (0x4)
                0x2001bc5c                _end_noinit = .
                0x2001bc5c                PROVIDE (end, _end_noinit)
                0x2001bc5c                PROVIDE (_end, _end_noinit)
                0x2001bc5c                PROVIDE (__end, _end_noinit)
                0x2001bc5c                PROVIDE (__end__, _end_noinit)

._check_stack   0x2001bc5c      0x100 load address 0x08029fcc
                0x2001bc5c                . = ALIGN (0x4)
                0x2001bd5c                . = (. + _Minimum_Stack_Size)
 *fill*         0x2001bc5c      0x100 
                0x2001bd5c                . = ALIGN (0x4)

.bss_CCMRAM
 *(.bss.CCMRAM .bss.CCMRAM.*)

.b1text
 *(.b1text)
 *(.b1rodata)
 *(.b1rodata.*)

.eb0text
 *(.eb0text)
 *(.eb0rodata)
 *(.eb0rodata.*)

.eb1text
 *(.eb1text)
 *(.eb1rodata)
 *(.eb1rodata.*)

.eb2text
 *(.eb2text)
 *(.eb2rodata)
 *(.eb2rodata.*)

.eb3text
 *(.eb3text)
 *(.eb3rodata)
 *(.eb3rodata.*)

.stab
 *(.stab)

.stabstr
 *(.stabstr)

.stab.excl
 *(.stab.excl)

.stab.exclstr
 *(.stab.exclstr)

.stab.index
 *(.stab.index)

.stab.indexstr
 *(.stab.indexstr)

.comment        0x00000000       0xe0
 *(.comment)
 .comment       0x00000000       0x70 ./system/src/stm32f4-hal/stm32f4xx_hal.o
                                 0x71 (size before relaxing)
 .comment       0x00000000       0x71 ./system/src/stm32f4-hal/stm32f4xx_hal_cortex.o
 .comment       0x00000000       0x71 ./system/src/stm32f4-hal/stm32f4xx_hal_gpio.o
 .comment       0x00000000       0x71 ./system/src/stm32f4-hal/stm32f4xx_hal_i2c.o
 .comment       0x00000000       0x71 ./system/src/stm32f4-hal/stm32f4xx_hal_pcd.o
 .comment       0x00000000       0x71 ./system/src/stm32f4-hal/stm32f4xx_hal_rcc.o
 .comment       0x00000000       0x71 ./system/src/stm32f4-hal/stm32f4xx_hal_spi.o
 .comment       0x00000000       0x71 ./system/src/stm32f4-hal/stm32f4xx_hal_tim.o
 .comment       0x00000000       0x71 ./system/src/stm32f4-hal/stm32f4xx_hal_tim_ex.o
 .comment       0x00000000       0x71 ./system/src/stm32f4-hal/stm32f4xx_ll_usb.o
 .comment       0x00000000       0x71 ./system/src/newlib/_exit.o
 .comment       0x00000000       0x71 ./system/src/newlib/_sbrk.o
 .comment       0x00000000       0x71 ./system/src/newlib/_startup.o
 .comment       0x00000000       0x71 ./system/src/newlib/_syscalls.o
 .comment       0x00000000       0x71 ./system/src/cortexm/exception_handlers.o
 .comment       0x00000000       0x71 ./system/src/cmsis/system_stm32f4xx.o
 .comment       0x00000000       0x71 ./system/src/cmsis/vectors_stm32f4xx.o
 .comment       0x00000000       0x71 ./src/SpeedTester/speedTester.o
 .comment       0x00000000       0x71 ./src/STM32_USB_Device_Library/Core/Src/usbd_core.o
 .comment       0x00000000       0x71 ./src/STM32_USB_Device_Library/Core/Src/usbd_ctlreq.o
 .comment       0x00000000       0x71 ./src/STM32_USB_Device_Library/Core/Src/usbd_ioreq.o
 .comment       0x00000000       0x71 ./src/STM32_USB_Device_Library/Class/CDC/Src/usbd_cdc.o
 .comment       0x00000000       0x71 ./src/STM32_USB_Device_Library/Class/CDC/Src/usbd_cdc_if_template.o
 .comment       0x00000000       0x71 ./src/SDCard/fatfs/diskio.o
 .comment       0x00000000       0x71 ./src/SDCard/fatfs/drivers_fatfs_sd.o
 .comment       0x00000000       0x71 ./src/SDCard/fatfs/ff.o
 .comment       0x00000000       0x71 ./src/SDCard/SPI.o
 .comment       0x00000000       0x71 ./src/SDCard/tm_stm32f4_fatfs.o
 .comment       0x00000000       0x71 ./src/PWM/pwm.o
 .comment       0x00000000       0x71 ./src/NokiaLCD/nokiaLCD.o
 .comment       0x00000000       0x71 ./src/GPS/gps.o
 .comment       0x00000000       0x71 ./src/GPIO/gpio.o
 .comment       0x00000000       0x71 ./src/Delay/delay.o
 .comment       0x00000000       0x71 ./src/10DOF/Filters/Kalman.o
 .comment       0x00000000       0x71 ./src/10DOF/Filters/MahonyAHRS.o
 .comment       0x00000000       0x71 ./src/10DOF/I2C.o
 .comment       0x00000000       0x71 ./src/10DOF/IMU.o
 .comment       0x00000000       0x71 ./src/10DOF/adxl345.o
 .comment       0x00000000       0x71 ./src/10DOF/bmp085.o
 .comment       0x00000000       0x71 ./src/10DOF/hmc5883l.o
 .comment       0x00000000       0x71 ./src/10DOF/itg3200.o
 .comment       0x00000000       0x71 ./src/_initialize_hardware.o
 .comment       0x00000000       0x71 ./src/main.o
 .comment       0x00000000       0x71 ./src/usbd_conf.o
 .comment       0x00000000       0x71 ./src/usbd_desc.o
 .comment       0x00000070       0x70 ../ldscripts\libarm_cortexM4lf_math.a(arm_sin_f32.o)
                                 0x71 (size before relaxing)
 .comment       0x00000000       0x71 ../ldscripts\libarm_cortexM4lf_math.a(arm_cos_f32.o)

.ARM.attributes
                0x00000000       0x3b
 .ARM.attributes
                0x00000000       0x39 ./system/src/stm32f4-hal/stm32f4xx_hal.o
 .ARM.attributes
                0x00000039       0x39 ./system/src/stm32f4-hal/stm32f4xx_hal_cortex.o
 .ARM.attributes
                0x00000072       0x39 ./system/src/stm32f4-hal/stm32f4xx_hal_gpio.o
 .ARM.attributes
                0x000000ab       0x39 ./system/src/stm32f4-hal/stm32f4xx_hal_i2c.o
 .ARM.attributes
                0x000000e4       0x39 ./system/src/stm32f4-hal/stm32f4xx_hal_pcd.o
 .ARM.attributes
                0x0000011d       0x39 ./system/src/stm32f4-hal/stm32f4xx_hal_rcc.o
 .ARM.attributes
                0x00000156       0x39 ./system/src/stm32f4-hal/stm32f4xx_hal_spi.o
 .ARM.attributes
                0x0000018f       0x39 ./system/src/stm32f4-hal/stm32f4xx_hal_tim.o
 .ARM.attributes
                0x000001c8       0x39 ./system/src/stm32f4-hal/stm32f4xx_hal_tim_ex.o
 .ARM.attributes
                0x00000201       0x39 ./system/src/stm32f4-hal/stm32f4xx_ll_usb.o
 .ARM.attributes
                0x0000023a       0x39 ./system/src/newlib/_exit.o
 .ARM.attributes
                0x00000273       0x39 ./system/src/newlib/_sbrk.o
 .ARM.attributes
                0x000002ac       0x39 ./system/src/newlib/_startup.o
 .ARM.attributes
                0x000002e5       0x39 ./system/src/newlib/_syscalls.o
 .ARM.attributes
                0x0000031e       0x39 ./system/src/cortexm/exception_handlers.o
 .ARM.attributes
                0x00000357       0x39 ./system/src/cmsis/system_stm32f4xx.o
 .ARM.attributes
                0x00000390       0x39 ./system/src/cmsis/vectors_stm32f4xx.o
 .ARM.attributes
                0x000003c9       0x39 ./src/SpeedTester/speedTester.o
 .ARM.attributes
                0x00000402       0x39 ./src/STM32_USB_Device_Library/Core/Src/usbd_core.o
 .ARM.attributes
                0x0000043b       0x39 ./src/STM32_USB_Device_Library/Core/Src/usbd_ctlreq.o
 .ARM.attributes
                0x00000474       0x39 ./src/STM32_USB_Device_Library/Core/Src/usbd_ioreq.o
 .ARM.attributes
                0x000004ad       0x39 ./src/STM32_USB_Device_Library/Class/CDC/Src/usbd_cdc.o
 .ARM.attributes
                0x000004e6       0x39 ./src/STM32_USB_Device_Library/Class/CDC/Src/usbd_cdc_if_template.o
 .ARM.attributes
                0x0000051f       0x39 ./src/SDCard/fatfs/diskio.o
 .ARM.attributes
                0x00000558       0x39 ./src/SDCard/fatfs/drivers_fatfs_sd.o
 .ARM.attributes
                0x00000591       0x39 ./src/SDCard/fatfs/ff.o
 .ARM.attributes
                0x000005ca       0x39 ./src/SDCard/SPI.o
 .ARM.attributes
                0x00000603       0x39 ./src/SDCard/tm_stm32f4_fatfs.o
 .ARM.attributes
                0x0000063c       0x39 ./src/PWM/pwm.o
 .ARM.attributes
                0x00000675       0x39 ./src/NokiaLCD/nokiaLCD.o
 .ARM.attributes
                0x000006ae       0x39 ./src/GPS/gps.o
 .ARM.attributes
                0x000006e7       0x39 ./src/GPIO/gpio.o
 .ARM.attributes
                0x00000720       0x39 ./src/Delay/delay.o
 .ARM.attributes
                0x00000759       0x39 ./src/10DOF/Filters/Kalman.o
 .ARM.attributes
                0x00000792       0x39 ./src/10DOF/Filters/MahonyAHRS.o
 .ARM.attributes
                0x000007cb       0x39 ./src/10DOF/I2C.o
 .ARM.attributes
                0x00000804       0x39 ./src/10DOF/IMU.o
 .ARM.attributes
                0x0000083d       0x39 ./src/10DOF/adxl345.o
 .ARM.attributes
                0x00000876       0x39 ./src/10DOF/bmp085.o
 .ARM.attributes
                0x000008af       0x39 ./src/10DOF/hmc5883l.o
 .ARM.attributes
                0x000008e8       0x39 ./src/10DOF/itg3200.o
 .ARM.attributes
                0x00000921       0x39 ./src/_initialize_hardware.o
 .ARM.attributes
                0x0000095a       0x39 ./src/main.o
 .ARM.attributes
                0x00000993       0x39 ./src/usbd_conf.o
 .ARM.attributes
                0x000009cc       0x39 ./src/usbd_desc.o
 .ARM.attributes
                0x00000a05       0x3b ../ldscripts\libarm_cortexM4lf_math.a(arm_sin_f32.o)
 .ARM.attributes
                0x00000a40       0x3b ../ldscripts\libarm_cortexM4lf_math.a(arm_cos_f32.o)
 .ARM.attributes
                0x00000a7b       0x34 c:/program files (x86)/gnu tools arm embedded/4.8 2014q2/bin/../lib/gcc/arm-none-eabi/4.8.4/../../../../arm-none-eabi/lib/armv7e-m/fpu\libm.a(lib_a-w_atan2.o)
 .ARM.attributes
                0x00000aaf       0x34 c:/program files (x86)/gnu tools arm embedded/4.8 2014q2/bin/../lib/gcc/arm-none-eabi/4.8.4/../../../../arm-none-eabi/lib/armv7e-m/fpu\libm.a(lib_a-w_sqrt.o)
 .ARM.attributes
                0x00000ae3       0x34 c:/program files (x86)/gnu tools arm embedded/4.8 2014q2/bin/../lib/gcc/arm-none-eabi/4.8.4/../../../../arm-none-eabi/lib/armv7e-m/fpu\libm.a(lib_a-wf_asin.o)
 .ARM.attributes
                0x00000b17       0x34 c:/program files (x86)/gnu tools arm embedded/4.8 2014q2/bin/../lib/gcc/arm-none-eabi/4.8.4/../../../../arm-none-eabi/lib/armv7e-m/fpu\libm.a(lib_a-wf_atan2.o)
 .ARM.attributes
                0x00000b4b       0x34 c:/program files (x86)/gnu tools arm embedded/4.8 2014q2/bin/../lib/gcc/arm-none-eabi/4.8.4/../../../../arm-none-eabi/lib/armv7e-m/fpu\libm.a(lib_a-wf_sqrt.o)
 .ARM.attributes
                0x00000b7f       0x34 c:/program files (x86)/gnu tools arm embedded/4.8 2014q2/bin/../lib/gcc/arm-none-eabi/4.8.4/../../../../arm-none-eabi/lib/armv7e-m/fpu\libm.a(lib_a-e_atan2.o)
 .ARM.attributes
                0x00000bb3       0x34 c:/program files (x86)/gnu tools arm embedded/4.8 2014q2/bin/../lib/gcc/arm-none-eabi/4.8.4/../../../../arm-none-eabi/lib/armv7e-m/fpu\libm.a(lib_a-e_sqrt.o)
 .ARM.attributes
                0x00000be7       0x34 c:/program files (x86)/gnu tools arm embedded/4.8 2014q2/bin/../lib/gcc/arm-none-eabi/4.8.4/../../../../arm-none-eabi/lib/armv7e-m/fpu\libm.a(lib_a-ef_asin.o)
 .ARM.attributes
                0x00000c1b       0x34 c:/program files (x86)/gnu tools arm embedded/4.8 2014q2/bin/../lib/gcc/arm-none-eabi/4.8.4/../../../../arm-none-eabi/lib/armv7e-m/fpu\libm.a(lib_a-ef_atan2.o)
 .ARM.attributes
                0x00000c4f       0x34 c:/program files (x86)/gnu tools arm embedded/4.8 2014q2/bin/../lib/gcc/arm-none-eabi/4.8.4/../../../../arm-none-eabi/lib/armv7e-m/fpu\libm.a(lib_a-ef_sqrt.o)
 .ARM.attributes
                0x00000c83       0x34 c:/program files (x86)/gnu tools arm embedded/4.8 2014q2/bin/../lib/gcc/arm-none-eabi/4.8.4/../../../../arm-none-eabi/lib/armv7e-m/fpu\libm.a(lib_a-s_atan.o)
 .ARM.attributes
                0x00000cb7       0x34 c:/program files (x86)/gnu tools arm embedded/4.8 2014q2/bin/../lib/gcc/arm-none-eabi/4.8.4/../../../../arm-none-eabi/lib/armv7e-m/fpu\libm.a(lib_a-s_fabs.o)
 .ARM.attributes
                0x00000ceb       0x34 c:/program files (x86)/gnu tools arm embedded/4.8 2014q2/bin/../lib/gcc/arm-none-eabi/4.8.4/../../../../arm-none-eabi/lib/armv7e-m/fpu\libm.a(lib_a-s_fpclassify.o)
 .ARM.attributes
                0x00000d1f       0x34 c:/program files (x86)/gnu tools arm embedded/4.8 2014q2/bin/../lib/gcc/arm-none-eabi/4.8.4/../../../../arm-none-eabi/lib/armv7e-m/fpu\libm.a(lib_a-s_lib_ver.o)
 .ARM.attributes
                0x00000d53       0x34 c:/program files (x86)/gnu tools arm embedded/4.8 2014q2/bin/../lib/gcc/arm-none-eabi/4.8.4/../../../../arm-none-eabi/lib/armv7e-m/fpu\libm.a(lib_a-s_matherr.o)
 .ARM.attributes
                0x00000d87       0x34 c:/program files (x86)/gnu tools arm embedded/4.8 2014q2/bin/../lib/gcc/arm-none-eabi/4.8.4/../../../../arm-none-eabi/lib/armv7e-m/fpu\libm.a(lib_a-s_nan.o)
 .ARM.attributes
                0x00000dbb       0x34 c:/program files (x86)/gnu tools arm embedded/4.8 2014q2/bin/../lib/gcc/arm-none-eabi/4.8.4/../../../../arm-none-eabi/lib/armv7e-m/fpu\libm.a(lib_a-sf_atan.o)
 .ARM.attributes
                0x00000def       0x34 c:/program files (x86)/gnu tools arm embedded/4.8 2014q2/bin/../lib/gcc/arm-none-eabi/4.8.4/../../../../arm-none-eabi/lib/armv7e-m/fpu\libm.a(lib_a-sf_fabs.o)
 .ARM.attributes
                0x00000e23       0x34 c:/program files (x86)/gnu tools arm embedded/4.8 2014q2/bin/../lib/gcc/arm-none-eabi/4.8.4/../../../../arm-none-eabi/lib/armv7e-m/fpu\libm.a(lib_a-sf_fpclassify.o)
 .ARM.attributes
                0x00000e57       0x22 c:/program files (x86)/gnu tools arm embedded/4.8 2014q2/bin/../lib/gcc/arm-none-eabi/4.8.4/armv7e-m/fpu\libgcc.a(_arm_addsubdf3.o)
 .ARM.attributes
                0x00000e79       0x22 c:/program files (x86)/gnu tools arm embedded/4.8 2014q2/bin/../lib/gcc/arm-none-eabi/4.8.4/armv7e-m/fpu\libgcc.a(_arm_muldivdf3.o)
 .ARM.attributes