Archive member included because of file (symbol)

c:/program files (x86)/gnu tools arm embedded/4.8 2014q2/bin/../lib/gcc/arm-none-eabi/4.8.4/../../../../arm-none-eabi/lib/armv7e-m/fpu\libm.a(lib_a-w_atan2.o)
                              ./src/10DOF/IMU.o (atan2)
c:/program files (x86)/gnu tools arm embedded/4.8 2014q2/bin/../lib/gcc/arm-none-eabi/4.8.4/../../../../arm-none-eabi/lib/armv7e-m/fpu\libm.a(lib_a-w_pow.o)
                              ./src/10DOF/bmp085.o (pow)
c:/program files (x86)/gnu tools arm embedded/4.8 2014q2/bin/../lib/gcc/arm-none-eabi/4.8.4/../../../../arm-none-eabi/lib/armv7e-m/fpu\libm.a(lib_a-wf_acos.o)
                              ./src/Accelerometer/accelerometer.o (acosf)
c:/program files (x86)/gnu tools arm embedded/4.8 2014q2/bin/../lib/gcc/arm-none-eabi/4.8.4/../../../../arm-none-eabi/lib/armv7e-m/fpu\libm.a(lib_a-wf_atan2.o)
                              ./src/Accelerometer/accelerometer.o (atan2f)
c:/program files (x86)/gnu tools arm embedded/4.8 2014q2/bin/../lib/gcc/arm-none-eabi/4.8.4/../../../../arm-none-eabi/lib/armv7e-m/fpu\libm.a(lib_a-wf_sqrt.o)
                              ./src/Accelerometer/accelerometer.o (sqrtf)
c:/program files (x86)/gnu tools arm embedded/4.8 2014q2/bin/../lib/gcc/arm-none-eabi/4.8.4/../../../../arm-none-eabi/lib/armv7e-m/fpu\libm.a(lib_a-e_atan2.o)
                              c:/program files (x86)/gnu tools arm embedded/4.8 2014q2/bin/../lib/gcc/arm-none-eabi/4.8.4/../../../../arm-none-eabi/lib/armv7e-m/fpu\libm.a(lib_a-w_atan2.o) (__ieee754_atan2)
c:/program files (x86)/gnu tools arm embedded/4.8 2014q2/bin/../lib/gcc/arm-none-eabi/4.8.4/../../../../arm-none-eabi/lib/armv7e-m/fpu\libm.a(lib_a-e_pow.o)
                              c:/program files (x86)/gnu tools arm embedded/4.8 2014q2/bin/../lib/gcc/arm-none-eabi/4.8.4/../../../../arm-none-eabi/lib/armv7e-m/fpu\libm.a(lib_a-w_pow.o) (__ieee754_pow)
c:/program files (x86)/gnu tools arm embedded/4.8 2014q2/bin/../lib/gcc/arm-none-eabi/4.8.4/../../../../arm-none-eabi/lib/armv7e-m/fpu\libm.a(lib_a-e_sqrt.o)
                              c:/program files (x86)/gnu tools arm embedded/4.8 2014q2/bin/../lib/gcc/arm-none-eabi/4.8.4/../../../../arm-none-eabi/lib/armv7e-m/fpu\libm.a(lib_a-e_pow.o) (__ieee754_sqrt)
c:/program files (x86)/gnu tools arm embedded/4.8 2014q2/bin/../lib/gcc/arm-none-eabi/4.8.4/../../../../arm-none-eabi/lib/armv7e-m/fpu\libm.a(lib_a-ef_acos.o)
                              c:/program files (x86)/gnu tools arm embedded/4.8 2014q2/bin/../lib/gcc/arm-none-eabi/4.8.4/../../../../arm-none-eabi/lib/armv7e-m/fpu\libm.a(lib_a-wf_acos.o) (__ieee754_acosf)
c:/program files (x86)/gnu tools arm embedded/4.8 2014q2/bin/../lib/gcc/arm-none-eabi/4.8.4/../../../../arm-none-eabi/lib/armv7e-m/fpu\libm.a(lib_a-ef_atan2.o)
                              c:/program files (x86)/gnu tools arm embedded/4.8 2014q2/bin/../lib/gcc/arm-none-eabi/4.8.4/../../../../arm-none-eabi/lib/armv7e-m/fpu\libm.a(lib_a-wf_atan2.o) (__ieee754_atan2f)
c:/program files (x86)/gnu tools arm embedded/4.8 2014q2/bin/../lib/gcc/arm-none-eabi/4.8.4/../../../../arm-none-eabi/lib/armv7e-m/fpu\libm.a(lib_a-ef_sqrt.o)
                              c:/program files (x86)/gnu tools arm embedded/4.8 2014q2/bin/../lib/gcc/arm-none-eabi/4.8.4/../../../../arm-none-eabi/lib/armv7e-m/fpu\libm.a(lib_a-wf_sqrt.o) (__ieee754_sqrtf)
c:/program files (x86)/gnu tools arm embedded/4.8 2014q2/bin/../lib/gcc/arm-none-eabi/4.8.4/../../../../arm-none-eabi/lib/armv7e-m/fpu\libm.a(lib_a-s_atan.o)
                              c:/program files (x86)/gnu tools arm embedded/4.8 2014q2/bin/../lib/gcc/arm-none-eabi/4.8.4/../../../../arm-none-eabi/lib/armv7e-m/fpu\libm.a(lib_a-e_atan2.o) (atan)
c:/program files (x86)/gnu tools arm embedded/4.8 2014q2/bin/../lib/gcc/arm-none-eabi/4.8.4/../../../../arm-none-eabi/lib/armv7e-m/fpu\libm.a(lib_a-s_fabs.o)
                              c:/program files (x86)/gnu tools arm embedded/4.8 2014q2/bin/../lib/gcc/arm-none-eabi/4.8.4/../../../../arm-none-eabi/lib/armv7e-m/fpu\libm.a(lib_a-e_atan2.o) (fabs)
c:/program files (x86)/gnu tools arm embedded/4.8 2014q2/bin/../lib/gcc/arm-none-eabi/4.8.4/../../../../arm-none-eabi/lib/armv7e-m/fpu\libm.a(lib_a-s_finite.o)
                              c:/program files (x86)/gnu tools arm embedded/4.8 2014q2/bin/../lib/gcc/arm-none-eabi/4.8.4/../../../../arm-none-eabi/lib/armv7e-m/fpu\libm.a(lib_a-w_pow.o) (finite)
c:/program files (x86)/gnu tools arm embedded/4.8 2014q2/bin/../lib/gcc/arm-none-eabi/4.8.4/../../../../arm-none-eabi/lib/armv7e-m/fpu\libm.a(lib_a-s_fpclassify.o)
                              c:/program files (x86)/gnu tools arm embedded/4.8 2014q2/bin/../lib/gcc/arm-none-eabi/4.8.4/../../../../arm-none-eabi/lib/armv7e-m/fpu\libm.a(lib_a-w_pow.o) (__fpclassifyd)
c:/program files (x86)/gnu tools arm embedded/4.8 2014q2/bin/../lib/gcc/arm-none-eabi/4.8.4/../../../../arm-none-eabi/lib/armv7e-m/fpu\libm.a(lib_a-s_lib_ver.o)
[...]
Memory Configuration

Name             Origin             Length             Attributes
RAM              0x20000000         0x00020000         xrw
CCMRAM           0x10000000         0x00010000         xrw
FLASH            0x08000000         0x00100000         xr
FLASHB1          0x00000000         0x00000000         xr
EXTMEMB0         0x00000000         0x00000000         xr
EXTMEMB1         0x00000000         0x00000000         xr
EXTMEMB2         0x00000000         0x00000000         xr
EXTMEMB3         0x00000000         0x00000000         xr
MEMORY_ARRAY     0x20002000         0x00000020         xrw
*default*        0x00000000         0xffffffff

Linker script and memory map

LOAD ./system/src/stm32f4-hal/stm32f4xx_hal.o
LOAD ./system/src/stm32f4-hal/stm32f4xx_hal_cortex.o
LOAD ./system/src/stm32f4-hal/stm32f4xx_hal_dma.o
LOAD ./system/src/stm32f4-hal/stm32f4xx_hal_dma_ex.o
LOAD ./system/src/stm32f4-hal/stm32f4xx_hal_flash.o
LOAD ./system/src/stm32f4-hal/stm32f4xx_hal_flash_ex.o
LOAD ./system/src/stm32f4-hal/stm32f4xx_hal_gpio.o
LOAD ./system/src/stm32f4-hal/stm32f4xx_hal_i2c.o
LOAD ./system/src/stm32f4-hal/stm32f4xx_hal_i2c_ex.o
LOAD ./system/src/stm32f4-hal/stm32f4xx_hal_iwdg.o
LOAD ./system/src/stm32f4-hal/stm32f4xx_hal_pcd.o
LOAD ./system/src/stm32f4-hal/stm32f4xx_hal_pwr.o
LOAD ./system/src/stm32f4-hal/stm32f4xx_hal_pwr_ex.o
LOAD ./system/src/stm32f4-hal/stm32f4xx_hal_rcc.o
LOAD ./system/src/stm32f4-hal/stm32f4xx_hal_rcc_ex.o
LOAD ./system/src/stm32f4-hal/stm32f4xx_hal_spi.o
LOAD ./system/src/stm32f4-hal/stm32f4xx_hal_tim.o
LOAD ./system/src/stm32f4-hal/stm32f4xx_hal_tim_ex.o
LOAD ./system/src/stm32f4-hal/stm32f4xx_ll_usb.o
LOAD ./system/src/newlib/_cxx.o
LOAD ./system/src/newlib/_exit.o
LOAD ./system/src/newlib/_sbrk.o
LOAD ./system/src/newlib/_startup.o
LOAD ./system/src/newlib/_syscalls.o
LOAD ./system/src/newlib/_write.o
LOAD ./system/src/newlib/assert.o
LOAD ./system/src/diag/Trace.o
LOAD ./system/src/diag/trace_impl.o
LOAD ./system/src/cortexm/_initialize_hardware.o
LOAD ./system/src/cortexm/_reset_hardware.o
LOAD ./system/src/cortexm/exception_handlers.o
LOAD ./system/src/cmsis/system_stm32f4xx.o
LOAD ./system/src/cmsis/vectors_stm32f4xx.o
LOAD ./src/SpeedTester/speedTester.o
LOAD ./src/STM32_USB_Device_Library/Core/Src/usbd_core.o
LOAD ./src/STM32_USB_Device_Library/Core/Src/usbd_ctlreq.o
LOAD ./src/STM32_USB_Device_Library/Core/Src/usbd_ioreq.o
LOAD ./src/STM32_USB_Device_Library/Class/CDC/Src/usbd_cdc.o
LOAD ./src/STM32_USB_Device_Library/Class/CDC/Src/usbd_cdc_if_template.o
LOAD ./src/NokiaLCD/nokiaLCD.o
LOAD ./src/GPIO/gpio.o
LOAD ./src/Delay/delay.o
LOAD ./src/Accelerometer/accelerometer.o
LOAD ./src/Accelerometer/stm32f4_discovery_lis3dsh.o
LOAD ./src/10DOF/I2C.o
LOAD ./src/10DOF/IMU.o
LOAD ./src/10DOF/Kalman.o
LOAD ./src/10DOF/adxl345.o
LOAD ./src/10DOF/bmp085.o
LOAD ./src/10DOF/hmc5883l.o
LOAD ./src/10DOF/itg3200.o
LOAD ./src/BlinkLed.o
LOAD ./src/CommonException_handlers.o
LOAD ./src/_initialize_hardware.o
LOAD ./src/main.o
LOAD ./src/usbd_conf.o
LOAD ./src/usbd_desc.o
LOAD ../ldscripts\libarm_cortexM4lf_math.a
LOAD c:/program files (x86)/gnu tools arm embedded/4.8 2014q2/bin/../lib/gcc/arm-none-eabi/4.8.4/../../../../arm-none-eabi/lib/armv7e-m/fpu\libstdc++_s.a
LOAD c:/program files (x86)/gnu tools arm embedded/4.8 2014q2/bin/../lib/gcc/arm-none-eabi/4.8.4/../../../../arm-none-eabi/lib/armv7e-m/fpu\libm.a
START GROUP
LOAD c:/program files (x86)/gnu tools arm embedded/4.8 2014q2/bin/../lib/gcc/arm-none-eabi/4.8.4/armv7e-m/fpu\libgcc.a
LOAD c:/program files (x86)/gnu tools arm embedded/4.8 2014q2/bin/../lib/gcc/arm-none-eabi/4.8.4/../../../../arm-none-eabi/lib/armv7e-m/fpu\libg_s.a
LOAD c:/program files (x86)/gnu tools arm embedded/4.8 2014q2/bin/../lib/gcc/arm-none-eabi/4.8.4/../../../../arm-none-eabi/lib/armv7e-m/fpu\libc_s.a
END GROUP
START GROUP
LOAD c:/program files (x86)/gnu tools arm embedded/4.8 2014q2/bin/../lib/gcc/arm-none-eabi/4.8.4/armv7e-m/fpu\libgcc.a
LOAD c:/program files (x86)/gnu tools arm embedded/4.8 2014q2/bin/../lib/gcc/arm-none-eabi/4.8.4/../../../../arm-none-eabi/lib/armv7e-m/fpu\libc_s.a
END GROUP
                0x20020000                __stack = (ORIGIN (RAM) + 0x20000)
                0x20020000                _estack = __stack
                0x00000400                __Main_Stack_Size = 0x400
                0x00000400                PROVIDE (_Main_Stack_Size, __Main_Stack_Size)
                0x2001fc00                __Main_Stack_Limit = (__stack - __Main_Stack_Size)
                0x2001fc00                PROVIDE (_Main_Stack_Limit, __Main_Stack_Limit)
                0x00000100                _Minimum_Stack_Size = 0x100
                0x20000f04                PROVIDE (_Heap_Begin, _end_noinit)
                0x2001fc00                PROVIDE (_Heap_Limit, (__stack - __Main_Stack_Size))

.isr_vector     0x08000000      0x2cc
                0x08000000                . = ALIGN (0x4)
 *(.isr_vector)
 .isr_vector    0x08000000      0x188 ./system/src/cmsis/vectors_stm32f4xx.o
                0x08000000                __isr_vectors
 *(.cfmconfig)
 *(.after_vectors .after_vectors.*)
 .after_vectors
                0x08000188      0x10c ./system/src/newlib/_startup.o
                0x08000188                _start
 .after_vectors
                0x08000294       0x34 ./system/src/cortexm/exception_handlers.o
                0x08000294                Reset_Handler
                0x0800029c                NMI_Handler
                0x080002a0                HardFault_Handler
                0x080002a4                MemManage_Handler
                0x080002a8                BusFault_Handler
                0x080002ac                UsageFault_Handler
                0x080002b0                SVC_Handler
                0x080002b4                DebugMon_Handler
                0x080002b8                PendSV_Handler
 .after_vectors
                0x080002c8        0x4 ./system/src/cmsis/vectors_stm32f4xx.o
                0x080002c8                RTC_Alarm_IRQHandler
                0x080002c8                HASH_RNG_IRQHandler
                0x080002c8                EXTI2_IRQHandler
                0x080002c8                TIM8_CC_IRQHandler
                0x080002c8                SPI4_IRQHandler
                0x080002c8                TIM1_CC_IRQHandler
                0x080002c8                DMA2_Stream5_IRQHandler
                0x080002c8                DMA1_Stream5_IRQHandler
                0x080002c8                PVD_IRQHandler
                0x080002c8                SDIO_IRQHandler
                0x080002c8                TAMP_STAMP_IRQHandler
                0x080002c8                CAN2_RX1_IRQHandler
                0x080002c8                EXTI3_IRQHandler
                0x080002c8                TIM8_TRG_COM_TIM14_IRQHandler
                0x080002c8                TIM1_UP_TIM10_IRQHandler
                0x080002c8                TIM8_UP_TIM13_IRQHandler
                0x080002c8                I2C3_ER_IRQHandler
                0x080002c8                EXTI0_IRQHandler
                0x080002c8                I2C2_EV_IRQHandler
                0x080002c8                DMA1_Stream2_IRQHandler
                0x080002c8                CAN1_RX0_IRQHandler
                0x080002c8                FPU_IRQHandler
                0x080002c8                OTG_HS_WKUP_IRQHandler
                0x080002c8                CAN2_SCE_IRQHandler
                0x080002c8                DMA2_Stream2_IRQHandler
                0x080002c8                SPI1_IRQHandler
                0x080002c8                TIM6_DAC_IRQHandler
                0x080002c8                TIM1_BRK_TIM9_IRQHandler
                0x080002c8                DCMI_IRQHandler
                0x080002c8                CAN2_RX0_IRQHandler
                0x080002c8                DMA2_Stream3_IRQHandler
                0x080002c8                USART6_IRQHandler
                0x080002c8                USART3_IRQHandler
                0x080002c8                CRYP_IRQHandler
                0x080002c8                CAN1_RX1_IRQHandler
                0x080002c8                UART5_IRQHandler
                0x080002c8                DMA2_Stream0_IRQHandler
                0x080002c8                TIM4_IRQHandler
                0x080002c8                I2C1_EV_IRQHandler
                0x080002c8                DMA1_Stream6_IRQHandler
                0x080002c8                DMA1_Stream1_IRQHandler
                0x080002c8                UART4_IRQHandler
                0x080002c8                RCC_IRQHandler
                0x080002c8                TIM8_BRK_TIM12_IRQHandler
                0x080002c8                Default_Handler
                0x080002c8                EXTI15_10_IRQHandler
                0x080002c8                ADC_IRQHandler
                0x080002c8                DMA1_Stream7_IRQHandler
                0x080002c8                TIM7_IRQHandler
                0x080002c8                CAN2_TX_IRQHandler
                0x080002c8                TIM5_IRQHandler
                0x080002c8                DMA2_Stream7_IRQHandler
                0x080002c8                I2C3_EV_IRQHandler
                0x080002c8                RTC_WKUP_IRQHandler
                0x080002c8                ETH_WKUP_IRQHandler
                0x080002c8                SPI2_IRQHandler
                0x080002c8                OTG_HS_EP1_IN_IRQHandler
                0x080002c8                DMA1_Stream0_IRQHandler
                0x080002c8                CAN1_TX_IRQHandler
                0x080002c8                EXTI4_IRQHandler
                0x080002c8                FSMC_IRQHandler
                0x080002c8                ETH_IRQHandler
                0x080002c8                OTG_HS_EP1_OUT_IRQHandler
                0x080002c8                WWDG_IRQHandler
                0x080002c8                OTG_FS_WKUP_IRQHandler
                0x080002c8                TIM1_TRG_COM_TIM11_IRQHandler
                0x080002c8                OTG_HS_IRQHandler
                0x080002c8                EXTI1_IRQHandler
                0x080002c8                USART2_IRQHandler
                0x080002c8                I2C2_ER_IRQHandler
                0x080002c8                DMA2_Stream1_IRQHandler
                0x080002c8                CAN1_SCE_IRQHandler
                0x080002c8                FLASH_IRQHandler
                0x080002c8                DMA2_Stream4_IRQHandler
                0x080002c8                USART1_IRQHandler
                0x080002c8                SPI3_IRQHandler
                0x080002c8                DMA1_Stream4_IRQHandler
                0x080002c8                I2C1_ER_IRQHandler
                0x080002c8                DMA2_Stream6_IRQHandler
                0x080002c8                DMA1_Stream3_IRQHandler
                0x080002cc                . = ALIGN (0x4)

.inits          0x080002cc        0x8
                0x080002cc                . = ALIGN (0x4)
 *(.init)
 *(.fini)
                0x080002cc                . = ALIGN (0x4)
                0x080002cc                PROVIDE (__preinit_array_start, .)
 *(.preinit_array_sysinit .preinit_array_sysinit.*)
 *(.preinit_array_platform .preinit_array_platform.*)
 *(.preinit_array .preinit_array.*)
                0x080002cc                PROVIDE (__preinit_array_end, .)
                0x080002cc                . = ALIGN (0x4)
                0x080002cc                PROVIDE (__init_array_start, .)
 *(SORT(.init_array.*))
 *(.init_array)
 .init_array    0x080002cc        0x4 ./src/10DOF/IMU.o
                0x080002d0                PROVIDE (__init_array_end, .)
                0x080002d0                . = ALIGN (0x4)
                0x080002d0                PROVIDE (__fini_array_start, .)
 *(SORT(.fini_array.*))
 *(.fini_array)
 .fini_array    0x080002d0        0x4 ./src/10DOF/IMU.o
                0x080002d4                PROVIDE (__fini_array_end, .)
                0x080002d4                . = ALIGN (0x4)

.flashtext      0x080002d4        0x0
                0x080002d4                . = ALIGN (0x4)
 *(.flashtext .flashtext.*)
                0x080002d4                . = ALIGN (0x4)

.text           0x080002d8     0x7ec5
                0x080002d8                . = ALIGN (0x4)
 *(.text .text.*)
 .text.HAL_MspInit
                0x080002d8        0x4 ./system/src/stm32f4-hal/stm32f4xx_hal.o
                0x080002d8                HAL_MspInit
 .text.HAL_Init
                0x080002dc       0x38 ./system/src/stm32f4-hal/stm32f4xx_hal.o
                0x080002dc                HAL_Init
 .text.HAL_IncTick
                0x08000314       0x10 ./system/src/stm32f4-hal/stm32f4xx_hal.o
                0x08000314                HAL_IncTick
 .text.HAL_GetTick
                0x08000324        0xc ./system/src/stm32f4-hal/stm32f4xx_hal.o
                0x08000324                HAL_GetTick
 .text.HAL_Delay
                0x08000330       0x1c ./system/src/stm32f4-hal/stm32f4xx_hal.o
                0x08000330                HAL_Delay
 .text.HAL_NVIC_SetPriorityGrouping
                0x0800034c       0x3c ./system/src/stm32f4-hal/stm32f4xx_hal_cortex.o
                0x0800034c                HAL_NVIC_SetPriorityGrouping
 .text.HAL_NVIC_SetPriority
                0x08000388       0x84 ./system/src/stm32f4-hal/stm32f4xx_hal_cortex.o
                0x08000388                HAL_NVIC_SetPriority
 .text.HAL_NVIC_EnableIRQ
                0x0800040c       0x18 ./system/src/stm32f4-hal/stm32f4xx_hal_cortex.o
                0x0800040c                HAL_NVIC_EnableIRQ
 .text.HAL_SYSTICK_Config
                0x08000424       0x2c ./system/src/stm32f4-hal/stm32f4xx_hal_cortex.o
                0x08000424                HAL_SYSTICK_Config
 .text.HAL_GPIO_Init
                0x08000450      0x310 ./system/src/stm32f4-hal/stm32f4xx_hal_gpio.o
                0x08000450                HAL_GPIO_Init
 .text.HAL_GPIO_ReadPin
                0x08000760       0x74 ./system/src/stm32f4-hal/stm32f4xx_hal_gpio.o
                0x08000760                HAL_GPIO_ReadPin
 .text.HAL_GPIO_WritePin
                0x080007d4       0x80 ./system/src/stm32f4-hal/stm32f4xx_hal_gpio.o
                0x080007d4                HAL_GPIO_WritePin
 .text.HAL_GPIO_TogglePin
                0x08000854       0x6c ./system/src/stm32f4-hal/stm32f4xx_hal_gpio.o
                0x08000854                HAL_GPIO_TogglePin
 .text.I2C_WaitOnMasterAddressFlagUntilTimeout
                0x080008c0       0x9c ./system/src/stm32f4-hal/stm32f4xx_hal_i2c.o
 .text.I2C_WaitOnFlagUntilTimeout
                0x0800095c       0xcc ./system/src/stm32f4-hal/stm32f4xx_hal_i2c.o
 .text.I2C_RequestMemoryWrite
                0x08000a28       0xb0 ./system/src/stm32f4-hal/stm32f4xx_hal_i2c.o
 .text.I2C_RequestMemoryRead
                0x08000ad8      0x114 ./system/src/stm32f4-hal/stm32f4xx_hal_i2c.o
 .text.HAL_I2C_MspInit
                0x08000bec        0x4 ./system/src/stm32f4-hal/stm32f4xx_hal_i2c.o
                0x08000bec                HAL_I2C_MspInit
 .text.HAL_I2C_Init
                0x08000bf0      0x1e4 ./system/src/stm32f4-hal/stm32f4xx_hal_i2c.o
                0x08000bf0                HAL_I2C_Init
 .text.HAL_I2C_Mem_Write
                0x08000dd4      0x138 ./system/src/stm32f4-hal/stm32f4xx_hal_i2c.o
                0x08000dd4                HAL_I2C_Mem_Write
 .text.HAL_I2C_Mem_Read
                0x08000f0c      0x250 ./system/src/stm32f4-hal/stm32f4xx_hal_i2c.o
                0x08000f0c                HAL_I2C_Mem_Read
 .text.PCD_WriteEmptyTxFifo
                0x0800115c       0xa4 ./system/src/stm32f4-hal/stm32f4xx_hal_pcd.o
 .text.HAL_PCD_Init
                0x08001200       0xf8 ./system/src/stm32f4-hal/stm32f4xx_hal_pcd.o
                0x08001200                HAL_PCD_Init
 .text.HAL_PCD_Start
                0x080012f8       0x2c ./system/src/stm32f4-hal/stm32f4xx_hal_pcd.o
                0x080012f8                HAL_PCD_Start
 .text.HAL_PCD_IRQHandler
                0x08001324      0x458 ./system/src/stm32f4-hal/stm32f4xx_hal_pcd.o
                0x08001324                HAL_PCD_IRQHandler
 .text.HAL_PCD_SetAddress
                0x0800177c       0x24 ./system/src/stm32f4-hal/stm32f4xx_hal_pcd.o
                0x0800177c                HAL_PCD_SetAddress
 .text.HAL_PCD_EP_Open
                0x080017a0       0x68 ./system/src/stm32f4-hal/stm32f4xx_hal_pcd.o
                0x080017a0                HAL_PCD_EP_Open
 .text.HAL_PCD_EP_Close
                0x08001808       0x58 ./system/src/stm32f4-hal/stm32f4xx_hal_pcd.o
                0x08001808                HAL_PCD_EP_Close
 .text.HAL_PCD_EP_Receive
                0x08001860       0x58 ./system/src/stm32f4-hal/stm32f4xx_hal_pcd.o
                0x08001860                HAL_PCD_EP_Receive
 .text.HAL_PCD_EP_GetRxCount
                0x080018b8       0x14 ./system/src/stm32f4-hal/stm32f4xx_hal_pcd.o
                0x080018b8                HAL_PCD_EP_GetRxCount
 .text.HAL_PCD_EP_Transmit
                0x080018cc       0x58 ./system/src/stm32f4-hal/stm32f4xx_hal_pcd.o
                0x080018cc                HAL_PCD_EP_Transmit
 .text.HAL_PCD_EP_SetStall
                0x08001924       0x64 ./system/src/stm32f4-hal/stm32f4xx_hal_pcd.o
                0x08001924                HAL_PCD_EP_SetStall
 .text.HAL_PCD_EP_ClrStall
                0x08001988       0x58 ./system/src/stm32f4-hal/stm32f4xx_hal_pcd.o
                0x08001988                HAL_PCD_EP_ClrStall
 .text.HAL_PCD_SetTxFiFo
                0x080019e0       0x48 ./system/src/stm32f4-hal/stm32f4xx_hal_pcd.o
                0x080019e0                HAL_PCD_SetTxFiFo
 .text.HAL_PCD_SetRxFiFo
                0x08001a28        0x8 ./system/src/stm32f4-hal/stm32f4xx_hal_pcd.o
                0x08001a28                HAL_PCD_SetRxFiFo
 .text.HAL_RCC_OscConfig
                0x08001a30      0x488 ./system/src/stm32f4-hal/stm32f4xx_hal_rcc.o
                0x08001a30                HAL_RCC_OscConfig
 .text.HAL_RCC_GetSysClockFreq
                0x08001eb8       0xb0 ./system/src/stm32f4-hal/stm32f4xx_hal_rcc.o
                0x08001eb8                HAL_RCC_GetSysClockFreq
 .text.HAL_RCC_GetHCLKFreq
                0x08001f68       0x38 ./system/src/stm32f4-hal/stm32f4xx_hal_rcc.o
                0x08001f68                HAL_RCC_GetHCLKFreq
 .text.HAL_RCC_ClockConfig
                0x08001fa0      0x2f4 ./system/src/stm32f4-hal/stm32f4xx_hal_rcc.o
                0x08001fa0                HAL_RCC_ClockConfig
 .text.HAL_RCC_GetPCLK1Freq
                0x08002294       0x30 ./system/src/stm32f4-hal/stm32f4xx_hal_rcc.o
                0x08002294                HAL_RCC_GetPCLK1Freq
 .text.SPI_WaitOnFlagUntilTimeout
                0x080022c4       0xdc ./system/src/stm32f4-hal/stm32f4xx_hal_spi.o
 .text.HAL_SPI_TransmitReceive
                0x080023a0      0x358 ./system/src/stm32f4-hal/stm32f4xx_hal_spi.o
                0x080023a0                HAL_SPI_TransmitReceive
 .text.HAL_TIM_Base_MspInit
                0x080026f8        0x4 ./system/src/stm32f4-hal/stm32f4xx_hal_tim.o
                0x080026f8                HAL_TIM_Base_MspInit
 .text.HAL_TIM_Base_Start_IT
                0x080026fc       0x9c ./system/src/stm32f4-hal/stm32f4xx_hal_tim.o
                0x080026fc                HAL_TIM_Base_Start_IT
 .text.TIM_Base_SetConfig
                0x08002798      0x11c ./system/src/stm32f4-hal/stm32f4xx_hal_tim.o
                0x08002798                TIM_Base_SetConfig
 .text.HAL_TIM_Base_Init
                0x080028b4       0xe8 ./system/src/stm32f4-hal/stm32f4xx_hal_tim.o
                0x080028b4                HAL_TIM_Base_Init
 .text.USB_CoreReset
                0x0800299c       0x38 ./system/src/stm32f4-hal/stm32f4xx_ll_usb.o
 .text.USB_CoreInit
                0x080029d4       0x78 ./system/src/stm32f4-hal/stm32f4xx_ll_usb.o
                0x080029d4                USB_CoreInit
 .text.USB_EnableGlobalInt
                0x08002a4c        0xc ./system/src/stm32f4-hal/stm32f4xx_ll_usb.o
                0x08002a4c                USB_EnableGlobalInt
 .text.USB_DisableGlobalInt
                0x08002a58        0xc ./system/src/stm32f4-hal/stm32f4xx_ll_usb.o
                0x08002a58                USB_DisableGlobalInt
 .text.USB_SetCurrentMode
                0x08002a64       0x2c ./system/src/stm32f4-hal/stm32f4xx_ll_usb.o
                0x08002a64                USB_SetCurrentMode
 .text.USB_FlushTxFifo
                0x08002a90       0x24 ./system/src/stm32f4-hal/stm32f4xx_ll_usb.o
                0x08002a90                USB_FlushTxFifo
 .text.USB_FlushRxFifo
                0x08002ab4       0x20 ./system/src/stm32f4-hal/stm32f4xx_ll_usb.o
                0x08002ab4                USB_FlushRxFifo
 .text.USB_SetDevSpeed
                0x08002ad4       0x10 ./system/src/stm32f4-hal/stm32f4xx_ll_usb.o
                0x08002ad4                USB_SetDevSpeed
 .text.USB_DevInit
                0x08002ae4      0x154 ./system/src/stm32f4-hal/stm32f4xx_ll_usb.o
                0x08002ae4                USB_DevInit
 .text.USB_GetDevSpeed
                0x08002c38       0x40 ./system/src/stm32f4-hal/stm32f4xx_ll_usb.o
                0x08002c38                USB_GetDevSpeed
 .text.USB_ActivateEndpoint
                0x08002c78       0x90 ./system/src/stm32f4-hal/stm32f4xx_ll_usb.o
                0x08002c78                USB_ActivateEndpoint
 .text.USB_DeactivateEndpoint
                0x08002d08       0x7c ./system/src/stm32f4-hal/stm32f4xx_ll_usb.o
                0x08002d08                USB_DeactivateEndpoint
 .text.USB_EP0StartXfer
                0x08002d84      0x15c ./system/src/stm32f4-hal/stm32f4xx_ll_usb.o
                0x08002d84                USB_EP0StartXfer
 .text.USB_WritePacket
                0x08002ee0       0x28 ./system/src/stm32f4-hal/stm32f4xx_ll_usb.o
                0x08002ee0                USB_WritePacket
 .text.USB_EPStartXfer
                0x08002f08      0x24c ./system/src/stm32f4-hal/stm32f4xx_ll_usb.o
                0x08002f08                USB_EPStartXfer
 .text.USB_ReadPacket
                0x08003154       0x28 ./system/src/stm32f4-hal/stm32f4xx_ll_usb.o
                0x08003154                USB_ReadPacket
 .text.USB_EPSetStall
                0x0800317c       0x58 ./system/src/stm32f4-hal/stm32f4xx_ll_usb.o
                0x0800317c                USB_EPSetStall
 .text.USB_EPClearStall
                0x080031d4       0x60 ./system/src/stm32f4-hal/stm32f4xx_ll_usb.o
                0x080031d4                USB_EPClearStall
 .text.USB_SetDevAddress
                0x08003234       0x20 ./system/src/stm32f4-hal/stm32f4xx_ll_usb.o
                0x08003234                USB_SetDevAddress
 .text.USB_DevConnect
                0x08003254       0x18 ./system/src/stm32f4-hal/stm32f4xx_ll_usb.o
                0x08003254                USB_DevConnect
 .text.USB_DevDisconnect
                0x0800326c       0x18 ./system/src/stm32f4-hal/stm32f4xx_ll_usb.o
                0x0800326c                USB_DevDisconnect
 .text.USB_ReadInterrupts
                0x08003284        0x8 ./system/src/stm32f4-hal/stm32f4xx_ll_usb.o
                0x08003284                USB_ReadInterrupts
 .text.USB_ReadDevAllOutEpInterrupt
                0x0800328c       0x10 ./system/src/stm32f4-hal/stm32f4xx_ll_usb.o
                0x0800328c                USB_ReadDevAllOutEpInterrupt
 .text.USB_ReadDevAllInEpInterrupt
                0x0800329c       0x10 ./system/src/stm32f4-hal/stm32f4xx_ll_usb.o
                0x0800329c                USB_ReadDevAllInEpInterrupt
 .text.USB_ReadDevOutEPInterrupt
                0x080032ac       0x14 ./system/src/stm32f4-hal/stm32f4xx_ll_usb.o
                0x080032ac                USB_ReadDevOutEPInterrupt
 .text.USB_ReadDevInEPInterrupt
                0x080032c0       0x24 ./system/src/stm32f4-hal/stm32f4xx_ll_usb.o
                0x080032c0                USB_ReadDevInEPInterrupt
 .text.USB_GetMode
                0x080032e4        0x8 ./system/src/stm32f4-hal/stm32f4xx_ll_usb.o
                0x080032e4                USB_GetMode
 .text.USB_ActivateSetup
                0x080032ec       0x38 ./system/src/stm32f4-hal/stm32f4xx_ll_usb.o
                0x080032ec                USB_ActivateSetup
 .text.USB_EP0_OutStart
                0x08003324       0x44 ./system/src/stm32f4-hal/stm32f4xx_ll_usb.o
                0x08003324                USB_EP0_OutStart
 .text._exit    0x08003368        0x4 ./system/src/newlib/_exit.o
                0x08003368                _exit
 .text.abort    0x0800336c       0x14 ./system/src/newlib/_exit.o
                0x0800336c                abort
 .text._sbrk    0x08003380       0x44 ./system/src/newlib/_sbrk.o
                0x08003380                _sbrk
 .text.OTG_FS_IRQHandler
                0x080033c4       0x10 ./system/src/newlib/_sbrk.o
                0x080033c4                OTG_FS_IRQHandler
 .text.__initialize_args
                0x080033d4       0x10 ./system/src/newlib/_syscalls.o
                0x080033d4                __initialize_args
 .text.assert_failed
                0x080033e4       0x18 ./system/src/newlib/assert.o
                0x080033e4                assert_failed
 .text.trace_printf
                0x080033fc       0x34 ./system/src/diag/Trace.o
                0x080033fc                trace_printf
 .text.trace_puts
                0x08003430       0x20 ./system/src/diag/Trace.o
                0x08003430                trace_puts
 .text._trace_write_itm
                0x08003450       0x3c ./system/src/diag/trace_impl.o
 .text.trace_write
                0x0800348c        0x8 ./system/src/diag/trace_impl.o
                0x0800348c                trace_write
 .text.SystemInit
                0x08003494       0x4c ./system/src/cmsis/system_stm32f4xx.o
                0x08003494                SystemInit
 .text.USBD_Init
                0x080034e0       0x30 ./src/STM32_USB_Device_Library/Core/Src/usbd_core.o
                0x080034e0                USBD_Init
 .text.USBD_RegisterClass
                0x08003510       0x10 ./src/STM32_USB_Device_Library/Core/Src/usbd_core.o
                0x08003510                USBD_RegisterClass
 .text.USBD_Start
                0x08003520        0xc ./src/STM32_USB_Device_Library/Core/Src/usbd_core.o
                0x08003520                USBD_Start
 .text.USBD_SetClassConfig
                0x0800352c       0x1c ./src/STM32_USB_Device_Library/Core/Src/usbd_core.o
                0x0800352c                USBD_SetClassConfig
 .text.USBD_ClrClassConfig
                0x08003548       0x10 ./src/STM32_USB_Device_Library/Core/Src/usbd_core.o
                0x08003548                USBD_ClrClassConfig
 .text.USBD_LL_SetupStage
                0x08003558       0x5c ./src/STM32_USB_Device_Library/Core/Src/usbd_core.o
                0x08003558                USBD_LL_SetupStage
 .text.USBD_LL_DataOutStage
                0x080035b4       0x60 ./src/STM32_USB_Device_Library/Core/Src/usbd_core.o
                0x080035b4                USBD_LL_DataOutStage
 .text.USBD_LL_DataInStage
                0x08003614       0x8c ./src/STM32_USB_Device_Library/Core/Src/usbd_core.o
                0x08003614                USBD_LL_DataInStage
 .text.USBD_LL_Reset
                0x080036a0       0x40 ./src/STM32_USB_Device_Library/Core/Src/usbd_core.o
                0x080036a0                USBD_LL_Reset
 .text.USBD_LL_SetSpeed
                0x080036e0        0x8 ./src/STM32_USB_Device_Library/Core/Src/usbd_core.o
                0x080036e0                USBD_LL_SetSpeed
 .text.USBD_LL_Suspend
                0x080036e8       0x14 ./src/STM32_USB_Device_Library/Core/Src/usbd_core.o
                0x080036e8                USBD_LL_Suspend
 .text.USBD_LL_Resume
                0x080036fc        0xc ./src/STM32_USB_Device_Library/Core/Src/usbd_core.o
                0x080036fc                USBD_LL_Resume
 .text.USBD_LL_SOF
                0x08003708       0x18 ./src/STM32_USB_Device_Library/Core/Src/usbd_core.o
                0x08003708                USBD_LL_SOF
 .text.USBD_LL_IsoINIncomplete
                0x08003720        0x4 ./src/STM32_USB_Device_Library/Core/Src/usbd_core.o
                0x08003720                USBD_LL_IsoINIncomplete
 .text.USBD_LL_IsoOUTIncomplete
                0x08003724        0x4 ./src/STM32_USB_Device_Library/Core/Src/usbd_core.o
                0x08003724                USBD_LL_IsoOUTIncomplete
 .text.USBD_LL_DevConnected
                0x08003728        0x4 ./src/STM32_USB_Device_Library/Core/Src/usbd_core.o
                0x08003728                USBD_LL_DevConnected
 .text.USBD_LL_DevDisconnected
                0x0800372c       0x18 ./src/STM32_USB_Device_Library/Core/Src/usbd_core.o
                0x0800372c                USBD_LL_DevDisconnected
 .text.USBD_GetLen
                0x08003744       0x14 ./src/STM32_USB_Device_Library/Core/Src/usbd_ctlreq.o
 .text.USBD_SetFeature
                0x08003758       0x20 ./src/STM32_USB_Device_Library/Core/Src/usbd_ctlreq.o
 .text.USBD_ParseSetupRequest
                0x08003778       0x28 ./src/STM32_USB_Device_Library/Core/Src/usbd_ctlreq.o
                0x08003778                USBD_ParseSetupRequest
 .text.USBD_CtlError
                0x080037a0       0x14 ./src/STM32_USB_Device_Library/Core/Src/usbd_ctlreq.o
                0x080037a0                USBD_CtlError
 .text.USBD_GetDescriptor
                0x080037b4      0x144 ./src/STM32_USB_Device_Library/Core/Src/usbd_ctlreq.o
 .text.USBD_SetAddress
                0x080038f8       0x4c ./src/STM32_USB_Device_Library/Core/Src/usbd_ctlreq.o
 .text.USBD_SetConfig
                0x08003944       0xa8 ./src/STM32_USB_Device_Library/Core/Src/usbd_ctlreq.o
 .text.USBD_GetConfig
                0x080039ec       0x40 ./src/STM32_USB_Device_Library/Core/Src/usbd_ctlreq.o
 .text.USBD_GetStatus
                0x08003a2c       0x30 ./src/STM32_USB_Device_Library/Core/Src/usbd_ctlreq.o
 .text.USBD_ClrFeature
                0x08003a5c       0x30 ./src/STM32_USB_Device_Library/Core/Src/usbd_ctlreq.o
 .text.USBD_StdDevReq
                0x08003a8c       0x48 ./src/STM32_USB_Device_Library/Core/Src/usbd_ctlreq.o
                0x08003a8c                USBD_StdDevReq
 .text.USBD_StdItfReq
                0x08003ad4       0x38 ./src/STM32_USB_Device_Library/Core/Src/usbd_ctlreq.o
                0x08003ad4                USBD_StdItfReq
 .text.USBD_StdEPReq
                0x08003b0c      0x108 ./src/STM32_USB_Device_Library/Core/Src/usbd_ctlreq.o
                0x08003b0c                USBD_StdEPReq
 .text.USBD_GetString
                0x08003c14       0x38 ./src/STM32_USB_Device_Library/Core/Src/usbd_ctlreq.o
                0x08003c14                USBD_GetString
 .text.USBD_CtlSendData
                0x08003c4c       0x1c ./src/STM32_USB_Device_Library/Core/Src/usbd_ioreq.o
                0x08003c4c                USBD_CtlSendData
 .text.USBD_CtlContinueSendData
                0x08003c68       0x14 ./src/STM32_USB_Device_Library/Core/Src/usbd_ioreq.o
                0x08003c68                USBD_CtlContinueSendData
 .text.USBD_CtlPrepareRx
                0x08003c7c       0x20 ./src/STM32_USB_Device_Library/Core/Src/usbd_ioreq.o
                0x08003c7c                USBD_CtlPrepareRx
 .text.USBD_CtlContinueRx
                0x08003c9c       0x14 ./src/STM32_USB_Device_Library/Core/Src/usbd_ioreq.o
                0x08003c9c                USBD_CtlContinueRx
 .text.USBD_CtlSendStatus
                0x08003cb0       0x18 ./src/STM32_USB_Device_Library/Core/Src/usbd_ioreq.o
                0x08003cb0                USBD_CtlSendStatus
 .text.USBD_CtlReceiveStatus
                0x08003cc8       0x18 ./src/STM32_USB_Device_Library/Core/Src/usbd_ioreq.o
                0x08003cc8                USBD_CtlReceiveStatus
 .text.USBD_CDC_DataIn
                0x08003ce0       0x14 ./src/STM32_USB_Device_Library/Class/CDC/Src/usbd_cdc.o
 .text.USBD_CDC_EP0_RxReady
                0x08003cf4       0x28 ./src/STM32_USB_Device_Library/Class/CDC/Src/usbd_cdc.o
 .text.USBD_CDC_GetFSCfgDesc
                0x08003d1c        0xc ./src/STM32_USB_Device_Library/Class/CDC/Src/usbd_cdc.o
 .text.USBD_CDC_GetHSCfgDesc
                0x08003d28        0xc ./src/STM32_USB_Device_Library/Class/CDC/Src/usbd_cdc.o
 .text.USBD_CDC_GetOtherSpeedCfgDesc
                0x08003d34        0xc ./src/STM32_USB_Device_Library/Class/CDC/Src/usbd_cdc.o
 .text.USBD_CDC_GetDeviceQualifierDescriptor
                0x08003d40        0xc ./src/STM32_USB_Device_Library/Class/CDC/Src/usbd_cdc.o
                0x08003d40                USBD_CDC_GetDeviceQualifierDescriptor
 .text.USBD_CDC_DataOut
                0x08003d4c       0x30 ./src/STM32_USB_Device_Library/Class/CDC/Src/usbd_cdc.o
 .text.USBD_CDC_Setup
                0x08003d7c       0x60 ./src/STM32_USB_Device_Library/Class/CDC/Src/usbd_cdc.o
 .text.USBD_CDC_DeInit
                0x08003ddc       0x3c ./src/STM32_USB_Device_Library/Class/CDC/Src/usbd_cdc.o
 .text.USBD_CDC_Init
                0x08003e18       0x98 ./src/STM32_USB_Device_Library/Class/CDC/Src/usbd_cdc.o
 .text.USBD_CDC_RegisterInterface
                0x08003eb0       0x10 ./src/STM32_USB_Device_Library/Class/CDC/Src/usbd_cdc.o
                0x08003eb0                USBD_CDC_RegisterInterface
 .text.USBD_CDC_SetTxBuffer
                0x08003ec0       0x10 ./src/STM32_USB_Device_Library/Class/CDC/Src/usbd_cdc.o
                0x08003ec0                USBD_CDC_SetTxBuffer
 .text.USBD_CDC_SetRxBuffer
                0x08003ed0        0xc ./src/STM32_USB_Device_Library/Class/CDC/Src/usbd_cdc.o
                0x08003ed0                USBD_CDC_SetRxBuffer
 .text.USBD_CDC_TransmitPacket
                0x08003edc       0x30 ./src/STM32_USB_Device_Library/Class/CDC/Src/usbd_cdc.o
                0x08003edc                USBD_CDC_TransmitPacket
 .text.USBD_CDC_ReceivePacket
                0x08003f0c       0x34 ./src/STM32_USB_Device_Library/Class/CDC/Src/usbd_cdc.o
                0x08003f0c                USBD_CDC_ReceivePacket
 .text.TEMPLATE_DeInit
                0x08003f40        0x4 ./src/STM32_USB_Device_Library/Class/CDC/Src/usbd_cdc_if_template.o
 .text.TEMPLATE_Control
                0x08003f44       0x58 ./src/STM32_USB_Device_Library/Class/CDC/Src/usbd_cdc_if_template.o
 .text.TEMPLATE_Receive
                0x08003f9c       0x1c ./src/STM32_USB_Device_Library/Class/CDC/Src/usbd_cdc_if_template.o
 .text.TEMPLATE_Init
                0x08003fb8       0x20 ./src/STM32_USB_Device_Library/Class/CDC/Src/usbd_cdc_if_template.o
 .text.VCP_read
                0x08003fd8       0x5c ./src/STM32_USB_Device_Library/Class/CDC/Src/usbd_cdc_if_template.o
                0x08003fd8                VCP_read
 .text.VCP_write
                0x08004034       0x74 ./src/STM32_USB_Device_Library/Class/CDC/Src/usbd_cdc_if_template.o
                0x08004034                VCP_write
 .text._ZN8NokiaLCD14LCD_write_byteEhh
                0x080040a8       0xb4 ./src/NokiaLCD/nokiaLCD.o
                0x080040a8                NokiaLCD::LCD_write_byte(unsigned char, unsigned char)
 .text._ZN8NokiaLCD9WriteDataEh
                0x0800415c       0x30 ./src/NokiaLCD/nokiaLCD.o
                0x0800415c                NokiaLCD::WriteData(unsigned char)
 .text._ZN8NokiaLCD5ClearEv
                0x0800418c       0x24 ./src/NokiaLCD/nokiaLCD.o
                0x0800418c                NokiaLCD::Clear()
 .text._ZN8NokiaLCD11WriteTextXYEPchh
                0x080041b0       0x38 ./src/NokiaLCD/nokiaLCD.o
                0x080041b0                NokiaLCD::WriteTextXY(char*, unsigned char, unsigned char)
 .text.EXTI9_5_IRQHandler
                0x080041e8       0xb4 ./src/GPIO/gpio.o
                0x080041e8                EXTI9_5_IRQHandler
 .text.TIM2_IRQHandler
                0x0800429c       0xb8 ./src/GPIO/gpio.o
                0x0800429c                TIM2_IRQHandler
 .text.SysTick_Handler
                0x08004354       0x1c ./src/Delay/delay.o
                0x08004354                SysTick_Handler
 .text._Z27SysTick_UpdateAccelerometerv
                0x08004370      0x148 ./src/Accelerometer/accelerometer.o
                0x08004370                SysTick_UpdateAccelerometer()
 .text._Z28LIS3DSH_Timeout_UserCallbackv
                0x080044b8        0x4 ./src/Accelerometer/stm32f4_discovery_lis3dsh.o
                0x080044b8                LIS3DSH_Timeout_UserCallback()
 .text._ZL17_LIS3DSH_SendByteh
                0x080044bc       0x58 ./src/Accelerometer/stm32f4_discovery_lis3dsh.o
 .text._Z16LIS3DSH_ReadByteh
                0x08004514       0x34 ./src/Accelerometer/stm32f4_discovery_lis3dsh.o
                0x08004514                LIS3DSH_ReadByte(unsigned char)
 .text._ZL24LIS3DSH_CalcAccelerationP21LIS3DSH_OutXYZTypeDef
                0x08004548      0x1f4 ./src/Accelerometer/stm32f4_discovery_lis3dsh.o
 .text._Z12LIS3DSH_ReadPhht
                0x0800473c       0x24 ./src/Accelerometer/stm32f4_discovery_lis3dsh.o
                0x0800473c                LIS3DSH_Read(unsigned char*, unsigned char, unsigned short)
 .text._Z16LIS3DSH_ReadAxesP21LIS3DSH_OutXYZTypeDef
                0x08004760       0x40 ./src/Accelerometer/stm32f4_discovery_lis3dsh.o
                0x08004760                LIS3DSH_ReadAxes(LIS3DSH_OutXYZTypeDef*)
 .text._Z41__static_initialization_and_destruction_0ii
                0x080047a0      0x170 ./src/10DOF/IMU.o
 .text._ZN3IMU11timerActionEv
                0x08004910      0x590 ./src/10DOF/IMU.o
                0x08004910                IMU::timerAction()
 .text.TIM3_IRQHandler
                0x08004ea0       0x2c ./src/10DOF/IMU.o
                0x08004ea0                TIM3_IRQHandler
 .text._ZN3IMU17sendViaVirtualComEv
                0x08004ecc       0x78 ./src/10DOF/IMU.o
                0x08004ecc                IMU::sendViaVirtualCom()
 .text._ZN3IMU19calibrateAllSensorsEv
                0x08004f44       0x20 ./src/10DOF/IMU.o
                0x08004f44                IMU::calibrateAllSensors()
 .text._GLOBAL__sub_I_imu10DOF
                0x08004f64       0x10 ./src/10DOF/IMU.o
 .text._GLOBAL__sub_D_imu10DOF
                0x08004f74       0x10 ./src/10DOF/IMU.o
 .text._ZN7ADXL3459calibrateEb
                0x08004f84       0xbc ./src/10DOF/adxl345.o
                0x08004f84                ADXL345::calibrate(bool)
 .text._ZN7ADXL34511WriteBWRateEhh
                0x08005040       0x38 ./src/10DOF/adxl345.o
                0x08005040                ADXL345::WriteBWRate(unsigned char, unsigned char)
 .text._ZN7ADXL34510initializeEv
                0x08005078       0x68 ./src/10DOF/adxl345.o
                0x08005078                ADXL345::initialize()
 .text._ZN7ADXL3456updateEv
                0x080050e0       0xac ./src/10DOF/adxl345.o
                0x080050e0                ADXL345::update()
 .text._ZN6BMP085C2Ev
                0x0800518c       0x10 ./src/10DOF/bmp085.o
                0x0800518c                BMP085::BMP085()
                0x0800518c                BMP085::BMP085()
 .text._ZN6BMP08515loadCalibrationEv
                0x0800519c       0xd0 ./src/10DOF/bmp085.o
                0x0800519c                BMP085::loadCalibration()
 .text._ZN6BMP08510initializeEv
                0x0800526c        0x8 ./src/10DOF/bmp085.o
                0x0800526c                BMP085::initialize()
 .text._ZN8HMC5883LC2Ev
                0x08005274        0x8 ./src/10DOF/hmc5883l.o
                0x08005274                HMC5883L::HMC5883L()
                0x08005274                HMC5883L::HMC5883L()
 .text._ZN8HMC5883L7setGainEh
                0x0800527c       0x9c ./src/10DOF/hmc5883l.o
                0x0800527c                HMC5883L::setGain(unsigned char)
 .text._ZN8HMC5883L7setModeEh
                0x08005318       0x44 ./src/10DOF/hmc5883l.o
                0x08005318                HMC5883L::setMode(unsigned char)
 .text._ZN8HMC5883L10initializeEv
                0x0800535c       0x4c ./src/10DOF/hmc5883l.o
                0x0800535c                HMC5883L::initialize()
 .text._ZN8HMC5883L10getHeadingEPsS0_S0_
                0x080053a8       0x94 ./src/10DOF/hmc5883l.o
                0x080053a8                HMC5883L::getHeading(short*, short*, short*)
 .text._ZN8HMC5883L9calibrateEb
                0x0800543c       0x98 ./src/10DOF/hmc5883l.o
                0x0800543c                HMC5883L::calibrate(bool)
 *fill*         0x080054d4        0x4 
 .text._ZN8HMC5883L6updateEv
                0x080054d8      0x1a0 ./src/10DOF/hmc5883l.o
                0x080054d8                HMC5883L::update()
 .text._ZN7ITG32009calibrateEb
                0x08005678      0x128 ./src/10DOF/itg3200.o
                0x08005678                ITG3200::calibrate(bool)
 .text._ZN7ITG320017setFullScaleRangeEh
                0x080057a0       0x78 ./src/10DOF/itg3200.o
                0x080057a0                ITG3200::setFullScaleRange(unsigned char)
 .text._ZN7ITG320016setDLPFBandwidthEh
                0x08005818       0x78 ./src/10DOF/itg3200.o
                0x08005818                ITG3200::setDLPFBandwidth(unsigned char)
 .text._ZN7ITG320014setClockSourceEh
                0x08005890       0x78 ./src/10DOF/itg3200.o
                0x08005890                ITG3200::setClockSource(unsigned char)
 .text._ZN7ITG320010initializeEv
                0x08005908       0x1c ./src/10DOF/itg3200.o
                0x08005908                ITG3200::initialize()
 .text._ZN7ITG32006updateEv
                0x08005924       0xa8 ./src/10DOF/itg3200.o
                0x08005924                ITG3200::update()
 .text._ZN8BlinkLed7powerUpEv
                0x080059cc       0x40 ./src/BlinkLed.o
                0x080059cc                BlinkLed::powerUp()
 .text.configure_system_clock
                0x08005a0c       0x68 ./src/_initialize_hardware.o
                0x08005a0c                configure_system_clock
 .text.__initialize_hardware
                0x08005a74       0x24 ./src/_initialize_hardware.o
                0x08005a74                __initialize_hardware
 .text._ZL18SystemClock_Configv
                0x08005a98       0x68 ./src/main.o
 .text._ZN8NokiaLCDC2Ev
                0x08005b00      0x150 ./src/main.o
                0x08005b00                NokiaLCD::NokiaLCD()
                0x08005b00                NokiaLCD::NokiaLCD()
 .text._ZN3IMU10initializeEv
                0x08005c50      0x210 ./src/main.o
                0x08005c50                IMU::initialize()
 .text.main     0x08005e60      0x270 ./src/main.o
                0x08005e60                main
 .text.HAL_PCD_MspInit
                0x080060d0      0x17c ./src/usbd_conf.o
                0x080060d0                HAL_PCD_MspInit
 .text.HAL_PCD_SetupStageCallback
                0x0800624c       0x14 ./src/usbd_conf.o
                0x0800624c                HAL_PCD_SetupStageCallback
 .text.HAL_PCD_DataOutStageCallback
                0x08006260       0x18 ./src/usbd_conf.o
                0x08006260                HAL_PCD_DataOutStageCallback
 .text.HAL_PCD_DataInStageCallback
                0x08006278       0x18 ./src/usbd_conf.o
                0x08006278                HAL_PCD_DataInStageCallback
 .text.HAL_PCD_SOFCallback
                0x08006290        0xc ./src/usbd_conf.o
                0x08006290                HAL_PCD_SOFCallback
 .text.HAL_PCD_ResetCallback
                0x0800629c       0x20 ./src/usbd_conf.o
                0x0800629c                HAL_PCD_ResetCallback
 .text.HAL_PCD_SuspendCallback
                0x080062bc        0xc ./src/usbd_conf.o
                0x080062bc                HAL_PCD_SuspendCallback
 .text.HAL_PCD_ResumeCallback
                0x080062c8        0xc ./src/usbd_conf.o
                0x080062c8                HAL_PCD_ResumeCallback
 .text.HAL_PCD_ISOOUTIncompleteCallback
                0x080062d4        0xc ./src/usbd_conf.o
                0x080062d4                HAL_PCD_ISOOUTIncompleteCallback
 .text.HAL_PCD_ISOINIncompleteCallback
                0x080062e0        0xc ./src/usbd_conf.o
                0x080062e0                HAL_PCD_ISOINIncompleteCallback
 .text.HAL_PCD_ConnectCallback
                0x080062ec        0xc ./src/usbd_conf.o
                0x080062ec                HAL_PCD_ConnectCallback
 .text.HAL_PCD_DisconnectCallback
                0x080062f8        0xc ./src/usbd_conf.o
                0x080062f8                HAL_PCD_DisconnectCallback
 .text.USBD_LL_Init
                0x08006304       0x60 ./src/usbd_conf.o
                0x08006304                USBD_LL_Init
 .text.USBD_LL_Start
                0x08006364       0x10 ./src/usbd_conf.o
                0x08006364                USBD_LL_Start
 .text.USBD_LL_OpenEP
                0x08006374       0x14 ./src/usbd_conf.o
                0x08006374                USBD_LL_OpenEP
 .text.USBD_LL_CloseEP
                0x08006388       0x10 ./src/usbd_conf.o
                0x08006388                USBD_LL_CloseEP
 .text.USBD_LL_StallEP
                0x08006398       0x10 ./src/usbd_conf.o
                0x08006398                USBD_LL_StallEP
 .text.USBD_LL_ClearStallEP
                0x080063a8       0x10 ./src/usbd_conf.o
                0x080063a8                USBD_LL_ClearStallEP
 .text.USBD_LL_IsStallEP
                0x080063b8       0x30 ./src/usbd_conf.o
                0x080063b8                USBD_LL_IsStallEP
 .text.USBD_LL_SetUSBAddress
                0x080063e8       0x10 ./src/usbd_conf.o
                0x080063e8                USBD_LL_SetUSBAddress
 .text.USBD_LL_Transmit
                0x080063f8       0x10 ./src/usbd_conf.o
                0x080063f8                USBD_LL_Transmit
 .text.USBD_LL_PrepareReceive
                0x08006408       0x10 ./src/usbd_conf.o
                0x08006408                USBD_LL_PrepareReceive
 .text.USBD_LL_GetRxDataSize
                0x08006418        0xc ./src/usbd_conf.o
                0x08006418                USBD_LL_GetRxDataSize
 .text.USBD_VCP_DeviceDescriptor
                0x08006424        0xc ./src/usbd_desc.o
                0x08006424                USBD_VCP_DeviceDescriptor
 .text.USBD_VCP_LangIDStrDescriptor
                0x08006430        0xc ./src/usbd_desc.o
                0x08006430                USBD_VCP_LangIDStrDescriptor
 .text.IntToUnicode
                0x0800643c       0x30 ./src/usbd_desc.o
 .text.Get_SerialNum
                0x0800646c       0x34 ./src/usbd_desc.o
 .text.USBD_VCP_SerialStrDescriptor
                0x080064a0       0x14 ./src/usbd_desc.o
                0x080064a0                USBD_VCP_SerialStrDescriptor
 .text.USBD_VCP_ProductStrDescriptor
                0x080064b4       0x28 ./src/usbd_desc.o
                0x080064b4                USBD_VCP_ProductStrDescriptor
 .text.USBD_VCP_ManufacturerStrDescriptor
                0x080064dc       0x1c ./src/usbd_desc.o
                0x080064dc                USBD_VCP_ManufacturerStrDescriptor
 .text.USBD_VCP_ConfigStrDescriptor
                0x080064f8       0x24 ./src/usbd_desc.o
                0x080064f8                USBD_VCP_ConfigStrDescriptor
 .text.USBD_VCP_InterfaceStrDescriptor
                0x0800651c       0x24 ./src/usbd_desc.o
                0x0800651c                USBD_VCP_InterfaceStrDescriptor
 .text.atan2    0x08006540        0x4 c:/program files (x86)/gnu tools arm embedded/4.8 2014q2/bin/../lib/gcc/arm-none-eabi/4.8.4/../../../../arm-none-eabi/lib/armv7e-m/fpu\libm.a(lib_a-w_atan2.o)
                0x08006540                atan2
 *fill*         0x08006544        0x4 
 .text.__ieee754_atan2
                0x08006548      0x1e8 c:/program files (x86)/gnu tools arm embedded/4.8 2014q2/bin/../lib/gcc/arm-none-eabi/4.8.4/../../../../arm-none-eabi/lib/armv7e-m/fpu\libm.a(lib_a-e_atan2.o)
                0x08006548                __ieee754_atan2
 .text.atan     0x08006730      0x378 c:/program files (x86)/gnu tools arm embedded/4.8 2014q2/bin/../lib/gcc/arm-none-eabi/4.8.4/../../../../arm-none-eabi/lib/armv7e-m/fpu\libm.a(lib_a-s_atan.o)
                0x08006730                atan
 .text.fabs     0x08006aa8       0x14 c:/program files (x86)/gnu tools arm embedded/4.8 2014q2/bin/../lib/gcc/arm-none-eabi/4.8.4/../../../../arm-none-eabi/lib/armv7e-m/fpu\libm.a(lib_a-s_fabs.o)
                0x08006aa8                fabs
 .text          0x08006abc      0x370 c:/program files (x86)/gnu tools arm embedded/4.8 2014q2/bin/../lib/gcc/arm-none-eabi/4.8.4/armv7e-m/fpu\libgcc.a(_arm_addsubdf3.o)
                0x08006abc                __aeabi_drsub
                0x08006ac4                __aeabi_dsub
                0x08006ac4                __subdf3
                0x08006ac8                __aeabi_dadd
                0x08006ac8                __adddf3
                0x08006d40                __floatunsidf
                0x08006d40                __aeabi_ui2d
                0x08006d60                __floatsidf
                0x08006d60                __aeabi_i2d
                0x08006d84                __aeabi_f2d
                0x08006d84                __extendsfdf2
                0x08006dc0                __floatundidf
                0x08006dc0                __aeabi_ul2d
                0x08006dd0                __floatdidf
                0x08006dd0                __aeabi_l2d
 .text          0x08006e2c      0x424 c:/program files (x86)/gnu tools arm embedded/4.8 2014q2/bin/../lib/gcc/arm-none-eabi/4.8.4/armv7e-m/fpu\libgcc.a(_arm_muldivdf3.o)
                0x08006e2c                __aeabi_dmul
                0x08006e2c                __muldf3
                0x08007080                __divdf3
                0x08007080                __aeabi_ddiv
 .text          0x08007250      0x110 c:/program files (x86)/gnu tools arm embedded/4.8 2014q2/bin/../lib/gcc/arm-none-eabi/4.8.4/armv7e-m/fpu\libgcc.a(_arm_cmpdf2.o)
                0x08007250                __gtdf2
                0x08007250                __gedf2
                0x08007258                __ltdf2
                0x08007258                __ledf2
                0x08007260                __nedf2
                0x08007260                __eqdf2
                0x08007260                __cmpdf2
                0x080072dc                __aeabi_cdrcmple
                0x080072ec                __aeabi_cdcmpeq
                0x080072ec                __aeabi_cdcmple
                0x080072fc                __aeabi_dcmpeq
                0x08007310                __aeabi_dcmplt
                0x08007324                __aeabi_dcmple
                0x08007338                __aeabi_dcmpge
                0x0800734c                __aeabi_dcmpgt
 .text          0x08007360       0x50 c:/program files (x86)/gnu tools arm embedded/4.8 2014q2/bin/../lib/gcc/arm-none-eabi/4.8.4/armv7e-m/fpu\libgcc.a(_arm_fixdfsi.o)
                0x08007360                __aeabi_d2iz
                0x08007360                __fixdfsi
 .text          0x080073b0       0x40 c:/program files (x86)/gnu tools arm embedded/4.8 2014q2/bin/../lib/gcc/arm-none-eabi/4.8.4/armv7e-m/fpu\libgcc.a(_arm_fixunsdfsi.o)
                0x080073b0                __aeabi_d2uiz
                0x080073b0                __fixunsdfsi
 .text.__errno  0x080073f0        0xc c:/program files (x86)/gnu tools arm embedded/4.8 2014q2/bin/../lib/gcc/arm-none-eabi/4.8.4/../../../../arm-none-eabi/lib/armv7e-m/fpu\libg_s.a(lib_a-errno.o)
                0x080073f0                __errno
 .text.malloc   0x080073fc       0x10 c:/program files (x86)/gnu tools arm embedded/4.8 2014q2/bin/../lib/gcc/arm-none-eabi/4.8.4/../../../../arm-none-eabi/lib/armv7e-m/fpu\libg_s.a(lib_a-malloc.o)
                0x080073fc                malloc
 .text.free     0x0800740c       0x10 c:/program files (x86)/gnu tools arm embedded/4.8 2014q2/bin/../lib/gcc/arm-none-eabi/4.8.4/../../../../arm-none-eabi/lib/armv7e-m/fpu\libg_s.a(lib_a-malloc.o)
                0x0800740c                free
 .text.memcpy   0x0800741c       0x12 c:/program files (x86)/gnu tools arm embedded/4.8 2014q2/bin/../lib/gcc/arm-none-eabi/4.8.4/../../../../arm-none-eabi/lib/armv7e-m/fpu\libg_s.a(lib_a-memcpy-stub.o)
                0x0800741c                memcpy
 *fill*         0x0800742e        0x2 
 .text._free_r  0x08007430       0x88 c:/program files (x86)/gnu tools arm embedded/4.8 2014q2/bin/../lib/gcc/arm-none-eabi/4.8.4/../../../../arm-none-eabi/lib/armv7e-m/fpu\libg_s.a(lib_a-nano-freer.o)
                0x08007430                _free_r
 .text._malloc_r
                0x080074b8       0xa8 c:/program files (x86)/gnu tools arm embedded/4.8 2014q2/bin/../lib/gcc/arm-none-eabi/4.8.4/../../../../arm-none-eabi/lib/armv7e-m/fpu\libg_s.a(lib_a-nano-mallocr.o)
                0x080074b8                _malloc_r
 .text._sbrk_r  0x08007560       0x20 c:/program files (x86)/gnu tools arm embedded/4.8 2014q2/bin/../lib/gcc/arm-none-eabi/4.8.4/../../../../arm-none-eabi/lib/armv7e-m/fpu\libg_s.a(lib_a-sbrkr.o)
                0x08007560                _sbrk_r
 .text.strlen   0x08007580       0x10 c:/program files (x86)/gnu tools arm embedded/4.8 2014q2/bin/../lib/gcc/arm-none-eabi/4.8.4/../../../../arm-none-eabi/lib/armv7e-m/fpu\libg_s.a(lib_a-strlen.o)
                0x08007580                strlen
 .text.__ssputs_r
                0x08007590       0xb8 c:/program files (x86)/gnu tools arm embedded/4.8 2014q2/bin/../lib/gcc/arm-none-eabi/4.8.4/../../../../arm-none-eabi/lib/armv7e-m/fpu\libg_s.a(lib_a-svfprintf.o)
                0x08007590                __ssputs_r
 .text._svfprintf_r
                0x08007648      0x1dc c:/program files (x86)/gnu tools arm embedded/4.8 2014q2/bin/../lib/gcc/arm-none-eabi/4.8.4/../../../../arm-none-eabi/lib/armv7e-m/fpu\libg_s.a(lib_a-svfprintf.o)
                0x08007648                _svfiprintf_r
                0x08007648                _svfprintf_r
 .text._printf_common
                0x08007824       0xe4 c:/program files (x86)/gnu tools arm embedded/4.8 2014q2/bin/../lib/gcc/arm-none-eabi/4.8.4/../../../../arm-none-eabi/lib/armv7e-m/fpu\libg_s.a(lib_a-vfprintf_i.o)
                0x08007824                _printf_common
 .text._printf_i
                0x08007908      0x228 c:/program files (x86)/gnu tools arm embedded/4.8 2014q2/bin/../lib/gcc/arm-none-eabi/4.8.4/../../../../arm-none-eabi/lib/armv7e-m/fpu\libg_s.a(lib_a-vfprintf_i.o)
                0x08007908                _printf_i
 .text._vsnprintf_r
                0x08007b30       0x52 c:/program files (x86)/gnu tools arm embedded/4.8 2014q2/bin/../lib/gcc/arm-none-eabi/4.8.4/../../../../arm-none-eabi/lib/armv7e-m/fpu\libg_s.a(lib_a-vsnprintf.o)
                0x08007b30                _vsniprintf_r
                0x08007b30                _vsnprintf_r
 *fill*         0x08007b82        0x2 
 .text.vsnprintf
                0x08007b84       0x20 c:/program files (x86)/gnu tools arm embedded/4.8 2014q2/bin/../lib/gcc/arm-none-eabi/4.8.4/../../../../arm-none-eabi/lib/armv7e-m/fpu\libg_s.a(lib_a-vsnprintf.o)
                0x08007b84                vsniprintf
                0x08007b84                vsnprintf
 .text.memchr   0x08007ba4       0x1e c:/program files (x86)/gnu tools arm embedded/4.8 2014q2/bin/../lib/gcc/arm-none-eabi/4.8.4/../../../../arm-none-eabi/lib/armv7e-m/fpu\libg_s.a(lib_a-memchr-stub.o)
                0x08007ba4                memchr
 .text.memmove  0x08007bc2       0x36 c:/program files (x86)/gnu tools arm embedded/4.8 2014q2/bin/../lib/gcc/arm-none-eabi/4.8.4/../../../../arm-none-eabi/lib/armv7e-m/fpu\libg_s.a(lib_a-memmove.o)
                0x08007bc2                memmove
 .text._realloc_r
                0x08007bf8       0x4c c:/program files (x86)/gnu tools arm embedded/4.8 2014q2/bin/../lib/gcc/arm-none-eabi/4.8.4/../../../../arm-none-eabi/lib/armv7e-m/fpu\libg_s.a(lib_a-nano-reallocr.o)
                0x08007bf8                _realloc_r
 .text._malloc_usable_size_r
                0x08007c44       0x12 c:/program files (x86)/gnu tools arm embedded/4.8 2014q2/bin/../lib/gcc/arm-none-eabi/4.8.4/../../../../arm-none-eabi/lib/armv7e-m/fpu\libg_s.a(lib_a-nano-msizer.o)
                0x08007c44                _malloc_usable_size_r
 *(.rodata .rodata.*)
 *fill*         0x08007c56        0x2 
 .rodata.str1.4
                0x08007c58       0x31 ./system/src/stm32f4-hal/stm32f4xx_hal_cortex.o
                                 0x34 (size before relaxing)
 *fill*         0x08007c89        0x3 
 .rodata.str1.4
                0x08007c8c       0x2f ./system/src/stm32f4-hal/stm32f4xx_hal_gpio.o
                                 0x30 (size before relaxing)
 *fill*         0x08007cbb        0x1 
 .rodata.str1.4
                0x08007cbc       0x2e ./system/src/stm32f4-hal/stm32f4xx_hal_i2c.o
                                 0x30 (size before relaxing)
 *fill*         0x08007cea        0x2 
 .rodata.str1.4
                0x08007cec       0x2e ./system/src/stm32f4-hal/stm32f4xx_hal_pcd.o
                                 0x30 (size before relaxing)
 *fill*         0x08007d1a        0x2 
 .rodata.APBAHBPrescTable
                0x08007d1c       0x10 ./system/src/stm32f4-hal/stm32f4xx_hal_rcc.o
                0x08007d1c                APBAHBPrescTable
 .rodata.str1.4
                0x08007d2c       0x2e ./system/src/stm32f4-hal/stm32f4xx_hal_rcc.o
                                 0x30 (size before relaxing)
 *fill*         0x08007d5a        0x2 
 .rodata.str1.4
                0x08007d5c       0x2e ./system/src/stm32f4-hal/stm32f4xx_hal_spi.o
                                 0x30 (size before relaxing)
 *fill*         0x08007d8a        0x2 
 .rodata.str1.4
                0x08007d8c       0x2e ./system/src/stm32f4-hal/stm32f4xx_hal_tim.o
                                 0x30 (size before relaxing)
 *fill*         0x08007dba        0x2 
 .rodata.str1.4
                0x08007dbc       0x14 ./system/src/newlib/_exit.o
 .rodata.str1.4
                0x08007dd0       0x6b ./system/src/newlib/assert.o
                                 0x70 (size before relaxing)
 *fill*         0x08007e3b        0x1 
 .rodata.str1.4
                0x08007e3c       0x2d ./system/src/diag/Trace.o
                                 0x30 (size before relaxing)
 *fill*         0x08007e69        0x3 
 .rodata._ZL7font6x8
                0x08007e6c      0x228 ./src/NokiaLCD/nokiaLCD.o
 .rodata.str1.4
                0x08008094       0x16 ./src/main.o
                                 0x18 (size before relaxing)
 *fill*         0x080080aa        0x2 
 .rodata.str1.4
                0x080080ac       0x78 ./src/usbd_desc.o
 *fill*         0x08008124        0x4 
 .rodata.atanlo
                0x08008128       0x20 c:/program files (x86)/gnu tools arm embedded/4.8 2014q2/bin/../lib/gcc/arm-none-eabi/4.8.4/../../../../arm-none-eabi/lib/armv7e-m/fpu\libm.a(lib_a-s_atan.o)
 .rodata.atanhi
                0x08008148       0x20 c:/program files (x86)/gnu tools arm embedded/4.8 2014q2/bin/../lib/gcc/arm-none-eabi/4.8.4/../../../../arm-none-eabi/lib/armv7e-m/fpu\libm.a(lib_a-s_atan.o)
 .rodata.str1.1
                0x08008168        0x2 c:/program files (x86)/gnu tools arm embedded/4.8 2014q2/bin/../lib/gcc/arm-none-eabi/4.8.4/../../../../arm-none-eabi/lib/armv7e-m/fpu\libg_s.a(lib_a-impure.o)
 .rodata.str1.1
                0x0800816a       0x11 c:/program files (x86)/gnu tools arm embedded/4.8 2014q2/bin/../lib/gcc/arm-none-eabi/4.8.4/../../../../arm-none-eabi/lib/armv7e-m/fpu\libg_s.a(lib_a-svfprintf.o)
 .rodata.str1.1
                0x0800817b       0x22 c:/program files (x86)/gnu tools arm embedded/4.8 2014q2/bin/../lib/gcc/arm-none-eabi/4.8.4/../../../../arm-none-eabi/lib/armv7e-m/fpu\libg_s.a(lib_a-vfprintf_i.o)
 *(vtable)
 *(.eh_frame*)
 *(.glue_7)
 .glue_7        0x00000000        0x0 linker stubs
 *(.glue_7t)
 .glue_7t       0x00000000        0x0 linker stubs

.vfp11_veneer   0x080081a0        0x0
 .vfp11_veneer  0x00000000        0x0 linker stubs

.v4_bx          0x080081a0        0x0
 .v4_bx         0x00000000        0x0 linker stubs

.iplt           0x080081a0        0x0
 .iplt          0x00000000        0x0 ./system/src/stm32f4-hal/stm32f4xx_hal.o

.rel.dyn        0x080081a0        0x0
 .rel.iplt      0x00000000        0x0 ./system/src/stm32f4-hal/stm32f4xx_hal.o

.ARM.extab
 *(.ARM.extab* .gnu.linkonce.armextab.*)
                0x080081a0                __exidx_start = .

.ARM.exidx
 *(.ARM.exidx* .gnu.linkonce.armexidx.*)
                0x080081a0                __exidx_end = .
                0x080081a0                . = ALIGN (0x4)
                0x080081a0                _etext = .
                0x080081a0                __etext = .
                0x080081a0                _sidata = _etext

.data           0x20000000      0x1f4 load address 0x080081a0
                0x20000000                . = ALIGN (0x4)
                0x20000000                _sdata = .
                0x20000000                __data_start__ = .
 *(.data_begin .data_begin.*)
 .data_begin    0x20000000        0x4 ./system/src/newlib/_startup.o
 *(.data .data.*)
 .data.argv.4461
                0x20000004        0x8 ./system/src/newlib/_syscalls.o
 .data.SystemCoreClock
                0x2000000c        0x4 ./system/src/cmsis/system_stm32f4xx.o
                0x2000000c                SystemCoreClock
 .data.USBD_CDC_CfgFSDesc
                0x20000010       0x44 ./src/STM32_USB_Device_Library/Class/CDC/Src/usbd_cdc.o
                0x20000010                USBD_CDC_CfgFSDesc
 .data.USBD_CDC
                0x20000054       0x38 ./src/STM32_USB_Device_Library/Class/CDC/Src/usbd_cdc.o
                0x20000054                USBD_CDC
 .data.USBD_CDC_DeviceQualifierDesc
                0x2000008c        0xc ./src/STM32_USB_Device_Library/Class/CDC/Src/usbd_cdc.o
 .data.USBD_CDC_OtherSpeedCfgDesc
                0x20000098       0x44 ./src/STM32_USB_Device_Library/Class/CDC/Src/usbd_cdc.o
                0x20000098                USBD_CDC_OtherSpeedCfgDesc
 .data.USBD_CDC_CfgHSDesc
                0x200000dc       0x44 ./src/STM32_USB_Device_Library/Class/CDC/Src/usbd_cdc.o
                0x200000dc                USBD_CDC_CfgHSDesc
 .data.USBD_CDC_Template_fops
                0x20000120       0x10 ./src/STM32_USB_Device_Library/Class/CDC/Src/usbd_cdc_if_template.o
                0x20000120                USBD_CDC_Template_fops
 .data.linecoding
                0x20000130        0x8 ./src/STM32_USB_Device_Library/Class/CDC/Src/usbd_cdc_if_template.o
                0x20000130                linecoding
 .data.LIS3DSHTimeout
                0x20000138        0x4 ./src/Accelerometer/stm32f4_discovery_lis3dsh.o
                0x20000138                LIS3DSHTimeout
 .data.VCP_Desc
                0x2000013c       0x1c ./src/usbd_desc.o
                0x2000013c                VCP_Desc
 .data.USBD_LangIDDesc
                0x20000158        0x4 ./src/usbd_desc.o
                0x20000158                USBD_LangIDDesc
 .data.USBD_DeviceDesc
                0x2000015c       0x14 ./src/usbd_desc.o
                0x2000015c                USBD_DeviceDesc
 .data.USBD_StringSerial
                0x20000170       0x1c ./src/usbd_desc.o
                0x20000170                USBD_StringSerial
 .data.impure_data
                0x2000018c       0x60 c:/program files (x86)/gnu tools arm embedded/4.8 2014q2/bin/../lib/gcc/arm-none-eabi/4.8.4/../../../../arm-none-eabi/lib/armv7e-m/fpu\libg_s.a(lib_a-impure.o)
 .data._impure_ptr
                0x200001ec        0x4 c:/program files (x86)/gnu tools arm embedded/4.8 2014q2/bin/../lib/gcc/arm-none-eabi/4.8.4/../../../../arm-none-eabi/lib/armv7e-m/fpu\libg_s.a(lib_a-impure.o)
                0x200001ec                _impure_ptr
 *(.data_end .data_end.*)
 .data_end      0x200001f0        0x4 ./system/src/newlib/_startup.o
                0x200001f4                . = ALIGN (0x4)
                0x200001f4                _edata = .
                0x200001f4                __data_end__ = .

.igot.plt       0x200001f4        0x0 load address 0x08008394
 .igot.plt      0x00000000        0x0 ./system/src/stm32f4-hal/stm32f4xx_hal.o

.bss            0x200001f8      0xd0c load address 0x08008398
                0x200001f8                . = ALIGN (0x4)
                0x200001f8                __bss_start__ = .
                0x200001f8                _sbss = .
 *(.bss_begin .bss_begin.*)
 .bss_begin     0x200001f8        0x4 ./system/src/newlib/_startup.o
 *(.bss .bss.*)
 .bss.uwTick    0x200001fc        0x4 ./system/src/stm32f4-hal/stm32f4xx_hal.o
 .bss.current_heap_end.7368
                0x20000200        0x4 ./system/src/newlib/_sbrk.o
 .bss.name.4460
                0x20000204        0x4 ./system/src/newlib/_syscalls.o
 .bss.buf.5352  0x20000208       0x80 ./system/src/diag/Trace.o
 .bss.cfgidx.8970
                0x20000288        0x1 ./src/STM32_USB_Device_Library/Core/Src/usbd_ctlreq.o
 *fill*         0x20000289        0x3 
 .bss.s_RxBuffer
                0x2000028c      0x20c ./src/STM32_USB_Device_Library/Class/CDC/Src/usbd_cdc_if_template.o
 .bss._ZN4GPIO21TIM_TimeBaseStructureE
                0x20000498       0x3c ./src/GPIO/gpio.o
                0x20000498                GPIO::TIM_TimeBaseStructure
 .bss._ZN4GPIO11buttonsTimeE
                0x200004d4        0xc ./src/GPIO/gpio.o
                0x200004d4                GPIO::buttonsTime
 .bss._ZN4GPIO7buttonsE
                0x200004e0        0x4 ./src/GPIO/gpio.o
                0x200004e0                GPIO::buttons
 .bss._ZN5Delay10delayCountE
                0x200004e4        0x4 ./src/Delay/delay.o
                0x200004e4                Delay::delayCount
 .bss.zActual   0x200004e8        0x2 ./src/Accelerometer/accelerometer.o
                0x200004e8                zActual
 .bss._ZZ27SysTick_UpdateAccelerometervE7Counter
                0x200004ea        0x1 ./src/Accelerometer/accelerometer.o
 *fill*         0x200004eb        0x1 
 .bss._ZZ27SysTick_UpdateAccelerometervE4xSum
                0x200004ec        0x4 ./src/Accelerometer/accelerometer.o
 .bss._ZZ27SysTick_UpdateAccelerometervE4ySum
                0x200004f0        0x4 ./src/Accelerometer/accelerometer.o
 .bss._ZZ27SysTick_UpdateAccelerometervE4xmin
                0x200004f4        0x2 ./src/Accelerometer/accelerometer.o
 .bss._ZZ27SysTick_UpdateAccelerometervE4xmax
                0x200004f6        0x2 ./src/Accelerometer/accelerometer.o
 .bss._ZZ27SysTick_UpdateAccelerometervE4ymax
                0x200004f8        0x2 ./src/Accelerometer/accelerometer.o
 .bss._ZZ27SysTick_UpdateAccelerometervE4ymin
                0x200004fa        0x2 ./src/Accelerometer/accelerometer.o
 .bss._ZZ27SysTick_UpdateAccelerometervE4zmax
                0x200004fc        0x2 ./src/Accelerometer/accelerometer.o
 .bss.xActual   0x200004fe        0x2 ./src/Accelerometer/accelerometer.o
                0x200004fe                xActual
 .bss._ZZ27SysTick_UpdateAccelerometervE4zmin
                0x20000500        0x2 ./src/Accelerometer/accelerometer.o
 .bss._ZZ27SysTick_UpdateAccelerometervE15numberOfSamples
                0x20000502        0x1 ./src/Accelerometer/accelerometer.o
 *fill*         0x20000503        0x1 
 .bss._ZZ27SysTick_UpdateAccelerometervE4zSum
                0x20000504        0x4 ./src/Accelerometer/accelerometer.o
 .bss.acc_initialized
                0x20000508        0x1 ./src/Accelerometer/accelerometer.o
                0x20000508                acc_initialized
 *fill*         0x20000509        0x1 
 .bss.yActual   0x2000050a        0x2 ./src/Accelerometer/accelerometer.o
                0x2000050a                yActual
 .bss._ZL26SPI_HandleTypeDefStructure
                0x2000050c       0x54 ./src/Accelerometer/stm32f4_discovery_lis3dsh.o
 .bss._ZN3I2C4hi2cE
                0x20000560       0x38 ./src/10DOF/I2C.o
                0x20000560                I2C::hi2c
 .bss._ZN3I2C11initializedE
                0x20000598        0x1 ./src/10DOF/I2C.o
                0x20000598                I2C::initialized
 *fill*         0x20000599        0x7 
 .bss.imu10DOF  0x200005a0      0x278 ./src/10DOF/IMU.o
                0x200005a0                imu10DOF
 .bss._ZZN3IMU11timerActionEvE7counter
                0x20000818        0x2 ./src/10DOF/IMU.o
 *fill*         0x2000081a        0x2 
 .bss.USBD_Device
                0x2000081c      0x224 ./src/main.o
                0x2000081c                USBD_Device
 .bss.__malloc_sbrk_start
                0x20000a40        0x4 c:/program files (x86)/gnu tools arm embedded/4.8 2014q2/bin/../lib/gcc/arm-none-eabi/4.8.4/../../../../arm-none-eabi/lib/armv7e-m/fpu\libg_s.a(lib_a-nano-mallocr.o)
                0x20000a40                __malloc_sbrk_start
 .bss.__malloc_free_list
                0x20000a44        0x4 c:/program files (x86)/gnu tools arm embedded/4.8 2014q2/bin/../lib/gcc/arm-none-eabi/4.8.4/../../../../arm-none-eabi/lib/armv7e-m/fpu\libg_s.a(lib_a-nano-mallocr.o)
                0x20000a44                __malloc_free_list
 *(COMMON)
 COMMON         0x20000a48        0x4 ./system/src/newlib/_syscalls.o
                0x20000a48                errno
 COMMON         0x20000a4c        0x1 ./src/STM32_USB_Device_Library/Class/CDC/Src/usbd_cdc_if_template.o
                0x20000a4c                g_VCPInitialized
 *fill*         0x20000a4d        0x3 
 COMMON         0x20000a50      0x3b0 ./src/usbd_conf.o
                0x20000a50                hpcd
 COMMON         0x20000e00      0x100 ./src/usbd_desc.o
                0x20000e00                USBD_StrDesc
 *(.bss_end .bss_end.*)
 .bss_end       0x20000f00        0x4 ./system/src/newlib/_startup.o
                0x20000f04                . = ALIGN (0x4)
                0x20000f04                __bss_end__ = .
                0x20000f04                _ebss = .

.noinit         0x20000f04        0x0
                0x20000f04                . = ALIGN (0x4)
                0x20000f04                _noinit = .
 *(.noinit .noinit.*)
                0x20000f04                . = ALIGN (0x4)
                0x20000f04                _end_noinit = .
                0x20000f04                PROVIDE (end, _end_noinit)
                0x20000f04                PROVIDE (_end, _end_noinit)
                0x20000f04                PROVIDE (__end, _end_noinit)
                0x20000f04                PROVIDE (__end__, _end_noinit)

._check_stack   0x20000f04      0x100 load address 0x080090a4
                0x20000f04                . = ALIGN (0x4)
                0x20001004                . = (. + _Minimum_Stack_Size)
 *fill*         0x20000f04      0x100 
                0x20001004                . = ALIGN (0x4)

.bss_CCMRAM
 *(.bss.CCMRAM .bss.CCMRAM.*)

.b1text
 *(.b1text)
 *(.b1rodata)
 *(.b1rodata.*)

.eb0text
 *(.eb0text)
 *(.eb0rodata)
 *(.eb0rodata.*)

.eb1text
 *(.eb1text)
 *(.eb1rodata)
 *(.eb1rodata.*)

.eb2text
 *(.eb2text)
 *(.eb2rodata)
 *(.eb2rodata.*)

.eb3text
 *(.eb3text)
 *(.eb3rodata)
 *(.eb3rodata.*)

.stab
 *(.stab)

.stabstr
 *(.stabstr)

.stab.excl
 *(.stab.excl)

.stab.exclstr
 *(.stab.exclstr)

.stab.index
 *(.stab.index)

.stab.indexstr
 *(.stab.indexstr)

.comment        0x00000000       0x70
 *(.comment)
 .comment       0x00000000       0x70 ./system/src/stm32f4-hal/stm32f4xx_hal.o
                                 0x71 (size before relaxing)
 .comment       0x00000000       0x71 ./system/src/stm32f4-hal/stm32f4xx_hal_cortex.o
 .comment       0x00000000       0x71 ./system/src/stm32f4-hal/stm32f4xx_hal_gpio.o
 .comment       0x00000000       0x71 ./system/src/stm32f4-hal/stm32f4xx_hal_i2c.o
 .comment       0x00000000       0x71 ./system/src/stm32f4-hal/stm32f4xx_hal_pcd.o
 .comment       0x00000000       0x71 ./system/src/stm32f4-hal/stm32f4xx_hal_rcc.o
 .comment       0x00000000       0x71 ./system/src/stm32f4-hal/stm32f4xx_hal_spi.o
 .comment       0x00000000       0x71 ./system/src/stm32f4-hal/stm32f4xx_hal_tim.o
 .comment       0x00000000       0x71 ./system/src/stm32f4-hal/stm32f4xx_ll_usb.o
 .comment       0x00000000       0x71 ./system/src/newlib/_exit.o
 .comment       0x00000000       0x71 ./system/src/newlib/_sbrk.o
 .comment       0x00000000       0x71 ./system/src/newlib/_startup.o
 .comment       0x00000000       0x71 ./system/src/newlib/_syscalls.o
 .comment       0x00000000       0x71 ./system/src/newlib/assert.o
 .comment       0x00000000       0x71 ./system/src/diag/Trace.o
 .comment       0x00000000       0x71 ./system/src/diag/trace_impl.o
 .comment       0x00000000       0x71 ./system/src/cortexm/exception_handlers.o
 .comment       0x00000000       0x71 ./system/src/cmsis/system_stm32f4xx.o
 .comment       0x00000000       0x71 ./system/src/cmsis/vectors_stm32f4xx.o
 .comment       0x00000000       0x71 ./src/STM32_USB_Device_Library/Core/Src/usbd_core.o
 .comment       0x00000000       0x71 ./src/STM32_USB_Device_Library/Core/Src/usbd_ctlreq.o
 .comment       0x00000000       0x71 ./src/STM32_USB_Device_Library/Core/Src/usbd_ioreq.o
 .comment       0x00000000       0x71 ./src/STM32_USB_Device_Library/Class/CDC/Src/usbd_cdc.o
 .comment       0x00000000       0x71 ./src/STM32_USB_Device_Library/Class/CDC/Src/usbd_cdc_if_template.o
 .comment       0x00000000       0x71 ./src/NokiaLCD/nokiaLCD.o
 .comment       0x00000000       0x71 ./src/GPIO/gpio.o
 .comment       0x00000000       0x71 ./src/Delay/delay.o
 .comment       0x00000000       0x71 ./src/Accelerometer/accelerometer.o
 .comment       0x00000000       0x71 ./src/Accelerometer/stm32f4_discovery_lis3dsh.o
 .comment       0x00000000       0x71 ./src/10DOF/I2C.o
 .comment       0x00000000       0x71 ./src/10DOF/IMU.o
 .comment       0x00000000       0x71 ./src/10DOF/adxl345.o
 .comment       0x00000000       0x71 ./src/10DOF/bmp085.o
 .comment       0x00000000       0x71 ./src/10DOF/hmc5883l.o
 .comment       0x00000000       0x71 ./src/10DOF/itg3200.o
 .comment       0x00000000       0x71 ./src/BlinkLed.o
 .comment       0x00000000       0x71 ./src/_initialize_hardware.o
 .comment       0x00000000       0x71 ./src/main.o
 .comment       0x00000000       0x71 ./src/usbd_conf.o
 .comment       0x00000000       0x71 ./src/usbd_desc.o

.ARM.attributes
                0x00000000       0x39
 .ARM.attributes
                0x00000000       0x39 ./system/src/stm32f4-hal/stm32f4xx_hal.o
 .ARM.attributes
                0x00000039       0x39 ./system/src/stm32f4-hal/stm32f4xx_hal_cortex.o
 .ARM.attributes
                0x00000072       0x39 ./system/src/stm32f4-hal/stm32f4xx_hal_gpio.o
 .ARM.attributes
                0x000000ab       0x39 ./system/src/stm32f4-hal/stm32f4xx_hal_i2c.o
 .ARM.attributes
                0x000000e4       0x39 ./system/src/stm32f4-hal/stm32f4xx_hal_pcd.o
 .ARM.attributes
                0x0000011d       0x39 ./system/src/stm32f4-hal/stm32f4xx_hal_rcc.o
 .ARM.attributes
                0x00000156       0x39 ./system/src/stm32f4-hal/stm32f4xx_hal_spi.o
 .ARM.attributes
                0x0000018f       0x39 ./system/src/stm32f4-hal/stm32f4xx_hal_tim.o
 .ARM.attributes
                0x000001c8       0x39 ./system/src/stm32f4-hal/stm32f4xx_ll_usb.o
 .ARM.attributes
                0x00000201       0x39 ./system/src/newlib/_exit.o
 .ARM.attributes
                0x0000023a       0x39 ./system/src/newlib/_sbrk.o
 .ARM.attributes
                0x00000273       0x39 ./system/src/newlib/_startup.o
 .ARM.attributes
                0x000002ac       0x39 ./system/src/newlib/_syscalls.o
 .ARM.attributes
                0x000002e5       0x39 ./system/src/newlib/assert.o
 .ARM.attributes
                0x0000031e       0x39 ./system/src/diag/Trace.o
 .ARM.attributes
                0x00000357       0x39 ./system/src/diag/trace_impl.o
 .ARM.attributes
                0x00000390       0x39 ./system/src/cortexm/exception_handlers.o
 .ARM.attributes
                0x000003c9       0x39 ./system/src/cmsis/system_stm32f4xx.o
 .ARM.attributes
                0x00000402       0x39 ./system/src/cmsis/vectors_stm32f4xx.o
 .ARM.attributes
                0x0000043b       0x39 ./src/STM32_USB_Device_Library/Core/Src/usbd_core.o
 .ARM.attributes
                0x00000474       0x39 ./src/STM32_USB_Device_Library/Core/Src/usbd_ctlreq.o
 .ARM.attributes
                0x000004ad       0x39 ./src/STM32_USB_Device_Library/Core/Src/usbd_ioreq.o
 .ARM.attributes
                0x000004e6       0x39 ./src/STM32_USB_Device_Library/Class/CDC/Src/usbd_cdc.o
 .ARM.attributes
                0x0000051f       0x39 ./src/STM32_USB_Device_Library/Class/CDC/Src/usbd_cdc_if_template.o
 .ARM.attributes
                0x00000558       0x39 ./src/NokiaLCD/nokiaLCD.o
 .ARM.attributes
                0x00000591       0x39 ./src/GPIO/gpio.o
 .ARM.attributes
                0x000005ca       0x39 ./src/Delay/delay.o
 .ARM.attributes
                0x00000603       0x39 ./src/Accelerometer/accelerometer.o
 .ARM.attributes
                0x0000063c       0x39 ./src/Accelerometer/stm32f4_discovery_lis3dsh.o
 .ARM.attributes
                0x00000675       0x39 ./src/10DOF/I2C.o
 .ARM.attributes
                0x000006ae       0x39 ./src/10DOF/IMU.o
 .ARM.attributes
                0x000006e7       0x39 ./src/10DOF/adxl345.o
 .ARM.attributes
                0x00000720       0x39 ./src/10DOF/bmp085.o
 .ARM.attributes
                0x00000759       0x39 ./src/10DOF/hmc5883l.o
 .ARM.attributes
                0x00000792       0x39 ./src/10DOF/itg3200.o
 .ARM.attributes
                0x000007cb       0x39 ./src/BlinkLed.o
 .ARM.attributes
                0x00000804       0x39 ./src/_initialize_hardware.o
 .ARM.attributes
                0x0000083d       0x39 ./src/main.o
 .ARM.attributes
                0x00000876       0x39 ./src/usbd_conf.o
 .ARM.attributes
                0x000008af       0x39 ./src/usbd_desc.o
 .ARM.attributes
                0x000008e8       0x34 c:/program files (x86)/gnu tools arm embedded/4.8 2014q2/bin/../lib/gcc/arm-none-eabi/4.8.4/../../../../arm-none-eabi/lib/armv7e-m/fpu\libm.a(lib_a-w_atan2.o)
 .ARM.attributes
                0x0000091c       0x34 c:/program files (x86)/gnu tools arm embedded/4.8 2014q2/bin/../lib/gcc/arm-none-eabi/4.8.4/../../../../arm-none-eabi/lib/armv7e-m/fpu\libm.a(lib_a-e_atan2.o)
 .ARM.attributes
                0x00000950       0x34 c:/program files (x86)/gnu tools arm embedded/4.8 2014q2/bin/../lib/gcc/arm-none-eabi/4.8.4/../../../../arm-none-eabi/lib/armv7e-m/fpu\libm.a(lib_a-s_atan.o)
 .ARM.attributes
                0x00000984       0x34 c:/program files (x86)/gnu tools arm embedded/4.8 2014q2/bin/../lib/gcc/arm-none-eabi/4.8.4/../../../../arm-none-eabi/lib/armv7e-m/fpu\libm.a(lib_a-s_fabs.o)
 .ARM.attributes
                0x000009b8       0x22 c:/program files (x86)/gnu tools arm embedded/4.8 2014q2/bin/../lib/gcc/arm-none-eabi/4.8.4/armv7e-m/fpu\libgcc.a(_arm_addsubdf3.o)
 .ARM.attributes
                0x000009da       0x22 c:/program files (x86)/gnu tools arm embedded/4.8 2014q2/bin/../lib/gcc/arm-none-eabi/4.8.4/armv7e-m/fpu\libgcc.a(_arm_muldivdf3.o)
 .ARM.attributes
                0x000009fc       0x22 c:/program files (x86)/gnu tools arm embedded/4.8 2014q2/bin/../lib/gcc/arm-none-eabi/4.8.4/armv7e-m/fpu\libgcc.a(_arm_cmpdf2.o)
 .ARM.attributes
                0x00000a1e       0x22 c:/program files (x86)/gnu tools arm embedded/4.8 2014q2/bin/../lib/gcc/arm-none-eabi/4.8.4/armv7e-m/fpu\libgcc.a(_arm_fixdfsi.o)
 .ARM.attributes
                0x00000a40       0x22 c:/program files (x86)/gnu tools arm embedded/4.8 2014q2/bin/../lib/gcc/arm-none-eabi/4.8.4/armv7e-m/fpu\libgcc.a(_arm_fixunsdfsi.o)
 .ARM.attributes
                0x00000a62       0x34 c:/program files (x86)/gnu tools arm embedded/4.8 2014q2/bin/../lib/gcc/arm-none-eabi/4.8.4/../../../../arm-none-eabi/lib/armv7e-m/fpu\libg_s.a(lib_a-errno.o)
 .ARM.attributes
                0x00000a96       0x34 c:/program files (x86)/gnu tools arm embedded/4.8 2014q2/bin/../lib/gcc/arm-none-eabi/4.8.4/../../../../arm-none-eabi/lib/armv7e-m/fpu\libg_s.a(lib_a-impure.o)
 .ARM.attributes
                0x00000aca       0x34 c:/program files (x86)/gnu tools arm embedded/4.8 2014q2/bin/../lib/gcc/arm-none-eabi/4.8.4/../../../../arm-none-eabi/lib/armv7e-m/fpu\libg_s.a(lib_a-malloc.o)
 .ARM.attributes
                0x00000afe       0x34 c:/program files (x86)/gnu tools arm embedded/4.8 2014q2/bin/../lib/gcc/arm-none-eabi/4.8.4/../../../../arm-none-eabi/lib/armv7e-m/fpu\libg_s.a(lib_a-memcpy-stub.o)
 .ARM.attributes
                0x00000b32       0x34 c:/program files (x86)/gnu tools arm embedded/4.8 2014q2/bin/../lib/gcc/arm-none-eabi/4.8.4/../../../../arm-none-eabi/lib/armv7e-m/fpu\libg_s.a(lib_a-nano-freer.o)
 .ARM.attributes
                0x00000b66       0x34 c:/program files (x86)/gnu tools arm embedded/4.8 2014q2/bin/../lib/gcc/arm-none-eabi/4.8.4/../../../../arm-none-eabi/lib/armv7e-m/fpu\libg_s.a(lib_a-nano-mallocr.o)
 .ARM.attributes
                0x00000b9a       0x34 c:/program files (x86)/gnu tools arm embedded/4.8 2014q2/bin/../lib/gcc/arm-none-eabi/4.8.4/../../../../arm-none-eabi/lib/armv7e-m/fpu\libg_s.a(lib_a-sbrkr.o)
 .ARM.attributes
                0x00000bce       0x34 c:/program files (x86)/gnu tools arm embedded/4.8 2014q2/bin/../lib/gcc/arm-none-eabi/4.8.4/../../../../arm-none-eabi/lib/armv7e-m/fpu\libg_s.a(lib_a-strlen.o)
 .ARM.attributes
                0x00000c02       0x34 c:/program files (x86)/gnu tools arm embedded/4.8 2014q2/bin/../lib/gcc/arm-none-eabi/4.8.4/../../../../arm-none-eabi/lib/armv7e-m/fpu\libg_s.a(lib_a-svfprintf.o)
 .ARM.attributes
                0x00000c36       0x34 c:/program files (x86)/gnu tools arm embedded/4.8 2014q2/bin/../lib/gcc/arm-none-eabi/4.8.4/../../../../arm-none-eabi/lib/armv7e-m/fpu\libg_s.a(lib_a-vfprintf_i.o)
 .ARM.attributes
                0x00000c6a       0x34 c:/program files (x86)/gnu tools arm embedded/4.8 2014q2/bin/../lib/gcc/arm-none-eabi/4.8.4/../../../../arm-none-eabi/lib/armv7e-m/fpu\libg_s.a(lib_a-vsnprintf.o)
 .ARM.attributes
                0x00000c9e       0x34 c:/program files (x86)/gnu tools arm embedded/4.8 2014q2/bin/../lib/gcc/arm-none-eabi/4.8.4/../../../../arm-none-eabi/lib/armv7e-m/fpu\libg_s.a(lib_a-memchr-stub.o)
 .ARM.attributes
                0x00000cd2       0x34 c:/program files (x86)/gnu tools arm embedded/4.8 2014q2/bin/../lib/gcc/arm-none-eabi/4.8.4/../../../../arm-none-eabi/lib/armv7e-m/fpu\libg_s.a(lib_a-memmove.o)
 .ARM.attributes
                0x00000d06       0x34 c:/program files (x86)/gnu tools arm embedded/4.8 2014q2/bin/../lib/gcc/arm-none-eabi/4.8.4/../../../../arm-none-eabi/lib/armv7e-m/fpu\libg_s.a(lib_a-nano-reallocr.o)
 .ARM.attributes
                0x00000d3a       0x34 c:/program files (x86)/gnu tools arm embedded/4.8 2014q2/bin/../lib/gcc/arm-none-eabi/4.8.4/../../../../arm-none-eabi/lib/armv7e-m/fpu\libg_s.a(lib_a-nano-msizer.o)

.debug
 *(.debug)

.line
 *(.line)

.debug_srcinfo
 *(.debug_srcinfo)

.debug_sfnames
 *(.debug_sfnames)

.debug_aranges  0x00000000     0x1880
 *(.debug_aranges)
 .debug_aranges
                0x00000000       0xa8 ./system/src/stm32f4-hal/stm32f4xx_hal.o
 .debug_aranges
                0x000000a8       0x90 ./system/src/stm32f4-hal/stm32f4xx_hal_cortex.o
 .debug_aranges
                0x00000138       0x50 ./system/src/stm32f4-hal/stm32f4xx_hal_gpio.o
 .debug_aranges
                0x00000188      0x1e8 ./system/src/stm32f4-hal/stm32f4xx_hal_i2c.o
 .debug_aranges
                0x00000370      0x130 ./system/src/stm32f4-hal/stm32f4xx_hal_pcd.o
 .debug_aranges
                0x000004a0       0x88 ./system/src/stm32f4-hal/stm32f4xx_hal_rcc.o
 .debug_aranges
                0x00000528      0x108 ./system/src/stm32f4-hal/stm32f4xx_hal_spi.o
 .debug_aranges
                0x00000630      0x358 ./system/src/stm32f4-hal/stm32f4xx_hal_tim.o
 .debug_aranges
                0x00000988      0x180 ./system/src/stm32f4-hal/stm32f4xx_ll_usb.o
 .debug_aranges
                0x00000b08       0x28 ./system/src/newlib/_exit.o
 .debug_aranges
                0x00000b30       0x28 ./system/src/newlib/_sbrk.o
 .debug_aranges
                0x00000b58       0x40 ./system/src/newlib/_startup.o
 .debug_aranges
                0x00000b98       0xd0 ./system/src/newlib/_syscalls.o
 .debug_aranges
                0x00000c68       0x28 ./system/src/newlib/assert.o
 .debug_aranges
                0x00000c90       0x38 ./system/src/diag/Trace.o
 .debug_aranges
                0x00000cc8       0x30 ./system/src/diag/trace_impl.o
 .debug_aranges
                0x00000cf8       0x78 ./system/src/cortexm/exception_handlers.o
 .debug_aranges
                0x00000d70       0x28 ./system/src/cmsis/system_stm32f4xx.o
 .debug_aranges
                0x00000d98       0x20 ./system/src/cmsis/vectors_stm32f4xx.o
 .debug_aranges
                0x00000db8       0xb8 ./src/STM32_USB_Device_Library/Core/Src/usbd_core.o
 .debug_aranges
                0x00000e70       0x88 ./src/STM32_USB_Device_Library/Core/Src/usbd_ctlreq.o
 .debug_aranges
                0x00000ef8       0x50 ./src/STM32_USB_Device_Library/Core/Src/usbd_ioreq.o
 .debug_aranges
                0x00000f48       0x90 ./src/STM32_USB_Device_Library/Class/CDC/Src/usbd_cdc.o
 .debug_aranges
                0x00000fd8       0x48 ./src/STM32_USB_Device_Library/Class/CDC/Src/usbd_cdc_if_template.o
 .debug_aranges
                0x00001020       0x60 ./src/NokiaLCD/nokiaLCD.o
 .debug_aranges
                0x00001080       0x30 ./src/GPIO/gpio.o
 .debug_aranges
                0x000010b0       0x20 ./src/Delay/delay.o
 .debug_aranges
                0x000010d0       0x38 ./src/Accelerometer/accelerometer.o
 .debug_aranges
                0x00001108       0x90 ./src/Accelerometer/stm32f4_discovery_lis3dsh.o
 .debug_aranges
                0x00001198       0x18 ./src/10DOF/I2C.o
 .debug_aranges
                0x000011b0       0x50 ./src/10DOF/IMU.o
 .debug_aranges
                0x00001200      0x1a0 ./src/10DOF/adxl345.o
 .debug_aranges
                0x000013a0       0xa8 ./src/10DOF/bmp085.o
 .debug_aranges
                0x00001448       0xf0 ./src/10DOF/hmc5883l.o
 .debug_aranges
                0x00001538      0x170 ./src/10DOF/itg3200.o
 .debug_aranges
                0x000016a8       0x20 ./src/BlinkLed.o
 .debug_aranges
                0x000016c8       0x28 ./src/_initialize_hardware.o
 .debug_aranges
                0x000016f0       0x38 ./src/main.o
 .debug_aranges
                0x00001728       0xf8 ./src/usbd_conf.o
 .debug_aranges
                0x00001820       0x60 ./src/usbd_desc.o

.debug_pubnames
 *(.debug_pubnames)

.debug_info     0x00000000    0x2cfdb
 *(.debug_info .gnu.linkonce.wi.*)
 .debug_info    0x00000000      0x577 ./system/src/stm32f4-hal/stm32f4xx_hal.o
 .debug_info    0x00000577      0xd95 ./system/src/stm32f4-hal/stm32f4xx_hal_cortex.o
 .debug_info    0x0000130c      0x7bc ./system/src/stm32f4-hal/stm32f4xx_hal_gpio.o
 .debug_info    0x00001ac8     0x26b8 ./system/src/stm32f4-hal/stm32f4xx_hal_i2c.o
 .debug_info    0x00004180     0x1626 ./system/src/stm32f4-hal/stm32f4xx_hal_pcd.o
 .debug_info    0x000057a6     0x186e ./system/src/stm32f4-hal/stm32f4xx_hal_rcc.o
 .debug_info    0x00007014     0x15e8 ./system/src/stm32f4-hal/stm32f4xx_hal_spi.o
 .debug_info    0x000085fc     0x4187 ./system/src/stm32f4-hal/stm32f4xx_hal_tim.o
 .debug_info    0x0000c783     0x1604 ./system/src/stm32f4-hal/stm32f4xx_ll_usb.o
 .debug_info    0x0000dd87      0x100 ./system/src/newlib/_exit.o
 .debug_info    0x0000de87      0x562 ./system/src/newlib/_sbrk.o
 .debug_info    0x0000e3e9      0x469 ./system/src/newlib/_startup.o
 .debug_info    0x0000e852      0x8f3 ./system/src/newlib/_syscalls.o
 .debug_info    0x0000f145      0x1cd ./system/src/newlib/assert.o
 .debug_info    0x0000f312      0x325 ./system/src/diag/Trace.o
 .debug_info    0x0000f637      0x3fe ./system/src/diag/trace_impl.o
 .debug_info    0x0000fa35      0x10b ./system/src/cortexm/exception_handlers.o
 .debug_info    0x0000fb40      0x4a7 ./system/src/cmsis/system_stm32f4xx.o
 .debug_info    0x0000ffe7       0x92 ./system/src/cmsis/vectors_stm32f4xx.o
 .debug_info    0x00010079      0xc9f ./src/STM32_USB_Device_Library/Core/Src/usbd_core.o
 .debug_info    0x00010d18      0xe43 ./src/STM32_USB_Device_Library/Core/Src/usbd_ctlreq.o
 .debug_info    0x00011b5b      0x796 ./src/STM32_USB_Device_Library/Core/Src/usbd_ioreq.o
 .debug_info    0x000122f1      0xd80 ./src/STM32_USB_Device_Library/Class/CDC/Src/usbd_cdc.o
 .debug_info    0x00013071      0x97e ./src/STM32_USB_Device_Library/Class/CDC/Src/usbd_cdc_if_template.o
 .debug_info    0x000139ef      0xd8e ./src/NokiaLCD/nokiaLCD.o
 .debug_info    0x0001477d      0xa32 ./src/GPIO/gpio.o
 .debug_info    0x000151af      0x17c ./src/Delay/delay.o
 .debug_info    0x0001532b      0xd73 ./src/Accelerometer/accelerometer.o
 .debug_info    0x0001609e     0x114c ./src/Accelerometer/stm32f4_discovery_lis3dsh.o
 .debug_info    0x000171ea      0x7a0 ./src/10DOF/I2C.o
 .debug_info    0x0001798a     0x2af5 ./src/10DOF/IMU.o
 .debug_info    0x0001a47f     0x359c ./src/10DOF/adxl345.o
 .debug_info    0x0001da1b     0x1b19 ./src/10DOF/bmp085.o
 .debug_info    0x0001f534     0x2887 ./src/10DOF/hmc5883l.o
 .debug_info    0x00021dbb     0x3a8e ./src/10DOF/itg3200.o
 .debug_info    0x00025849      0x4fd ./src/BlinkLed.o
 .debug_info    0x00025d46      0x645 ./src/_initialize_hardware.o
 .debug_info    0x0002638b     0x4a93 ./src/main.o
 .debug_info    0x0002ae1e     0x1c2f ./src/usbd_conf.o
 .debug_info    0x0002ca4d      0x58e ./src/usbd_desc.o

.debug_abbrev   0x00000000     0x6012
 *(.debug_abbrev)
 .debug_abbrev  0x00000000      0x1b0 ./system/src/stm32f4-hal/stm32f4xx_hal.o
 .debug_abbrev  0x000001b0      0x2a9 ./system/src/stm32f4-hal/stm32f4xx_hal_cortex.o
 .debug_abbrev  0x00000459      0x1fa ./system/src/stm32f4-hal/stm32f4xx_hal_gpio.o
 .debug_abbrev  0x00000653      0x213 ./system/src/stm32f4-hal/stm32f4xx_hal_i2c.o
 .debug_abbrev  0x00000866      0x2c1 ./system/src/stm32f4-hal/stm32f4xx_hal_pcd.o
 .debug_abbrev  0x00000b27      0x2c6 ./system/src/stm32f4-hal/stm32f4xx_hal_rcc.o
 .debug_abbrev  0x00000ded      0x27d ./system/src/stm32f4-hal/stm32f4xx_hal_spi.o
 .debug_abbrev  0x0000106a      0x252 ./system/src/stm32f4-hal/stm32f4xx_hal_tim.o
 .debug_abbrev  0x000012bc      0x247 ./system/src/stm32f4-hal/stm32f4xx_ll_usb.o
 .debug_abbrev  0x00001503       0xa4 ./system/src/newlib/_exit.o
 .debug_abbrev  0x000015a7      0x1c4 ./system/src/newlib/_sbrk.o
 .debug_abbrev  0x0000176b      0x1da ./system/src/newlib/_startup.o
 .debug_abbrev  0x00001945      0x178 ./system/src/newlib/_syscalls.o
 .debug_abbrev  0x00001abd       0xc9 ./system/src/newlib/assert.o
 .debug_abbrev  0x00001b86      0x178 ./system/src/diag/Trace.o
 .debug_abbrev  0x00001cfe      0x188 ./system/src/diag/trace_impl.o
 .debug_abbrev  0x00001e86       0x65 ./system/src/cortexm/exception_handlers.o
 .debug_abbrev  0x00001eeb      0x104 ./system/src/cmsis/system_stm32f4xx.o
 .debug_abbrev  0x00001fef       0x92 ./system/src/cmsis/vectors_stm32f4xx.o
 .debug_abbrev  0x00002081      0x217 ./src/STM32_USB_Device_Library/Core/Src/usbd_core.o
 .debug_abbrev  0x00002298      0x281 ./src/STM32_USB_Device_Library/Core/Src/usbd_ctlreq.o
 .debug_abbrev  0x00002519      0x16d ./src/STM32_USB_Device_Library/Core/Src/usbd_ioreq.o
 .debug_abbrev  0x00002686      0x272 ./src/STM32_USB_Device_Library/Class/CDC/Src/usbd_cdc.o
 .debug_abbrev  0x000028f8      0x25e ./src/STM32_USB_Device_Library/Class/CDC/Src/usbd_cdc_if_template.o
 .debug_abbrev  0x00002b56      0x362 ./src/NokiaLCD/nokiaLCD.o
 .debug_abbrev  0x00002eb8      0x29b ./src/GPIO/gpio.o
 .debug_abbrev  0x00003153      0x138 ./src/Delay/delay.o
 .debug_abbrev  0x0000328b      0x3ac ./src/Accelerometer/accelerometer.o
 .debug_abbrev  0x00003637      0x260 ./src/Accelerometer/stm32f4_discovery_lis3dsh.o
 .debug_abbrev  0x00003897      0x19d ./src/10DOF/I2C.o
 .debug_abbrev  0x00003a34      0x4ba ./src/10DOF/IMU.o
 .debug_abbrev  0x00003eee      0x48c ./src/10DOF/adxl345.o
 .debug_abbrev  0x0000437a      0x487 ./src/10DOF/bmp085.o
 .debug_abbrev  0x00004801      0x49d ./src/10DOF/hmc5883l.o
 .debug_abbrev  0x00004c9e      0x474 ./src/10DOF/itg3200.o
 .debug_abbrev  0x00005112      0x1ec ./src/BlinkLed.o
 .debug_abbrev  0x000052fe      0x185 ./src/_initialize_hardware.o
 .debug_abbrev  0x00005483      0x6ed ./src/main.o
 .debug_abbrev  0x00005b70      0x2eb ./src/usbd_conf.o
 .debug_abbrev  0x00005e5b      0x1b7 ./src/usbd_desc.o

.debug_line     0x00000000    0x1379b
 *(.debug_line)
 .debug_line    0x00000000      0x60f ./system/src/stm32f4-hal/stm32f4xx_hal.o
 .debug_line    0x0000060f      0x67b ./system/src/stm32f4-hal/stm32f4xx_hal_cortex.o
 .debug_line    0x00000c8a      0x622 ./system/src/stm32f4-hal/stm32f4xx_hal_gpio.o
 .debug_line    0x000012ac     0x1383 ./system/src/stm32f4-hal/stm32f4xx_hal_i2c.o