Archive member included because of file (symbol)

c:/program files (x86)/gnu tools arm embedded/4.8 2013q4/bin/../lib/gcc/arm-none-eabi/4.8.3/../../../../arm-none-eabi/lib/armv7e-m\libg_s.a(lib_a-errno.o)
                              ./system/src/newlib/_sbrk.o (__errno)
c:/program files (x86)/gnu tools arm embedded/4.8 2013q4/bin/../lib/gcc/arm-none-eabi/4.8.3/../../../../arm-none-eabi/lib/armv7e-m\libg_s.a(lib_a-fwrite.o)
                              ./src/main.o (fwrite)
c:/program files (x86)/gnu tools arm embedded/4.8 2013q4/bin/../lib/gcc/arm-none-eabi/4.8.3/../../../../arm-none-eabi/lib/armv7e-m\libg_s.a(lib_a-impure.o)
                              ./src/main.o (_impure_ptr)
c:/program files (x86)/gnu tools arm embedded/4.8 2013q4/bin/../lib/gcc/arm-none-eabi/4.8.3/../../../../arm-none-eabi/lib/armv7e-m\libg_s.a(lib_a-puts.o)
                              ./src/main.o (puts)
c:/program files (x86)/gnu tools arm embedded/4.8 2013q4/bin/../lib/gcc/arm-none-eabi/4.8.3/../../../../arm-none-eabi/lib/armv7e-m\libg_s.a(lib_a-strlen.o)
                              ./system/src/diag/Trace.o (strlen)
c:/program files (x86)/gnu tools arm embedded/4.8 2013q4/bin/../lib/gcc/arm-none-eabi/4.8.3/../../../../arm-none-eabi/lib/armv7e-m\libg_s.a(lib_a-vsnprintf.o)
                              ./system/src/diag/Trace.o (vsnprintf)
c:/program files (x86)/gnu tools arm embedded/4.8 2013q4/bin/../lib/gcc/arm-none-eabi/4.8.3/../../../../arm-none-eabi/lib/armv7e-m\libg_s.a(lib_a-wbuf.o)
                              c:/program files (x86)/gnu tools arm embedded/4.8 2013q4/bin/../lib/gcc/arm-none-eabi/4.8.3/../../../../arm-none-eabi/lib/armv7e-m\libg_s.a(lib_a-fwrite.o) (__swbuf_r)
c:/program files (x86)/gnu tools arm embedded/4.8 2013q4/bin/../lib/gcc/arm-none-eabi/4.8.3/../../../../arm-none-eabi/lib/armv7e-m\libg_s.a(lib_a-wsetup.o)
                              c:/program files (x86)/gnu tools arm embedded/4.8 2013q4/bin/../lib/gcc/arm-none-eabi/4.8.3/../../../../arm-none-eabi/lib/armv7e-m\libg_s.a(lib_a-fwrite.o) (__swsetup_r)
c:/program files (x86)/gnu tools arm embedded/4.8 2013q4/bin/../lib/gcc/arm-none-eabi/4.8.3/../../../../arm-none-eabi/lib/armv7e-m\libg_s.a(lib_a-fflush.o)
                              c:/program files (x86)/gnu tools arm embedded/4.8 2013q4/bin/../lib/gcc/arm-none-eabi/4.8.3/../../../../arm-none-eabi/lib/armv7e-m\libg_s.a(lib_a-wbuf.o) (_fflush_r)
c:/program files (x86)/gnu tools arm embedded/4.8 2013q4/bin/../lib/gcc/arm-none-eabi/4.8.3/../../../../arm-none-eabi/lib/armv7e-m\libg_s.a(lib_a-findfp.o)
                              c:/program files (x86)/gnu tools arm embedded/4.8 2013q4/bin/../lib/gcc/arm-none-eabi/4.8.3/../../../../arm-none-eabi/lib/armv7e-m\libg_s.a(lib_a-fwrite.o) (__sinit)
c:/program files (x86)/gnu tools arm embedded/4.8 2013q4/bin/../lib/gcc/arm-none-eabi/4.8.3/../../../../arm-none-eabi/lib/armv7e-m\libg_s.a(lib_a-fwalk.o)
                              c:/program files (x86)/gnu tools arm embedded/4.8 2013q4/bin/../lib/gcc/arm-none-eabi/4.8.3/../../../../arm-none-eabi/lib/armv7e-m\libg_s.a(lib_a-findfp.o) (_fwalk)
c:/program files (x86)/gnu tools arm embedded/4.8 2013q4/bin/../lib/gcc/arm-none-eabi/4.8.3/../../../../arm-none-eabi/lib/armv7e-m\libg_s.a(lib_a-makebuf.o)
                              c:/program files (x86)/gnu tools arm embedded/4.8 2013q4/bin/../lib/gcc/arm-none-eabi/4.8.3/../../../../arm-none-eabi/lib/armv7e-m\libg_s.a(lib_a-wsetup.o) (__smakebuf_r)
c:/program files (x86)/gnu tools arm embedded/4.8 2013q4/bin/../lib/gcc/arm-none-eabi/4.8.3/../../../../arm-none-eabi/lib/armv7e-m\libg_s.a(lib_a-memset.o)
                              c:/program files (x86)/gnu tools arm embedded/4.8 2013q4/bin/../lib/gcc/arm-none-eabi/4.8.3/../../../../arm-none-eabi/lib/armv7e-m\libg_s.a(lib_a-findfp.o) (memset)
c:/program files (x86)/gnu tools arm embedded/4.8 2013q4/bin/../lib/gcc/arm-none-eabi/4.8.3/../../../../arm-none-eabi/lib/armv7e-m\libg_s.a(lib_a-nano-freer.o)
                              c:/program files (x86)/gnu tools arm embedded/4.8 2013q4/bin/../lib/gcc/arm-none-eabi/4.8.3/../../../../arm-none-eabi/lib/armv7e-m\libg_s.a(lib_a-wsetup.o) (_free_r)
c:/program files (x86)/gnu tools arm embedded/4.8 2013q4/bin/../lib/gcc/arm-none-eabi/4.8.3/../../../../arm-none-eabi/lib/armv7e-m\libg_s.a(lib_a-nano-mallocr.o)
                              c:/program files (x86)/gnu tools arm embedded/4.8 2013q4/bin/../lib/gcc/arm-none-eabi/4.8.3/../../../../arm-none-eabi/lib/armv7e-m\libg_s.a(lib_a-findfp.o) (_malloc_r)
c:/program files (x86)/gnu tools arm embedded/4.8 2013q4/bin/../lib/gcc/arm-none-eabi/4.8.3/../../../../arm-none-eabi/lib/armv7e-m\libg_s.a(lib_a-sbrkr.o)
                              c:/program files (x86)/gnu tools arm embedded/4.8 2013q4/bin/../lib/gcc/arm-none-eabi/4.8.3/../../../../arm-none-eabi/lib/armv7e-m\libg_s.a(lib_a-nano-mallocr.o) (_sbrk_r)
[...]
Memory Configuration

Name             Origin             Length             Attributes
RAM              0x20000000         0x00020000         xrw
CCMRAM           0x10000000         0x00010000         xrw
FLASH            0x08000000         0x00100000         xr
FLASHB1          0x00000000         0x00000000         xr
EXTMEMB0         0x00000000         0x00000000         xr
EXTMEMB1         0x00000000         0x00000000         xr
EXTMEMB2         0x00000000         0x00000000         xr
EXTMEMB3         0x00000000         0x00000000         xr
MEMORY_ARRAY     0x20002000         0x00000020         xrw
*default*        0x00000000         0xffffffff

Linker script and memory map

LOAD ./system/src/stm32f4-hal/stm32f4xx_hal.o
LOAD ./system/src/stm32f4-hal/stm32f4xx_hal_cortex.o
LOAD ./system/src/stm32f4-hal/stm32f4xx_hal_flash.o
LOAD ./system/src/stm32f4-hal/stm32f4xx_hal_flash_ex.o
LOAD ./system/src/stm32f4-hal/stm32f4xx_hal_gpio.o
LOAD ./system/src/stm32f4-hal/stm32f4xx_hal_iwdg.o
LOAD ./system/src/stm32f4-hal/stm32f4xx_hal_pwr.o
LOAD ./system/src/stm32f4-hal/stm32f4xx_hal_pwr_ex.o
LOAD ./system/src/stm32f4-hal/stm32f4xx_hal_rcc.o
LOAD ./system/src/stm32f4-hal/stm32f4xx_hal_rcc_ex.o
LOAD ./system/src/newlib/_cxx.o
LOAD ./system/src/newlib/_exit.o
LOAD ./system/src/newlib/_sbrk.o
LOAD ./system/src/newlib/_startup.o
LOAD ./system/src/newlib/_syscalls.o
LOAD ./system/src/newlib/_write.o
LOAD ./system/src/newlib/assert.o
LOAD ./system/src/diag/Trace.o
LOAD ./system/src/diag/trace_impl.o
LOAD ./system/src/cortexm/_initialize_hardware.o
LOAD ./system/src/cortexm/_reset_hardware.o
LOAD ./system/src/cortexm/exception_handlers.o
LOAD ./system/src/cmsis/system_stm32f4xx.o
LOAD ./system/src/cmsis/vectors_stm32f4xx.o
LOAD ./src/BlinkLed.o
LOAD ./src/Timer.o
LOAD ./src/_initialize_hardware.o
LOAD ./src/main.o
LOAD c:/program files (x86)/gnu tools arm embedded/4.8 2013q4/bin/../lib/gcc/arm-none-eabi/4.8.3/../../../../arm-none-eabi/lib/armv7e-m\libstdc++_s.a
LOAD c:/program files (x86)/gnu tools arm embedded/4.8 2013q4/bin/../lib/gcc/arm-none-eabi/4.8.3/../../../../arm-none-eabi/lib/armv7e-m\libm.a
START GROUP
LOAD c:/program files (x86)/gnu tools arm embedded/4.8 2013q4/bin/../lib/gcc/arm-none-eabi/4.8.3/armv7e-m\libgcc.a
LOAD c:/program files (x86)/gnu tools arm embedded/4.8 2013q4/bin/../lib/gcc/arm-none-eabi/4.8.3/../../../../arm-none-eabi/lib/armv7e-m\libg_s.a
LOAD c:/program files (x86)/gnu tools arm embedded/4.8 2013q4/bin/../lib/gcc/arm-none-eabi/4.8.3/../../../../arm-none-eabi/lib/armv7e-m\libc_s.a
END GROUP
START GROUP
LOAD c:/program files (x86)/gnu tools arm embedded/4.8 2013q4/bin/../lib/gcc/arm-none-eabi/4.8.3/armv7e-m\libgcc.a
LOAD c:/program files (x86)/gnu tools arm embedded/4.8 2013q4/bin/../lib/gcc/arm-none-eabi/4.8.3/../../../../arm-none-eabi/lib/armv7e-m\libc_s.a
END GROUP
                0x20020000                __stack = (ORIGIN (RAM) + 0x20000)
                0x20020000                _estack = __stack
                0x00000400                __Main_Stack_Size = 0x400
                0x00000400                PROVIDE (_Main_Stack_Size, __Main_Stack_Size)
                0x2001fc00                __Main_Stack_Limit = (__stack - __Main_Stack_Size)
                0x2001fc00                PROVIDE (_Main_Stack_Limit, __Main_Stack_Limit)
                0x00000100                _Minimum_Stack_Size = 0x100
                0x2000011c                PROVIDE (_Heap_Begin, _end_noinit)
                0x2001fc00                PROVIDE (_Heap_Limit, (__stack - __Main_Stack_Size))

.isr_vector     0x08000000      0x2c4
                0x08000000                . = ALIGN (0x4)
 *(.isr_vector)
 .isr_vector    0x08000000      0x188 ./system/src/cmsis/vectors_stm32f4xx.o
                0x08000000                __isr_vectors
 *(.cfmconfig)
 *(.after_vectors .after_vectors.*)
 .after_vectors
                0x08000188      0x10c ./system/src/newlib/_startup.o
                0x08000188                _start
 .after_vectors
                0x08000294       0x2c ./system/src/cortexm/exception_handlers.o
                0x08000294                Reset_Handler
                0x0800029c                NMI_Handler
                0x080002a0                HardFault_Handler
                0x080002a4                MemManage_Handler
                0x080002a8                BusFault_Handler
                0x080002ac                UsageFault_Handler
                0x080002b0                SVC_Handler
                0x080002b4                DebugMon_Handler
                0x080002b8                PendSV_Handler
 .after_vectors
                0x080002c0        0x4 ./system/src/cmsis/vectors_stm32f4xx.o
                0x080002c0                RTC_Alarm_IRQHandler
                0x080002c0                HASH_RNG_IRQHandler
                0x080002c0                EXTI2_IRQHandler
                0x080002c0                TIM8_CC_IRQHandler
                0x080002c0                SPI4_IRQHandler
                0x080002c0                TIM1_CC_IRQHandler
                0x080002c0                DMA2_Stream5_IRQHandler
                0x080002c0                DMA1_Stream5_IRQHandler
                0x080002c0                PVD_IRQHandler
                0x080002c0                SDIO_IRQHandler
                0x080002c0                TAMP_STAMP_IRQHandler
                0x080002c0                CAN2_RX1_IRQHandler
                0x080002c0                EXTI3_IRQHandler
                0x080002c0                TIM8_TRG_COM_TIM14_IRQHandler
                0x080002c0                TIM1_UP_TIM10_IRQHandler
                0x080002c0                TIM8_UP_TIM13_IRQHandler
                0x080002c0                I2C3_ER_IRQHandler
                0x080002c0                EXTI0_IRQHandler
                0x080002c0                I2C2_EV_IRQHandler
                0x080002c0                DMA1_Stream2_IRQHandler
                0x080002c0                CAN1_RX0_IRQHandler
                0x080002c0                FPU_IRQHandler
                0x080002c0                OTG_HS_WKUP_IRQHandler
                0x080002c0                CAN2_SCE_IRQHandler
                0x080002c0                DMA2_Stream2_IRQHandler
                0x080002c0                SPI1_IRQHandler
                0x080002c0                TIM6_DAC_IRQHandler
                0x080002c0                TIM1_BRK_TIM9_IRQHandler
                0x080002c0                DCMI_IRQHandler
                0x080002c0                CAN2_RX0_IRQHandler
                0x080002c0                DMA2_Stream3_IRQHandler
                0x080002c0                USART6_IRQHandler
                0x080002c0                USART3_IRQHandler
                0x080002c0                CRYP_IRQHandler
                0x080002c0                CAN1_RX1_IRQHandler
                0x080002c0                UART5_IRQHandler
                0x080002c0                DMA2_Stream0_IRQHandler
                0x080002c0                TIM4_IRQHandler
                0x080002c0                I2C1_EV_IRQHandler
                0x080002c0                DMA1_Stream6_IRQHandler
                0x080002c0                DMA1_Stream1_IRQHandler
                0x080002c0                UART4_IRQHandler
                0x080002c0                TIM3_IRQHandler
                0x080002c0                RCC_IRQHandler
                0x080002c0                TIM8_BRK_TIM12_IRQHandler
                0x080002c0                Default_Handler
                0x080002c0                EXTI15_10_IRQHandler
                0x080002c0                ADC_IRQHandler
                0x080002c0                DMA1_Stream7_IRQHandler
                0x080002c0                TIM7_IRQHandler
                0x080002c0                CAN2_TX_IRQHandler
                0x080002c0                TIM5_IRQHandler
                0x080002c0                DMA2_Stream7_IRQHandler
                0x080002c0                I2C3_EV_IRQHandler
                0x080002c0                EXTI9_5_IRQHandler
                0x080002c0                RTC_WKUP_IRQHandler
                0x080002c0                ETH_WKUP_IRQHandler
                0x080002c0                SPI2_IRQHandler
                0x080002c0                OTG_HS_EP1_IN_IRQHandler
                0x080002c0                DMA1_Stream0_IRQHandler
                0x080002c0                CAN1_TX_IRQHandler
                0x080002c0                EXTI4_IRQHandler
                0x080002c0                FSMC_IRQHandler
                0x080002c0                ETH_IRQHandler
                0x080002c0                OTG_HS_EP1_OUT_IRQHandler
                0x080002c0                WWDG_IRQHandler
                0x080002c0                TIM2_IRQHandler
                0x080002c0                OTG_FS_WKUP_IRQHandler
                0x080002c0                TIM1_TRG_COM_TIM11_IRQHandler
                0x080002c0                OTG_HS_IRQHandler
                0x080002c0                EXTI1_IRQHandler
                0x080002c0                USART2_IRQHandler
                0x080002c0                I2C2_ER_IRQHandler
                0x080002c0                DMA2_Stream1_IRQHandler
                0x080002c0                CAN1_SCE_IRQHandler
                0x080002c0                FLASH_IRQHandler
                0x080002c0                DMA2_Stream4_IRQHandler
                0x080002c0                USART1_IRQHandler
                0x080002c0                OTG_FS_IRQHandler
                0x080002c0                SPI3_IRQHandler
                0x080002c0                DMA1_Stream4_IRQHandler
                0x080002c0                I2C1_ER_IRQHandler
                0x080002c0                DMA2_Stream6_IRQHandler
                0x080002c0                DMA1_Stream3_IRQHandler
                0x080002c4                . = ALIGN (0x4)

.inits          0x080002c4        0x0
                0x080002c4                . = ALIGN (0x4)
 *(.init)
 *(.fini)
                0x080002c4                . = ALIGN (0x4)
                0x080002c4                PROVIDE (__preinit_array_start, .)
 *(.preinit_array_sysinit .preinit_array_sysinit.*)
 *(.preinit_array_platform .preinit_array_platform.*)
 *(.preinit_array .preinit_array.*)
                0x080002c4                PROVIDE (__preinit_array_end, .)
                0x080002c4                . = ALIGN (0x4)
                0x080002c4                PROVIDE (__init_array_start, .)
 *(SORT(.init_array.*))
 *(.init_array)
                0x080002c4                PROVIDE (__init_array_end, .)
                0x080002c4                . = ALIGN (0x4)
                0x080002c4                PROVIDE (__fini_array_start, .)
 *(SORT(.fini_array.*))
 *(.fini_array)
                0x080002c4                PROVIDE (__fini_array_end, .)
                0x080002c4                . = ALIGN (0x4)

.flashtext      0x080002c4        0x0
                0x080002c4                . = ALIGN (0x4)
 *(.flashtext .flashtext.*)
                0x080002c4                . = ALIGN (0x4)

.text           0x080002c4     0x22b3
                0x080002c4                . = ALIGN (0x4)
 *(.text .text.*)
 .text.HAL_MspInit
                0x080002c4        0x4 ./system/src/stm32f4-hal/stm32f4xx_hal.o
                0x080002c4                HAL_MspInit
 .text.HAL_Init
                0x080002c8       0x38 ./system/src/stm32f4-hal/stm32f4xx_hal.o
                0x080002c8                HAL_Init
 .text.HAL_GetTick
                0x08000300        0xc ./system/src/stm32f4-hal/stm32f4xx_hal.o
                0x08000300                HAL_GetTick
 .text.HAL_NVIC_SetPriorityGrouping
                0x0800030c       0x3c ./system/src/stm32f4-hal/stm32f4xx_hal_cortex.o
                0x0800030c                HAL_NVIC_SetPriorityGrouping
 .text.HAL_SYSTICK_Config
                0x08000348       0x2c ./system/src/stm32f4-hal/stm32f4xx_hal_cortex.o
                0x08000348                HAL_SYSTICK_Config
 .text.HAL_GPIO_Init
                0x08000374      0x308 ./system/src/stm32f4-hal/stm32f4xx_hal_gpio.o
                0x08000374                HAL_GPIO_Init
 .text.HAL_GPIO_WritePin
                0x0800067c       0x80 ./system/src/stm32f4-hal/stm32f4xx_hal_gpio.o
                0x0800067c                HAL_GPIO_WritePin
 .text.HAL_RCC_OscConfig
                0x080006fc      0x48c ./system/src/stm32f4-hal/stm32f4xx_hal_rcc.o
                0x080006fc                HAL_RCC_OscConfig
 .text.HAL_RCC_GetSysClockFreq
                0x08000b88       0x90 ./system/src/stm32f4-hal/stm32f4xx_hal_rcc.o
                0x08000b88                HAL_RCC_GetSysClockFreq
 .text.HAL_RCC_GetHCLKFreq
                0x08000c18       0x38 ./system/src/stm32f4-hal/stm32f4xx_hal_rcc.o
                0x08000c18                HAL_RCC_GetHCLKFreq
 .text.HAL_RCC_ClockConfig
                0x08000c50      0x2f4 ./system/src/stm32f4-hal/stm32f4xx_hal_rcc.o
                0x08000c50                HAL_RCC_ClockConfig
 .text._exit    0x08000f44        0x4 ./system/src/newlib/_exit.o
                0x08000f44                _exit
 .text.abort    0x08000f48       0x14 ./system/src/newlib/_exit.o
                0x08000f48                abort
 .text._sbrk    0x08000f5c       0x44 ./system/src/newlib/_sbrk.o
                0x08000f5c                _sbrk
 .text.__initialize_args
                0x08000fa0       0x10 ./system/src/newlib/_syscalls.o
                0x08000fa0                __initialize_args
 .text._close   0x08000fb0       0x10 ./system/src/newlib/_syscalls.o
                0x08000fb0                _close
 .text._fstat   0x08000fc0       0x10 ./system/src/newlib/_syscalls.o
                0x08000fc0                _fstat
 .text._isatty  0x08000fd0       0x10 ./system/src/newlib/_syscalls.o
                0x08000fd0                _isatty
 .text._lseek   0x08000fe0       0x10 ./system/src/newlib/_syscalls.o
                0x08000fe0                _lseek
 .text._read    0x08000ff0       0x10 ./system/src/newlib/_syscalls.o
                0x08000ff0                _read
 .text._write   0x08001000       0x20 ./system/src/newlib/_write.o
                0x08001000                _write
 .text.assert_failed
                0x08001020       0x18 ./system/src/newlib/assert.o
                0x08001020                assert_failed
 .text.trace_printf
                0x08001038       0x34 ./system/src/diag/Trace.o
                0x08001038                trace_printf
 .text.trace_puts
                0x0800106c       0x20 ./system/src/diag/Trace.o
                0x0800106c                trace_puts
 .text._trace_write_itm
                0x0800108c       0x3c ./system/src/diag/trace_impl.o
 .text.trace_write
                0x080010c8        0x8 ./system/src/diag/trace_impl.o
                0x080010c8                trace_write
 .text.SystemInit
                0x080010d0       0x40 ./system/src/cmsis/system_stm32f4xx.o
                0x080010d0                SystemInit
 .text._ZN8BlinkLed7powerUpEv
                0x08001110       0x40 ./src/BlinkLed.o
                0x08001110                BlinkLed::powerUp()
 .text._ZN5Timer5sleepEm
                0x08001150       0x14 ./src/Timer.o
                0x08001150                Timer::sleep(unsigned long)
 .text.SysTick_Handler
                0x08001164       0x14 ./src/Timer.o
                0x08001164                SysTick_Handler
 .text.configure_system_clock
                0x08001178       0x68 ./src/_initialize_hardware.o
                0x08001178                configure_system_clock
 .text.__initialize_hardware
                0x080011e0       0x10 ./src/_initialize_hardware.o
                0x080011e0                __initialize_hardware
 .text.main     0x080011f0       0xcc ./src/main.o
                0x080011f0                main
 .text.__errno  0x080012bc        0xc c:/program files (x86)/gnu tools arm embedded/4.8 2013q4/bin/../lib/gcc/arm-none-eabi/4.8.3/../../../../arm-none-eabi/lib/armv7e-m\libg_s.a(lib_a-errno.o)
                0x080012bc                __errno
 .text._fwrite_r
                0x080012c8       0xb0 c:/program files (x86)/gnu tools arm embedded/4.8 2013q4/bin/../lib/gcc/arm-none-eabi/4.8.3/../../../../arm-none-eabi/lib/armv7e-m\libg_s.a(lib_a-fwrite.o)
                0x080012c8                _fwrite_r
 .text.fwrite   0x08001378       0x20 c:/program files (x86)/gnu tools arm embedded/4.8 2013q4/bin/../lib/gcc/arm-none-eabi/4.8.3/../../../../arm-none-eabi/lib/armv7e-m\libg_s.a(lib_a-fwrite.o)
                0x08001378                fwrite
 .text._puts_r  0x08001398       0xc0 c:/program files (x86)/gnu tools arm embedded/4.8 2013q4/bin/../lib/gcc/arm-none-eabi/4.8.3/../../../../arm-none-eabi/lib/armv7e-m\libg_s.a(lib_a-puts.o)
                0x08001398                _puts_r
 .text.puts     0x08001458       0x10 c:/program files (x86)/gnu tools arm embedded/4.8 2013q4/bin/../lib/gcc/arm-none-eabi/4.8.3/../../../../arm-none-eabi/lib/armv7e-m\libg_s.a(lib_a-puts.o)
                0x08001458                puts
 .text.strlen   0x08001468       0x10 c:/program files (x86)/gnu tools arm embedded/4.8 2013q4/bin/../lib/gcc/arm-none-eabi/4.8.3/../../../../arm-none-eabi/lib/armv7e-m\libg_s.a(lib_a-strlen.o)
                0x08001468                strlen
 .text._vsnprintf_r
                0x08001478       0x52 c:/program files (x86)/gnu tools arm embedded/4.8 2013q4/bin/../lib/gcc/arm-none-eabi/4.8.3/../../../../arm-none-eabi/lib/armv7e-m\libg_s.a(lib_a-vsnprintf.o)
                0x08001478                _vsniprintf_r
                0x08001478                _vsnprintf_r
 *fill*         0x080014ca        0x2 
 .text.vsnprintf
                0x080014cc       0x20 c:/program files (x86)/gnu tools arm embedded/4.8 2013q4/bin/../lib/gcc/arm-none-eabi/4.8.3/../../../../arm-none-eabi/lib/armv7e-m\libg_s.a(lib_a-vsnprintf.o)
                0x080014cc                vsniprintf
                0x080014cc                vsnprintf
 .text.__swbuf_r
                0x080014ec       0xa8 c:/program files (x86)/gnu tools arm embedded/4.8 2013q4/bin/../lib/gcc/arm-none-eabi/4.8.3/../../../../arm-none-eabi/lib/armv7e-m\libg_s.a(lib_a-wbuf.o)
                0x080014ec                __swbuf_r
 .text.__swsetup_r
                0x08001594       0xdc c:/program files (x86)/gnu tools arm embedded/4.8 2013q4/bin/../lib/gcc/arm-none-eabi/4.8.3/../../../../arm-none-eabi/lib/armv7e-m\libg_s.a(lib_a-wsetup.o)
                0x08001594                __swsetup_r
 .text.__sflush_r
                0x08001670      0x106 c:/program files (x86)/gnu tools arm embedded/4.8 2013q4/bin/../lib/gcc/arm-none-eabi/4.8.3/../../../../arm-none-eabi/lib/armv7e-m\libg_s.a(lib_a-fflush.o)
                0x08001670                __sflush_r
 *fill*         0x08001776        0x2 
 .text._fflush_r
                0x08001778       0x54 c:/program files (x86)/gnu tools arm embedded/4.8 2013q4/bin/../lib/gcc/arm-none-eabi/4.8.3/../../../../arm-none-eabi/lib/armv7e-m\libg_s.a(lib_a-fflush.o)
                0x08001778                _fflush_r
 .text._cleanup_r
                0x080017cc       0x32 c:/program files (x86)/gnu tools arm embedded/4.8 2013q4/bin/../lib/gcc/arm-none-eabi/4.8.3/../../../../arm-none-eabi/lib/armv7e-m\libg_s.a(lib_a-findfp.o)
                0x080017cc                _cleanup_r
 *fill*         0x080017fe        0x2 
 .text.std.isra.0
                0x08001800       0x48 c:/program files (x86)/gnu tools arm embedded/4.8 2013q4/bin/../lib/gcc/arm-none-eabi/4.8.3/../../../../arm-none-eabi/lib/armv7e-m\libg_s.a(lib_a-findfp.o)
 .text.__sfmoreglue
                0x08001848       0x2c c:/program files (x86)/gnu tools arm embedded/4.8 2013q4/bin/../lib/gcc/arm-none-eabi/4.8.3/../../../../arm-none-eabi/lib/armv7e-m\libg_s.a(lib_a-findfp.o)
                0x08001848                __sfmoreglue
 .text.__sinit  0x08001874       0x60 c:/program files (x86)/gnu tools arm embedded/4.8 2013q4/bin/../lib/gcc/arm-none-eabi/4.8.3/../../../../arm-none-eabi/lib/armv7e-m\libg_s.a(lib_a-findfp.o)
                0x08001874                __sinit
 .text.__sfp    0x080018d4       0x74 c:/program files (x86)/gnu tools arm embedded/4.8 2013q4/bin/../lib/gcc/arm-none-eabi/4.8.3/../../../../arm-none-eabi/lib/armv7e-m\libg_s.a(lib_a-findfp.o)
                0x080018d4                __sfp
 .text.__smakebuf_r
                0x08001948       0x9c c:/program files (x86)/gnu tools arm embedded/4.8 2013q4/bin/../lib/gcc/arm-none-eabi/4.8.3/../../../../arm-none-eabi/lib/armv7e-m\libg_s.a(lib_a-makebuf.o)
                0x08001948                __smakebuf_r
 .text.memset   0x080019e4       0x10 c:/program files (x86)/gnu tools arm embedded/4.8 2013q4/bin/../lib/gcc/arm-none-eabi/4.8.3/../../../../arm-none-eabi/lib/armv7e-m\libg_s.a(lib_a-memset.o)
                0x080019e4                memset
 .text._free_r  0x080019f4       0x88 c:/program files (x86)/gnu tools arm embedded/4.8 2013q4/bin/../lib/gcc/arm-none-eabi/4.8.3/../../../../arm-none-eabi/lib/armv7e-m\libg_s.a(lib_a-nano-freer.o)
                0x080019f4                _free_r
 .text._malloc_r
                0x08001a7c       0xa8 c:/program files (x86)/gnu tools arm embedded/4.8 2013q4/bin/../lib/gcc/arm-none-eabi/4.8.3/../../../../arm-none-eabi/lib/armv7e-m\libg_s.a(lib_a-nano-mallocr.o)
                0x08001a7c                _malloc_r
 .text._sbrk_r  0x08001b24       0x20 c:/program files (x86)/gnu tools arm embedded/4.8 2013q4/bin/../lib/gcc/arm-none-eabi/4.8.3/../../../../arm-none-eabi/lib/armv7e-m\libg_s.a(lib_a-sbrkr.o)
                0x08001b24                _sbrk_r
 .text.__sread  0x08001b44       0x22 c:/program files (x86)/gnu tools arm embedded/4.8 2013q4/bin/../lib/gcc/arm-none-eabi/4.8.3/../../../../arm-none-eabi/lib/armv7e-m\libg_s.a(lib_a-stdio.o)
                0x08001b44                __sread
 .text.__swrite
                0x08001b66       0x38 c:/program files (x86)/gnu tools arm embedded/4.8 2013q4/bin/../lib/gcc/arm-none-eabi/4.8.3/../../../../arm-none-eabi/lib/armv7e-m\libg_s.a(lib_a-stdio.o)
                0x08001b66                __swrite
 .text.__sseek  0x08001b9e       0x24 c:/program files (x86)/gnu tools arm embedded/4.8 2013q4/bin/../lib/gcc/arm-none-eabi/4.8.3/../../../../arm-none-eabi/lib/armv7e-m\libg_s.a(lib_a-stdio.o)
                0x08001b9e                __sseek
 .text.__sclose
                0x08001bc2        0x8 c:/program files (x86)/gnu tools arm embedded/4.8 2013q4/bin/../lib/gcc/arm-none-eabi/4.8.3/../../../../arm-none-eabi/lib/armv7e-m\libg_s.a(lib_a-stdio.o)
                0x08001bc2                __sclose
 .text.__ssputs_r
                0x08001bca       0xb8 c:/program files (x86)/gnu tools arm embedded/4.8 2013q4/bin/../lib/gcc/arm-none-eabi/4.8.3/../../../../arm-none-eabi/lib/armv7e-m\libg_s.a(lib_a-svfprintf.o)
                0x08001bca                __ssputs_r
 *fill*         0x08001c82        0x2 
 .text._svfprintf_r
                0x08001c84      0x1dc c:/program files (x86)/gnu tools arm embedded/4.8 2013q4/bin/../lib/gcc/arm-none-eabi/4.8.3/../../../../arm-none-eabi/lib/armv7e-m\libg_s.a(lib_a-svfprintf.o)
                0x08001c84                _svfiprintf_r
                0x08001c84                _svfprintf_r
 .text._printf_common
                0x08001e60       0xe4 c:/program files (x86)/gnu tools arm embedded/4.8 2013q4/bin/../lib/gcc/arm-none-eabi/4.8.3/../../../../arm-none-eabi/lib/armv7e-m\libg_s.a(lib_a-vfprintf_i.o)
                0x08001e60                _printf_common
 .text._printf_i
                0x08001f44      0x228 c:/program files (x86)/gnu tools arm embedded/4.8 2013q4/bin/../lib/gcc/arm-none-eabi/4.8.3/../../../../arm-none-eabi/lib/armv7e-m\libg_s.a(lib_a-vfprintf_i.o)
                0x08001f44                _printf_i
 .text._write_r
                0x0800216c       0x24 c:/program files (x86)/gnu tools arm embedded/4.8 2013q4/bin/../lib/gcc/arm-none-eabi/4.8.3/../../../../arm-none-eabi/lib/armv7e-m\libg_s.a(lib_a-writer.o)
                0x0800216c                _write_r
 .text._close_r
                0x08002190       0x20 c:/program files (x86)/gnu tools arm embedded/4.8 2013q4/bin/../lib/gcc/arm-none-eabi/4.8.3/../../../../arm-none-eabi/lib/armv7e-m\libg_s.a(lib_a-closer.o)
                0x08002190                _close_r
 .text._fstat_r
                0x080021b0       0x24 c:/program files (x86)/gnu tools arm embedded/4.8 2013q4/bin/../lib/gcc/arm-none-eabi/4.8.3/../../../../arm-none-eabi/lib/armv7e-m\libg_s.a(lib_a-fstatr.o)
                0x080021b0                _fstat_r
 .text._isatty_r
                0x080021d4       0x20 c:/program files (x86)/gnu tools arm embedded/4.8 2013q4/bin/../lib/gcc/arm-none-eabi/4.8.3/../../../../arm-none-eabi/lib/armv7e-m\libg_s.a(lib_a-isattyr.o)
                0x080021d4                _isatty_r
 .text._lseek_r
                0x080021f4       0x24 c:/program files (x86)/gnu tools arm embedded/4.8 2013q4/bin/../lib/gcc/arm-none-eabi/4.8.3/../../../../arm-none-eabi/lib/armv7e-m\libg_s.a(lib_a-lseekr.o)
                0x080021f4                _lseek_r
 .text.memchr   0x08002218       0x1e c:/program files (x86)/gnu tools arm embedded/4.8 2013q4/bin/../lib/gcc/arm-none-eabi/4.8.3/../../../../arm-none-eabi/lib/armv7e-m\libg_s.a(lib_a-memchr-stub.o)
                0x08002218                memchr
 .text.memcpy   0x08002236       0x12 c:/program files (x86)/gnu tools arm embedded/4.8 2013q4/bin/../lib/gcc/arm-none-eabi/4.8.3/../../../../arm-none-eabi/lib/armv7e-m\libg_s.a(lib_a-memcpy-stub.o)
                0x08002236                memcpy
 .text.memmove  0x08002248       0x36 c:/program files (x86)/gnu tools arm embedded/4.8 2013q4/bin/../lib/gcc/arm-none-eabi/4.8.3/../../../../arm-none-eabi/lib/armv7e-m\libg_s.a(lib_a-memmove.o)
                0x08002248                memmove
 .text._realloc_r
                0x0800227e       0x4c c:/program files (x86)/gnu tools arm embedded/4.8 2013q4/bin/../lib/gcc/arm-none-eabi/4.8.3/../../../../arm-none-eabi/lib/armv7e-m\libg_s.a(lib_a-nano-reallocr.o)
                0x0800227e                _realloc_r
 *fill*         0x080022ca        0x2 
 .text._read_r  0x080022cc       0x24 c:/program files (x86)/gnu tools arm embedded/4.8 2013q4/bin/../lib/gcc/arm-none-eabi/4.8.3/../../../../arm-none-eabi/lib/armv7e-m\libg_s.a(lib_a-readr.o)
                0x080022cc                _read_r
 .text._malloc_usable_size_r
                0x080022f0       0x12 c:/program files (x86)/gnu tools arm embedded/4.8 2013q4/bin/../lib/gcc/arm-none-eabi/4.8.3/../../../../arm-none-eabi/lib/armv7e-m\libg_s.a(lib_a-nano-msizer.o)
                0x080022f0                _malloc_usable_size_r
 *(.rodata .rodata.*)
 *fill*         0x08002302        0x2 
 .rodata.str1.4
                0x08002304       0x31 ./system/src/stm32f4-hal/stm32f4xx_hal_cortex.o
                                 0x34 (size before relaxing)
 *fill*         0x08002335        0x3 
 .rodata.str1.4
                0x08002338       0x2f ./system/src/stm32f4-hal/stm32f4xx_hal_gpio.o
                                 0x30 (size before relaxing)
 *fill*         0x08002367        0x1 
 .rodata.APBAHBPrescTable
                0x08002368       0x10 ./system/src/stm32f4-hal/stm32f4xx_hal_rcc.o
                0x08002368                APBAHBPrescTable
 .rodata.str1.4
                0x08002378       0x2e ./system/src/stm32f4-hal/stm32f4xx_hal_rcc.o
                                 0x30 (size before relaxing)
 *fill*         0x080023a6        0x2 
 .rodata.str1.4
                0x080023a8       0x14 ./system/src/newlib/_exit.o
 .rodata.str1.4
                0x080023bc       0x6b ./system/src/newlib/assert.o
                                 0x70 (size before relaxing)
 *fill*         0x08002427        0x1 
 .rodata.str1.4
                0x08002428       0x2d ./system/src/diag/Trace.o
                                 0x30 (size before relaxing)
 *fill*         0x08002455        0x3 
 .rodata.str1.4
                0x08002458       0x84 ./src/main.o
 .rodata.str1.1
                0x080024dc        0x2 c:/program files (x86)/gnu tools arm embedded/4.8 2013q4/bin/../lib/gcc/arm-none-eabi/4.8.3/../../../../arm-none-eabi/lib/armv7e-m\libg_s.a(lib_a-impure.o)
 *fill*         0x080024de        0x2 
 .rodata._global_impure_ptr
                0x080024e0        0x4 c:/program files (x86)/gnu tools arm embedded/4.8 2013q4/bin/../lib/gcc/arm-none-eabi/4.8.3/../../../../arm-none-eabi/lib/armv7e-m\libg_s.a(lib_a-impure.o)
                0x080024e0                _global_impure_ptr
 .rodata.__sf_fake_stdin
                0x080024e4       0x20 c:/program files (x86)/gnu tools arm embedded/4.8 2013q4/bin/../lib/gcc/arm-none-eabi/4.8.3/../../../../arm-none-eabi/lib/armv7e-m\libg_s.a(lib_a-findfp.o)
                0x080024e4                __sf_fake_stdin
 .rodata.__sf_fake_stdout
                0x08002504       0x20 c:/program files (x86)/gnu tools arm embedded/4.8 2013q4/bin/../lib/gcc/arm-none-eabi/4.8.3/../../../../arm-none-eabi/lib/armv7e-m\libg_s.a(lib_a-findfp.o)
                0x08002504                __sf_fake_stdout
 .rodata.__sf_fake_stderr
                0x08002524       0x20 c:/program files (x86)/gnu tools arm embedded/4.8 2013q4/bin/../lib/gcc/arm-none-eabi/4.8.3/../../../../arm-none-eabi/lib/armv7e-m\libg_s.a(lib_a-findfp.o)
                0x08002524                __sf_fake_stderr
 .rodata.str1.1
                0x08002544       0x11 c:/program files (x86)/gnu tools arm embedded/4.8 2013q4/bin/../lib/gcc/arm-none-eabi/4.8.3/../../../../arm-none-eabi/lib/armv7e-m\libg_s.a(lib_a-svfprintf.o)
 .rodata.str1.1
                0x08002555       0x22 c:/program files (x86)/gnu tools arm embedded/4.8 2013q4/bin/../lib/gcc/arm-none-eabi/4.8.3/../../../../arm-none-eabi/lib/armv7e-m\libg_s.a(lib_a-vfprintf_i.o)
 *(vtable)
 *(.eh_frame*)
 *(.glue_7)
 .glue_7        0x00000000        0x0 linker stubs
 *(.glue_7t)
 .glue_7t       0x00000000        0x0 linker stubs

.vfp11_veneer   0x08002578        0x0
 .vfp11_veneer  0x00000000        0x0 linker stubs

.v4_bx          0x08002578        0x0
 .v4_bx         0x00000000        0x0 linker stubs

.iplt           0x08002578        0x0
 .iplt          0x00000000        0x0 ./system/src/stm32f4-hal/stm32f4xx_hal.o

.rel.dyn        0x08002578        0x0
 .rel.iplt      0x00000000        0x0 ./system/src/stm32f4-hal/stm32f4xx_hal.o

.ARM.extab
 *(.ARM.extab* .gnu.linkonce.armextab.*)
                0x08002578                __exidx_start = .

.ARM.exidx
 *(.ARM.exidx* .gnu.linkonce.armexidx.*)
                0x08002578                __exidx_end = .
                0x08002578                . = ALIGN (0x4)
                0x08002578                _etext = .
                0x08002578                __etext = .
                0x08002578                _sidata = _etext

.data           0x20000000       0x78 load address 0x08002578
                0x20000000                . = ALIGN (0x4)
                0x20000000                _sdata = .
                0x20000000                __data_start__ = .
 *(.data_begin .data_begin.*)
 .data_begin    0x20000000        0x4 ./system/src/newlib/_startup.o
 *(.data .data.*)
 .data.argv.4452
                0x20000004        0x8 ./system/src/newlib/_syscalls.o
 .data.SystemCoreClock
                0x2000000c        0x4 ./system/src/cmsis/system_stm32f4xx.o
                0x2000000c                SystemCoreClock
 .data.impure_data
                0x20000010       0x60 c:/program files (x86)/gnu tools arm embedded/4.8 2013q4/bin/../lib/gcc/arm-none-eabi/4.8.3/../../../../arm-none-eabi/lib/armv7e-m\libg_s.a(lib_a-impure.o)
 .data._impure_ptr
                0x20000070        0x4 c:/program files (x86)/gnu tools arm embedded/4.8 2013q4/bin/../lib/gcc/arm-none-eabi/4.8.3/../../../../arm-none-eabi/lib/armv7e-m\libg_s.a(lib_a-impure.o)
                0x20000070                _impure_ptr
 *(.data_end .data_end.*)
 .data_end      0x20000074        0x4 ./system/src/newlib/_startup.o
                0x20000078                . = ALIGN (0x4)
                0x20000078                _edata = .
                0x20000078                __data_end__ = .

.igot.plt       0x20000078        0x0 load address 0x080025f0
 .igot.plt      0x00000000        0x0 ./system/src/stm32f4-hal/stm32f4xx_hal.o

.bss            0x20000078       0xa4 load address 0x080025f0
                0x20000078                . = ALIGN (0x4)
                0x20000078                __bss_start__ = .
                0x20000078                _sbss = .
 *(.bss_begin .bss_begin.*)
 .bss_begin     0x20000078        0x4 ./system/src/newlib/_startup.o
 *(.bss .bss.*)
 .bss.uwTick    0x2000007c        0x4 ./system/src/stm32f4-hal/stm32f4xx_hal.o
 .bss.current_heap_end.4280
                0x20000080        0x4 ./system/src/newlib/_sbrk.o
 .bss.name.4451
                0x20000084        0x4 ./system/src/newlib/_syscalls.o
 .bss.buf.5365  0x20000088       0x80 ./system/src/diag/Trace.o
 .bss._ZN5Timer13ms_delayCountE
                0x20000108        0x4 ./src/Timer.o
                0x20000108                Timer::ms_delayCount
 .bss.__malloc_sbrk_start
                0x2000010c        0x4 c:/program files (x86)/gnu tools arm embedded/4.8 2013q4/bin/../lib/gcc/arm-none-eabi/4.8.3/../../../../arm-none-eabi/lib/armv7e-m\libg_s.a(lib_a-nano-mallocr.o)
                0x2000010c                __malloc_sbrk_start
 .bss.__malloc_free_list
                0x20000110        0x4 c:/program files (x86)/gnu tools arm embedded/4.8 2013q4/bin/../lib/gcc/arm-none-eabi/4.8.3/../../../../arm-none-eabi/lib/armv7e-m\libg_s.a(lib_a-nano-mallocr.o)
                0x20000110                __malloc_free_list
 *(COMMON)
 COMMON         0x20000114        0x4 ./system/src/newlib/_syscalls.o
                0x20000114                errno
 *(.bss_end .bss_end.*)
 .bss_end       0x20000118        0x4 ./system/src/newlib/_startup.o
                0x2000011c                . = ALIGN (0x4)
                0x2000011c                __bss_end__ = .
                0x2000011c                _ebss = .

.noinit         0x2000011c        0x0
                0x2000011c                . = ALIGN (0x4)
                0x2000011c                _noinit = .
 *(.noinit .noinit.*)
                0x2000011c                . = ALIGN (0x4)
                0x2000011c                _end_noinit = .
                0x2000011c                PROVIDE (end, _end_noinit)
                0x2000011c                PROVIDE (_end, _end_noinit)
                0x2000011c                PROVIDE (__end, _end_noinit)
                0x2000011c                PROVIDE (__end__, _end_noinit)

._check_stack   0x2000011c      0x100 load address 0x08002694
                0x2000011c                . = ALIGN (0x4)
                0x2000021c                . = (. + _Minimum_Stack_Size)
 *fill*         0x2000011c      0x100 
                0x2000021c                . = ALIGN (0x4)

.bss_CCMRAM
 *(.bss.CCMRAM .bss.CCMRAM.*)

.b1text
 *(.b1text)
 *(.b1rodata)
 *(.b1rodata.*)

.eb0text
 *(.eb0text)
 *(.eb0rodata)
 *(.eb0rodata.*)

.eb1text
 *(.eb1text)
 *(.eb1rodata)
 *(.eb1rodata.*)

.eb2text
 *(.eb2text)
 *(.eb2rodata)
 *(.eb2rodata.*)

.eb3text
 *(.eb3text)
 *(.eb3rodata)
 *(.eb3rodata.*)

.stab
 *(.stab)

.stabstr
 *(.stabstr)

.stab.excl
 *(.stab.excl)

.stab.exclstr
 *(.stab.exclstr)

.stab.index
 *(.stab.index)

.stab.indexstr
 *(.stab.indexstr)

.comment        0x00000000       0x70
 *(.comment)
 .comment       0x00000000       0x70 ./system/src/stm32f4-hal/stm32f4xx_hal.o
                                 0x71 (size before relaxing)
 .comment       0x00000000       0x71 ./system/src/stm32f4-hal/stm32f4xx_hal_cortex.o
 .comment       0x00000000       0x71 ./system/src/stm32f4-hal/stm32f4xx_hal_gpio.o
 .comment       0x00000000       0x71 ./system/src/stm32f4-hal/stm32f4xx_hal_rcc.o
 .comment       0x00000000       0x71 ./system/src/newlib/_exit.o
 .comment       0x00000000       0x71 ./system/src/newlib/_sbrk.o
 .comment       0x00000000       0x71 ./system/src/newlib/_startup.o
 .comment       0x00000000       0x71 ./system/src/newlib/_syscalls.o
 .comment       0x00000000       0x71 ./system/src/newlib/_write.o
 .comment       0x00000000       0x71 ./system/src/newlib/assert.o
 .comment       0x00000000       0x71 ./system/src/diag/Trace.o
 .comment       0x00000000       0x71 ./system/src/diag/trace_impl.o
 .comment       0x00000000       0x71 ./system/src/cortexm/exception_handlers.o
 .comment       0x00000000       0x71 ./system/src/cmsis/system_stm32f4xx.o
 .comment       0x00000000       0x71 ./system/src/cmsis/vectors_stm32f4xx.o
 .comment       0x00000000       0x71 ./src/BlinkLed.o
 .comment       0x00000000       0x71 ./src/Timer.o
 .comment       0x00000000       0x71 ./src/_initialize_hardware.o
 .comment       0x00000000       0x71 ./src/main.o

.ARM.attributes
                0x00000000       0x33
 .ARM.attributes
                0x00000000       0x33 ./system/src/stm32f4-hal/stm32f4xx_hal.o
 .ARM.attributes
                0x00000033       0x33 ./system/src/stm32f4-hal/stm32f4xx_hal_cortex.o
 .ARM.attributes
                0x00000066       0x33 ./system/src/stm32f4-hal/stm32f4xx_hal_gpio.o
 .ARM.attributes
                0x00000099       0x33 ./system/src/stm32f4-hal/stm32f4xx_hal_rcc.o
 .ARM.attributes
                0x000000cc       0x33 ./system/src/newlib/_exit.o
 .ARM.attributes
                0x000000ff       0x33 ./system/src/newlib/_sbrk.o
 .ARM.attributes
                0x00000132       0x33 ./system/src/newlib/_startup.o
 .ARM.attributes
                0x00000165       0x33 ./system/src/newlib/_syscalls.o
 .ARM.attributes
                0x00000198       0x33 ./system/src/newlib/_write.o
 .ARM.attributes
                0x000001cb       0x33 ./system/src/newlib/assert.o
 .ARM.attributes
                0x000001fe       0x33 ./system/src/diag/Trace.o
 .ARM.attributes
                0x00000231       0x33 ./system/src/diag/trace_impl.o
 .ARM.attributes
                0x00000264       0x33 ./system/src/cortexm/exception_handlers.o
 .ARM.attributes
                0x00000297       0x33 ./system/src/cmsis/system_stm32f4xx.o
 .ARM.attributes
                0x000002ca       0x33 ./system/src/cmsis/vectors_stm32f4xx.o
 .ARM.attributes
                0x000002fd       0x33 ./src/BlinkLed.o
 .ARM.attributes
                0x00000330       0x33 ./src/Timer.o
 .ARM.attributes
                0x00000363       0x33 ./src/_initialize_hardware.o
 .ARM.attributes
                0x00000396       0x33 ./src/main.o
 .ARM.attributes
                0x000003c9       0x2e c:/program files (x86)/gnu tools arm embedded/4.8 2013q4/bin/../lib/gcc/arm-none-eabi/4.8.3/../../../../arm-none-eabi/lib/armv7e-m\libg_s.a(lib_a-errno.o)
 .ARM.attributes
                0x000003f7       0x2e c:/program files (x86)/gnu tools arm embedded/4.8 2013q4/bin/../lib/gcc/arm-none-eabi/4.8.3/../../../../arm-none-eabi/lib/armv7e-m\libg_s.a(lib_a-fwrite.o)
 .ARM.attributes
                0x00000425       0x2e c:/program files (x86)/gnu tools arm embedded/4.8 2013q4/bin/../lib/gcc/arm-none-eabi/4.8.3/../../../../arm-none-eabi/lib/armv7e-m\libg_s.a(lib_a-impure.o)
 .ARM.attributes
                0x00000453       0x2e c:/program files (x86)/gnu tools arm embedded/4.8 2013q4/bin/../lib/gcc/arm-none-eabi/4.8.3/../../../../arm-none-eabi/lib/armv7e-m\libg_s.a(lib_a-puts.o)
 .ARM.attributes
                0x00000481       0x2e c:/program files (x86)/gnu tools arm embedded/4.8 2013q4/bin/../lib/gcc/arm-none-eabi/4.8.3/../../../../arm-none-eabi/lib/armv7e-m\libg_s.a(lib_a-strlen.o)
 .ARM.attributes
                0x000004af       0x2e c:/program files (x86)/gnu tools arm embedded/4.8 2013q4/bin/../lib/gcc/arm-none-eabi/4.8.3/../../../../arm-none-eabi/lib/armv7e-m\libg_s.a(lib_a-vsnprintf.o)
 .ARM.attributes
                0x000004dd       0x2e c:/program files (x86)/gnu tools arm embedded/4.8 2013q4/bin/../lib/gcc/arm-none-eabi/4.8.3/../../../../arm-none-eabi/lib/armv7e-m\libg_s.a(lib_a-wbuf.o)
 .ARM.attributes
                0x0000050b       0x2e c:/program files (x86)/gnu tools arm embedded/4.8 2013q4/bin/../lib/gcc/arm-none-eabi/4.8.3/../../../../arm-none-eabi/lib/armv7e-m\libg_s.a(lib_a-wsetup.o)
 .ARM.attributes
                0x00000539       0x2e c:/program files (x86)/gnu tools arm embedded/4.8 2013q4/bin/../lib/gcc/arm-none-eabi/4.8.3/../../../../arm-none-eabi/lib/armv7e-m\libg_s.a(lib_a-fflush.o)
 .ARM.attributes
                0x00000567       0x2e c:/program files (x86)/gnu tools arm embedded/4.8 2013q4/bin/../lib/gcc/arm-none-eabi/4.8.3/../../../../arm-none-eabi/lib/armv7e-m\libg_s.a(lib_a-findfp.o)
 .ARM.attributes
                0x00000595       0x2e c:/program files (x86)/gnu tools arm embedded/4.8 2013q4/bin/../lib/gcc/arm-none-eabi/4.8.3/../../../../arm-none-eabi/lib/armv7e-m\libg_s.a(lib_a-makebuf.o)
 .ARM.attributes
                0x000005c3       0x2e c:/program files (x86)/gnu tools arm embedded/4.8 2013q4/bin/../lib/gcc/arm-none-eabi/4.8.3/../../../../arm-none-eabi/lib/armv7e-m\libg_s.a(lib_a-memset.o)
 .ARM.attributes
                0x000005f1       0x2e c:/program files (x86)/gnu tools arm embedded/4.8 2013q4/bin/../lib/gcc/arm-none-eabi/4.8.3/../../../../arm-none-eabi/lib/armv7e-m\libg_s.a(lib_a-nano-freer.o)
 .ARM.attributes
                0x0000061f       0x2e c:/program files (x86)/gnu tools arm embedded/4.8 2013q4/bin/../lib/gcc/arm-none-eabi/4.8.3/../../../../arm-none-eabi/lib/armv7e-m\libg_s.a(lib_a-nano-mallocr.o)
 .ARM.attributes
                0x0000064d       0x2e c:/program files (x86)/gnu tools arm embedded/4.8 2013q4/bin/../lib/gcc/arm-none-eabi/4.8.3/../../../../arm-none-eabi/lib/armv7e-m\libg_s.a(lib_a-sbrkr.o)
 .ARM.attributes
                0x0000067b       0x2e c:/program files (x86)/gnu tools arm embedded/4.8 2013q4/bin/../lib/gcc/arm-none-eabi/4.8.3/../../../../arm-none-eabi/lib/armv7e-m\libg_s.a(lib_a-stdio.o)
 .ARM.attributes
                0x000006a9       0x2e c:/program files (x86)/gnu tools arm embedded/4.8 2013q4/bin/../lib/gcc/arm-none-eabi/4.8.3/../../../../arm-none-eabi/lib/armv7e-m\libg_s.a(lib_a-svfprintf.o)
 .ARM.attributes
                0x000006d7       0x2e c:/program files (x86)/gnu tools arm embedded/4.8 2013q4/bin/../lib/gcc/arm-none-eabi/4.8.3/../../../../arm-none-eabi/lib/armv7e-m\libg_s.a(lib_a-vfprintf_i.o)
 .ARM.attributes
                0x00000705       0x2e c:/program files (x86)/gnu tools arm embedded/4.8 2013q4/bin/../lib/gcc/arm-none-eabi/4.8.3/../../../../arm-none-eabi/lib/armv7e-m\libg_s.a(lib_a-writer.o)
 .ARM.attributes
                0x00000733       0x2e c:/program files (x86)/gnu tools arm embedded/4.8 2013q4/bin/../lib/gcc/arm-none-eabi/4.8.3/../../../../arm-none-eabi/lib/armv7e-m\libg_s.a(lib_a-closer.o)
 .ARM.attributes
                0x00000761       0x2e c:/program files (x86)/gnu tools arm embedded/4.8 2013q4/bin/../lib/gcc/arm-none-eabi/4.8.3/../../../../arm-none-eabi/lib/armv7e-m\libg_s.a(lib_a-fstatr.o)
 .ARM.attributes
                0x0000078f       0x2e c:/program files (x86)/gnu tools arm embedded/4.8 2013q4/bin/../lib/gcc/arm-none-eabi/4.8.3/../../../../arm-none-eabi/lib/armv7e-m\libg_s.a(lib_a-isattyr.o)
 .ARM.attributes
                0x000007bd       0x2e c:/program files (x86)/gnu tools arm embedded/4.8 2013q4/bin/../lib/gcc/arm-none-eabi/4.8.3/../../../../arm-none-eabi/lib/armv7e-m\libg_s.a(lib_a-lseekr.o)
 .ARM.attributes
                0x000007eb       0x2e c:/program files (x86)/gnu tools arm embedded/4.8 2013q4/bin/../lib/gcc/arm-none-eabi/4.8.3/../../../../arm-none-eabi/lib/armv7e-m\libg_s.a(lib_a-memchr-stub.o)
 .ARM.attributes
                0x00000819       0x2e c:/program files (x86)/gnu tools arm embedded/4.8 2013q4/bin/../lib/gcc/arm-none-eabi/4.8.3/../../../../arm-none-eabi/lib/armv7e-m\libg_s.a(lib_a-memcpy-stub.o)
 .ARM.attributes
                0x00000847       0x2e c:/program files (x86)/gnu tools arm embedded/4.8 2013q4/bin/../lib/gcc/arm-none-eabi/4.8.3/../../../../arm-none-eabi/lib/armv7e-m\libg_s.a(lib_a-memmove.o)
 .ARM.attributes
                0x00000875       0x2e c:/program files (x86)/gnu tools arm embedded/4.8 2013q4/bin/../lib/gcc/arm-none-eabi/4.8.3/../../../../arm-none-eabi/lib/armv7e-m\libg_s.a(lib_a-nano-reallocr.o)
 .ARM.attributes
                0x000008a3       0x2e c:/program files (x86)/gnu tools arm embedded/4.8 2013q4/bin/../lib/gcc/arm-none-eabi/4.8.3/../../../../arm-none-eabi/lib/armv7e-m\libg_s.a(lib_a-readr.o)
 .ARM.attributes
                0x000008d1       0x2e c:/program files (x86)/gnu tools arm embedded/4.8 2013q4/bin/../lib/gcc/arm-none-eabi/4.8.3/../../../../arm-none-eabi/lib/armv7e-m\libg_s.a(lib_a-nano-msizer.o)

.debug
 *(.debug)

.line
 *(.line)

.debug_srcinfo
 *(.debug_srcinfo)

.debug_sfnames
 *(.debug_sfnames)

.debug_aranges  0x00000000      0x558
 *(.debug_aranges)
 .debug_aranges
                0x00000000       0xa8 ./system/src/stm32f4-hal/stm32f4xx_hal.o
 .debug_aranges
                0x000000a8       0x90 ./system/src/stm32f4-hal/stm32f4xx_hal_cortex.o
 .debug_aranges
                0x00000138       0x50 ./system/src/stm32f4-hal/stm32f4xx_hal_gpio.o
 .debug_aranges
                0x00000188       0x88 ./system/src/stm32f4-hal/stm32f4xx_hal_rcc.o
 .debug_aranges
                0x00000210       0x28 ./system/src/newlib/_exit.o
 .debug_aranges
                0x00000238       0x20 ./system/src/newlib/_sbrk.o
 .debug_aranges
                0x00000258       0x40 ./system/src/newlib/_startup.o
 .debug_aranges
                0x00000298       0xd0 ./system/src/newlib/_syscalls.o
 .debug_aranges
                0x00000368       0x20 ./system/src/newlib/_write.o
 .debug_aranges
                0x00000388       0x28 ./system/src/newlib/assert.o
 .debug_aranges
                0x000003b0       0x38 ./system/src/diag/Trace.o
 .debug_aranges
                0x000003e8       0x30 ./system/src/diag/trace_impl.o
 .debug_aranges
                0x00000418       0x68 ./system/src/cortexm/exception_handlers.o
 .debug_aranges
                0x00000480       0x28 ./system/src/cmsis/system_stm32f4xx.o
 .debug_aranges
                0x000004a8       0x20 ./system/src/cmsis/vectors_stm32f4xx.o
 .debug_aranges
                0x000004c8       0x20 ./src/BlinkLed.o
 .debug_aranges
                0x000004e8       0x28 ./src/Timer.o
 .debug_aranges
                0x00000510       0x28 ./src/_initialize_hardware.o
 .debug_aranges
                0x00000538       0x20 ./src/main.o

.debug_pubnames
 *(.debug_pubnames)

.debug_info     0x00000000     0x7081
 *(.debug_info .gnu.linkonce.wi.*)
 .debug_info    0x00000000      0x556 ./system/src/stm32f4-hal/stm32f4xx_hal.o
 .debug_info    0x00000556      0xd74 ./system/src/stm32f4-hal/stm32f4xx_hal_cortex.o
 .debug_info    0x000012ca      0x779 ./system/src/stm32f4-hal/stm32f4xx_hal_gpio.o
 .debug_info    0x00001a43     0x17df ./system/src/stm32f4-hal/stm32f4xx_hal_rcc.o
 .debug_info    0x00003222      0x100 ./system/src/newlib/_exit.o
 .debug_info    0x00003322      0x125 ./system/src/newlib/_sbrk.o
 .debug_info    0x00003447      0x45e ./system/src/newlib/_startup.o
 .debug_info    0x000038a5      0x8f3 ./system/src/newlib/_syscalls.o
 .debug_info    0x00004198      0x147 ./system/src/newlib/_write.o
 .debug_info    0x000042df      0x1e0 ./system/src/newlib/assert.o
 .debug_info    0x000044bf      0x325 ./system/src/diag/Trace.o
 .debug_info    0x000047e4      0x3d2 ./system/src/diag/trace_impl.o
 .debug_info    0x00004bb6       0xe9 ./system/src/cortexm/exception_handlers.o
 .debug_info    0x00004c9f      0x486 ./system/src/cmsis/system_stm32f4xx.o
 .debug_info    0x00005125       0x92 ./system/src/cmsis/vectors_stm32f4xx.o
 .debug_info    0x000051b7      0x4db ./src/BlinkLed.o
 .debug_info    0x00005692      0x1bd ./src/Timer.o
 .debug_info    0x0000584f      0x4a5 ./src/_initialize_hardware.o
 .debug_info    0x00005cf4     0x138d ./src/main.o

.debug_abbrev   0x00000000     0x1d70
 *(.debug_abbrev)
 .debug_abbrev  0x00000000      0x1b0 ./system/src/stm32f4-hal/stm32f4xx_hal.o
 .debug_abbrev  0x000001b0      0x2a9 ./system/src/stm32f4-hal/stm32f4xx_hal_cortex.o
 .debug_abbrev  0x00000459      0x1e0 ./system/src/stm32f4-hal/stm32f4xx_hal_gpio.o
 .debug_abbrev  0x00000639      0x2d9 ./system/src/stm32f4-hal/stm32f4xx_hal_rcc.o
 .debug_abbrev  0x00000912       0xa4 ./system/src/newlib/_exit.o
 .debug_abbrev  0x000009b6       0xbb ./system/src/newlib/_sbrk.o
 .debug_abbrev  0x00000a71      0x1da ./system/src/newlib/_startup.o
 .debug_abbrev  0x00000c4b      0x178 ./system/src/newlib/_syscalls.o
 .debug_abbrev  0x00000dc3       0xd7 ./system/src/newlib/_write.o
 .debug_abbrev  0x00000e9a       0xc9 ./system/src/newlib/assert.o
 .debug_abbrev  0x00000f63      0x178 ./system/src/diag/Trace.o
 .debug_abbrev  0x000010db      0x188 ./system/src/diag/trace_impl.o
 .debug_abbrev  0x00001263       0x65 ./system/src/cortexm/exception_handlers.o
 .debug_abbrev  0x000012c8      0x104 ./system/src/cmsis/system_stm32f4xx.o
 .debug_abbrev  0x000013cc       0x92 ./system/src/cmsis/vectors_stm32f4xx.o
 .debug_abbrev  0x0000145e      0x1fd ./src/BlinkLed.o
 .debug_abbrev  0x0000165b      0x17b ./src/Timer.o
 .debug_abbrev  0x000017d6      0x17e ./src/_initialize_hardware.o
 .debug_abbrev  0x00001954      0x41c ./src/main.o

.debug_line     0x00000000     0x6696
 *(.debug_line)
 .debug_line    0x00000000      0x915 ./system/src/stm32f4-hal/stm32f4xx_hal.o
 .debug_line    0x00000915      0x981 ./system/src/stm32f4-hal/stm32f4xx_hal_cortex.o
 .debug_line    0x00001296      0x927 ./system/src/stm32f4-hal/stm32f4xx_hal_gpio.o
 .debug_line    0x00001bbd      0xc65 ./system/src/stm32f4-hal/stm32f4xx_hal_rcc.o
 .debug_line    0x00002822      0x2b2 ./system/src/newlib/_exit.o
 .debug_line    0x00002ad4      0x264 ./system/src/newlib/_sbrk.o
 .debug_line    0x00002d38      0x327 ./system/src/newlib/_startup.o
 .debug_line    0x0000305f      0x4cf ./system/src/newlib/_syscalls.o
 .debug_line    0x0000352e      0x298 ./system/src/newlib/_write.o
 .debug_line    0x000037c6      0x2d8 ./system/src/newlib/assert.o
 .debug_line    0x00003a9e      0x398 ./system/src/diag/Trace.o
 .debug_line    0x00003e36      0x36f ./system/src/diag/trace_impl.o
 .debug_line    0x000041a5       0x9f ./system/src/cortexm/exception_handlers.o
 .debug_line    0x00004244      0x800 ./system/src/cmsis/system_stm32f4xx.o
 .debug_line    0x00004a44       0x89 ./system/src/cmsis/vectors_stm32f4xx.o
 .debug_line    0x00004acd      0x7e0 ./src/BlinkLed.o
 .debug_line    0x000052ad      0x2f5 ./src/Timer.o
 .debug_line    0x000055a2      0x7f3 ./src/_initialize_hardware.o
 .debug_line    0x00005d95      0x901 ./src/main.o

.debug_frame    0x00000000     0x11d4
 *(.debug_frame)
 .debug_frame   0x00000000      0x14c ./system/src/stm32f4-hal/stm32f4xx_hal.o
 .debug_frame   0x0000014c      0x134 ./system/src/stm32f4-hal/stm32f4xx_hal_cortex.o
 .debug_frame   0x00000280       0xd8 ./system/src/stm32f4-hal/stm32f4xx_hal_gpio.o
 .debug_frame   0x00000358      0x13c ./system/src/stm32f4-hal/stm32f4xx_hal_rcc.o
 .debug_frame   0x00000494       0x38 ./system/src/newlib/_exit.o
 .debug_frame   0x000004cc       0x28 ./system/src/newlib/_sbrk.o
 .debug_frame   0x000004f4       0x80 ./system/src/newlib/_startup.o
 .debug_frame   0x00000574      0x230 ./system/src/newlib/_syscalls.o
 .debug_frame   0x000007a4       0x28 ./system/src/newlib/_write.o
 .debug_frame   0x000007cc       0x40 ./system/src/newlib/assert.o
 .debug_frame   0x0000080c       0x84 ./system/src/diag/Trace.o
 .debug_frame   0x00000890       0x50 ./system/src/diag/trace_impl.o
 .debug_frame   0x000008e0       0xb8 ./system/src/cortexm/exception_handlers.o
 .debug_frame   0x00000998       0x30 ./system/src/cmsis/system_stm32f4xx.o
 .debug_frame   0x000009c8       0x20 ./system/src/cmsis/vectors_stm32f4xx.o
 .debug_frame   0x000009e8       0x2c ./src/BlinkLed.o
 .debug_frame   0x00000a14       0x30 ./src/Timer.o
 .debug_frame   0x00000a44       0x44 ./src/_initialize_hardware.o
 .debug_frame   0x00000a88       0x30 ./src/main.o
 .debug_frame   0x00000ab8       0x20 c:/program files (x86)/gnu tools arm embedded/4.8 2013q4/bin/../lib/gcc/arm-none-eabi/4.8.3/../../../../arm-none-eabi/lib/armv7e-m\libg_s.a(lib_a-errno.o)
 .debug_frame   0x00000ad8       0x54 c:/program files (x86)/gnu tools arm embedded/4.8 2013q4/bin/../lib/gcc/arm-none-eabi/4.8.3/../../../../arm-none-eabi/lib/armv7e-m\libg_s.a(lib_a-fwrite.o)
 .debug_frame   0x00000b2c       0x3c c:/program files (x86)/gnu tools arm embedded/4.8 2013q4/bin/../lib/gcc/arm-none-eabi/4.8.3/../../../../arm-none-eabi/lib/armv7e-m\libg_s.a(lib_a-puts.o)
 .debug_frame   0x00000b68       0x20 c:/program files (x86)/gnu tools arm embedded/4.8 2013q4/bin/../lib/gcc/arm-none-eabi/4.8.3/../../../../arm-none-eabi/lib/armv7e-m\libg_s.a(lib_a-strlen.o)
 .debug_frame   0x00000b88       0x4c c:/program files (x86)/gnu tools arm embedded/4.8 2013q4/bin/../lib/gcc/arm-none-eabi/4.8.3/../../../../arm-none-eabi/lib/armv7e-m\libg_s.a(lib_a-vsnprintf.o)
 .debug_frame   0x00000bd4       0x3c c:/program files (x86)/gnu tools arm embedded/4.8 2013q4/bin/../lib/gcc/arm-none-eabi/4.8.3/../../../../arm-none-eabi/lib/armv7e-m\libg_s.a(lib_a-wbuf.o)
 .debug_frame   0x00000c10       0x2c c:/program files (x86)/gnu tools arm embedded/4.8 2013q4/bin/../lib/gcc/arm-none-eabi/4.8.3/../../../../arm-none-eabi/lib/armv7e-m\libg_s.a(lib_a-wsetup.o)
 .debug_frame   0x00000c3c       0x5c c:/program files (x86)/gnu tools arm embedded/4.8 2013q4/bin/../lib/gcc/arm-none-eabi/4.8.3/../../../../arm-none-eabi/lib/armv7e-m\libg_s.a(lib_a-fflush.o)
 .debug_frame   0x00000c98      0x12c c:/program files (x86)/gnu tools arm embedded/4.8 2013q4/bin/../lib/gcc/arm-none-eabi/4.8.3/../../../../arm-none-eabi/lib/armv7e-m\libg_s.a(lib_a-findfp.o)
 .debug_frame   0x00000dc4       0x30 c:/program files (x86)/gnu tools arm embedded/4.8 2013q4/bin/../lib/gcc/arm-none-eabi/4.8.3/../../../../arm-none-eabi/lib/armv7e-m\libg_s.a(lib_a-makebuf.o)
 .debug_frame   0x00000df4       0x20 c:/program files (x86)/gnu tools arm embedded/4.8 2013q4/bin/../lib/gcc/arm-none-eabi/4.8.3/../../../../arm-none-eabi/lib/armv7e-m\libg_s.a(lib_a-memset.o)
 .debug_frame   0x00000e14       0x2c c:/program files (x86)/gnu tools arm embedded/4.8 2013q4/bin/../lib/gcc/arm-none-eabi/4.8.3/../../../../arm-none-eabi/lib/armv7e-m\libg_s.a(lib_a-nano-freer.o)
 .debug_frame   0x00000e40       0x2c c:/program files (x86)/gnu tools arm embedded/4.8 2013q4/bin/../lib/gcc/arm-none-eabi/4.8.3/../../../../arm-none-eabi/lib/armv7e-m\libg_s.a(lib_a-nano-mallocr.o)
 .debug_frame   0x00000e6c       0x2c c:/program files (x86)/gnu tools arm embedded/4.8 2013q4/bin/../lib/gcc/arm-none-eabi/4.8.3/../../../../arm-none-eabi/lib/armv7e-m\libg_s.a(lib_a-sbrkr.o)
 .debug_frame   0x00000e98       0x80 c:/program files (x86)/gnu tools arm embedded/4.8 2013q4/bin/../lib/gcc/arm-none-eabi/4.8.3/../../../../arm-none-eabi/lib/armv7e-m\libg_s.a(lib_a-stdio.o)
 .debug_frame   0x00000f18       0x88 c:/program files (x86)/gnu tools arm embedded/4.8 2013q4/bin/../lib/gcc/arm-none-eabi/4.8.3/../../../../arm-none-eabi/lib/armv7e-m\libg_s.a(lib_a-svfprintf.o)
 .debug_frame   0x00000fa0       0x60 c:/program files (x86)/gnu tools arm embedded/4.8 2013q4/bin/../lib/gcc/arm-none-eabi/4.8.3/../../../../arm-none-eabi/lib/armv7e-m\libg_s.a(lib_a-vfprintf_i.o)
 .debug_frame   0x00001000       0x2c c:/program files (x86)/gnu tools arm embedded/4.8 2013q4/bin/../lib/gcc/arm-none-eabi/4.8.3/../../../../arm-none-eabi/lib/armv7e-m\libg_s.a(lib_a-writer.o)
 .debug_frame   0x0000102c       0x2c c:/program files (x86)/gnu tools arm embedded/4.8 2013q4/bin/../lib/gcc/arm-none-eabi/4.8.3/../../../../arm-none-eabi/lib/armv7e-m\libg_s.a(lib_a-closer.o)
 .debug_frame   0x00001058       0x2c c:/program files (x86)/gnu tools arm embedded/4.8 2013q4/bin/../lib/gcc/arm-none-eabi/4.8.3/../../../../arm-none-eabi/lib/armv7e-m\libg_s.a(lib_a-fstatr.o)
 .debug_frame   0x00001084       0x2c c:/program files (x86)/gnu tools arm embedded/4.8 2013q4/bin/../lib/gcc/arm-none-eabi/4.8.3/../../../../arm-none-eabi/lib/armv7e-m\libg_s.a(lib_a-isattyr.o)
 .debug_frame   0x000010b0       0x2c c:/program files (x86)/gnu tools arm embedded/4.8 2013q4/bin/../lib/gcc/arm-none-eabi/4.8.3/../../../../arm-none-eabi/lib/armv7e-m\libg_s.a(lib_a-lseekr.o)
 .debug_frame   0x000010dc       0x28 c:/program files (x86)/gnu tools arm embedded/4.8 2013q4/bin/../lib/gcc/arm-none-eabi/4.8.3/../../../../arm-none-eabi/lib/armv7e-m\libg_s.a(lib_a-memchr-stub.o)
 .debug_frame   0x00001104       0x28 c:/program files (x86)/gnu tools arm embedded/4.8 2013q4/bin/../lib/gcc/arm-none-eabi/4.8.3/../../../../arm-none-eabi/lib/armv7e-m\libg_s.a(lib_a-memcpy-stub.o)
 .debug_frame   0x0000112c       0x2c c:/program files (x86)/gnu tools arm embedded/4.8 2013q4/bin/../lib/gcc/arm-none-eabi/4.8.3/../../../../arm-none-eabi/lib/armv7e-m\libg_s.a(lib_a-memmove.o)
 .debug_frame   0x00001158       0x30 c:/program files (x86)/gnu tools arm embedded/4.8 2013q4/bin/../lib/gcc/arm-none-eabi/4.8.3/../../../../arm-none-eabi/lib/armv7e-m\libg_s.a(lib_a-nano-reallocr.o)
 .debug_frame   0x00001188       0x2c c:/program files (x86)/gnu tools arm embedded/4.8 2013q4/bin/../lib/gcc/arm-none-eabi/4.8.3/../../../../arm-none-eabi/lib/armv7e-m\libg_s.a(lib_a-readr.o)
 .debug_frame   0x000011b4       0x20 c:/program files (x86)/gnu tools arm embedded/4.8 2013q4/bin/../lib/gcc/arm-none-eabi/4.8.3/../../../../arm-none-eabi/lib/armv7e-m\libg_s.a(lib_a-nano-msizer.o)

.debug_str      0x00000000    0x81832
 *(.debug_str)
 .debug_str     0x00000000    0x7a7ee ./system/src/stm32f4-hal/stm32f4xx_hal.o
                              0x7a98c (size before relaxing)
 .debug_str     0x0007a7ee      0x7a8 ./system/src/stm32f4-hal/stm32f4xx_hal_cortex.o
                              0x7acd2 (size before relaxing)
 .debug_str     0x0007af96      0x5c7 ./system/src/stm32f4-hal/stm32f4xx_hal_gpio.o
                              0x7aac0 (size before relaxing)
 .debug_str     0x0007b55d      0x44c ./system/src/stm32f4-hal/stm32f4xx_hal_rcc.o
                              0x7afd7 (size before relaxing)
 .debug_str     0x0007b9a9     0x2498 ./system/src/newlib/_exit.o
                               0x4ea5 (size before relaxing)
 .debug_str     0x0007de41      0x4de ./system/src/newlib/_sbrk.o
                               0x445b (size before relaxing)
 .debug_str     0x0007e31f      0x246 ./system/src/newlib/_startup.o
                               0x3dd4 (size before relaxing)
 .debug_str     0x0007e565      0xe30 ./system/src/newlib/_syscalls.o
                               0x531a (size before relaxing)
 .debug_str     0x0007f395       0x39 ./system/src/newlib/_write.o
                               0x523b (size before relaxing)
 .debug_str     0x0007f3ce       0xd0 ./system/src/newlib/assert.o
                               0x5767 (size before relaxing)
 .debug_str     0x0007f49e     0x1742 ./system/src/diag/Trace.o
                               0x6d76 (size before relaxing)
 .debug_str     0x00080be0       0xd1 ./system/src/diag/trace_impl.o
                              0x3e08c (size before relaxing)
 .debug_str     0x00080cb1       0xe8 ./system/src/cortexm/exception_handlers.o
                               0x253f (size before relaxing)
 .debug_str     0x00080d99       0x67 ./system/src/cmsis/system_stm32f4xx.o
                              0x7a582 (size before relaxing)
 .debug_str     0x00080e00       0x57 ./system/src/cmsis/vectors_stm32f4xx.o
                               0x24dc (size before relaxing)
 .debug_str     0x00080e57      0x4d6 ./src/BlinkLed.o
                              0x7a802 (size before relaxing)
 .debug_str     0x0008132d       0x9e ./src/Timer.o
                              0x3c963 (size before relaxing)
 .debug_str     0x000813cb       0x35 ./src/_initialize_hardware.o
                              0x7a66f (size before relaxing)
 .debug_str     0x00081400      0x432 ./src/main.o
                              0x7dd30 (size before relaxing)

.debug_loc      0x00000000     0x1d43
 *(.debug_loc)
 .debug_loc     0x00000000       0x1f ./system/src/stm32f4-hal/stm32f4xx_hal.o
 .debug_loc     0x0000001f      0x5cb ./system/src/stm32f4-hal/stm32f4xx_hal_cortex.o
 .debug_loc     0x000005ea      0x300 ./system/src/stm32f4-hal/stm32f4xx_hal_gpio.o
 .debug_loc     0x000008ea      0x746 ./system/src/stm32f4-hal/stm32f4xx_hal_rcc.o
 .debug_loc     0x00001030       0x6b ./system/src/newlib/_sbrk.o
 .debug_loc     0x0000109b      0x265 ./system/src/newlib/_startup.o
 .debug_loc     0x00001300      0x549 ./system/src/newlib/_syscalls.o
 .debug_loc     0x00001849       0xad ./system/src/newlib/_write.o
 .debug_loc     0x000018f6       0xe1 ./system/src/newlib/assert.o
 .debug_loc     0x000019d7       0xf7 ./system/src/diag/Trace.o
 .debug_loc     0x00001ace       0x97 ./system/src/diag/trace_impl.o
 .debug_loc     0x00001b65      0x103 ./system/src/cmsis/system_stm32f4xx.o
 .debug_loc     0x00001c68       0x21 ./src/BlinkLed.o
 .debug_loc     0x00001c89       0xba ./src/main.o

.debug_macinfo
 *(.debug_macinfo)

.debug_weaknames
 *(.debug_weaknames)

.debug_funcnames
 *(.debug_funcnames)

.debug_typenames
 *(.debug_typenames)

.debug_varnames
 *(.debug_varnames)
OUTPUT(test.elf elf32-littlearm)

.debug_ranges   0x00000000      0x458
 .debug_ranges  0x00000000       0x98 ./system/src/stm32f4-hal/stm32f4xx_hal.o
 .debug_ranges  0x00000098       0x80 ./system/src/stm32f4-hal/stm32f4xx_hal_cortex.o
 .debug_ranges  0x00000118       0x40 ./system/src/stm32f4-hal/stm32f4xx_hal_gpio.o
 .debug_ranges  0x00000158       0x78 ./system/src/stm32f4-hal/stm32f4xx_hal_rcc.o
 .debug_ranges  0x000001d0       0x18 ./system/src/newlib/_exit.o
 .debug_ranges  0x000001e8       0x10 ./system/src/newlib/_sbrk.o
 .debug_ranges  0x000001f8       0x48 ./system/src/newlib/_startup.o
 .debug_ranges  0x00000240       0xc0 ./system/src/newlib/_syscalls.o
 .debug_ranges  0x00000300       0x10 ./system/src/newlib/_write.o
 .debug_ranges  0x00000310       0x18 ./system/src/newlib/assert.o
 .debug_ranges  0x00000328       0x28 ./system/src/diag/Trace.o
 .debug_ranges  0x00000350       0x20 ./system/src/diag/trace_impl.o
 .debug_ranges  0x00000370       0x58 ./system/src/cortexm/exception_handlers.o
 .debug_ranges  0x000003c8       0x18 ./system/src/cmsis/system_stm32f4xx.o
 .debug_ranges  0x000003e0       0x10 ./system/src/cmsis/vectors_stm32f4xx.o
 .debug_ranges  0x000003f0       0x10 ./src/BlinkLed.o
 .debug_ranges  0x00000400       0x18 ./src/Timer.o
 .debug_ranges  0x00000418       0x18 ./src/_initialize_hardware.o
 .debug_ranges  0x00000430       0x28 ./src/main.o

.debug_macro    0x00000000    0x154b0
 .debug_macro   0x00000000      0x34e ./system/src/stm32f4-hal/stm32f4xx_hal.o
 .debug_macro   0x0000034e      0x87a ./system/src/stm32f4-hal/stm32f4xx_hal.o
 .debug_macro   0x00000bc8      0x23b ./system/src/stm32f4-hal/stm32f4xx_hal.o
 .debug_macro   0x00000e03       0x28 ./system/src/stm32f4-hal/stm32f4xx_hal.o
 .debug_macro   0x00000e2b       0x28 ./system/src/stm32f4-hal/stm32f4xx_hal.o
 .debug_macro   0x00000e53       0x3b ./system/src/stm32f4-hal/stm32f4xx_hal.o
 .debug_macro   0x00000e8e       0x52 ./system/src/stm32f4-hal/stm32f4xx_hal.o
 .debug_macro   0x00000ee0       0x16 ./system/src/stm32f4-hal/stm32f4xx_hal.o
 .debug_macro   0x00000ef6       0x35 ./system/src/stm32f4-hal/stm32f4xx_hal.o
 .debug_macro   0x00000f2b       0xa3 ./system/src/stm32f4-hal/stm32f4xx_hal.o
 .debug_macro   0x00000fce      0x20e ./system/src/stm32f4-hal/stm32f4xx_hal.o
 .debug_macro   0x000011dc       0x2d ./system/src/stm32f4-hal/stm32f4xx_hal.o
 .debug_macro   0x00001209       0x26 ./system/src/stm32f4-hal/stm32f4xx_hal.o
 .debug_macro   0x0000122f      0xd39 ./system/src/stm32f4-hal/stm32f4xx_hal.o
 .debug_macro   0x00001f68     0x8f1b ./system/src/stm32f4-hal/stm32f4xx_hal.o
 .debug_macro   0x0000ae83       0x43 ./system/src/stm32f4-hal/stm32f4xx_hal.o
 .debug_macro   0x0000aec6       0x46 ./system/src/stm32f4-hal/stm32f4xx_hal.o
 .debug_macro   0x0000af0c      0xb80 ./system/src/stm32f4-hal/stm32f4xx_hal.o
 .debug_macro   0x0000ba8c      0x40f ./system/src/stm32f4-hal/stm32f4xx_hal.o
 .debug_macro   0x0000be9b      0x138 ./system/src/stm32f4-hal/stm32f4xx_hal.o
 .debug_macro   0x0000bfd3      0x137 ./system/src/stm32f4-hal/stm32f4xx_hal.o
 .debug_macro   0x0000c10a      0x2c6 ./system/src/stm32f4-hal/stm32f4xx_hal.o
 .debug_macro   0x0000c3d0       0x52 ./system/src/stm32f4-hal/stm32f4xx_hal.o
 .debug_macro   0x0000c422      0x3e5 ./system/src/stm32f4-hal/stm32f4xx_hal.o
 .debug_macro   0x0000c807      0x14c ./system/src/stm32f4-hal/stm32f4xx_hal.o
 .debug_macro   0x0000c953      0x3bb ./system/src/stm32f4-hal/stm32f4xx_hal.o
 .debug_macro   0x0000cd0e       0x10 ./system/src/stm32f4-hal/stm32f4xx_hal.o
 .debug_macro   0x0000cd1e      0x11a ./system/src/stm32f4-hal/stm32f4xx_hal.o
 .debug_macro   0x0000ce38       0xcd ./system/src/stm32f4-hal/stm32f4xx_hal.o
 .debug_macro   0x0000cf05      0x1ca ./system/src/stm32f4-hal/stm32f4xx_hal.o
 .debug_macro   0x0000d0cf      0xda8 ./system/src/stm32f4-hal/stm32f4xx_hal.o
 .debug_macro   0x0000de77      0x132 ./system/src/stm32f4-hal/stm32f4xx_hal.o
 .debug_macro   0x0000dfa9      0x217 ./system/src/stm32f4-hal/stm32f4xx_hal.o
 .debug_macro   0x0000e1c0      0x4ee ./system/src/stm32f4-hal/stm32f4xx_hal.o
 .debug_macro   0x0000e6ae       0x65 ./system/src/stm32f4-hal/stm32f4xx_hal.o
 .debug_macro   0x0000e713       0x8f ./system/src/stm32f4-hal/stm32f4xx_hal.o
 .debug_macro   0x0000e7a2       0x9a ./system/src/stm32f4-hal/stm32f4xx_hal.o
 .debug_macro   0x0000e83c      0x1df ./system/src/stm32f4-hal/stm32f4xx_hal.o
 .debug_macro   0x0000ea1b      0x1a0 ./system/src/stm32f4-hal/stm32f4xx_hal.o
 .debug_macro   0x0000ebbb       0x9d ./system/src/stm32f4-hal/stm32f4xx_hal.o
 .debug_macro   0x0000ec58      0x17f ./system/src/stm32f4-hal/stm32f4xx_hal.o
 .debug_macro   0x0000edd7       0x65 ./system/src/stm32f4-hal/stm32f4xx_hal.o
 .debug_macro   0x0000ee3c      0x3b4 ./system/src/stm32f4-hal/stm32f4xx_hal.o
 .debug_macro   0x0000f1f0      0x313 ./system/src/stm32f4-hal/stm32f4xx_hal.o
 .debug_macro   0x0000f503      0x4c5 ./system/src/stm32f4-hal/stm32f4xx_hal.o
 .debug_macro   0x0000f9c8      0x22b ./system/src/stm32f4-hal/stm32f4xx_hal.o
 .debug_macro   0x0000fbf3      0x1ca ./system/src/stm32f4-hal/stm32f4xx_hal.o
 .debug_macro   0x0000fdbd      0x822 ./system/src/stm32f4-hal/stm32f4xx_hal.o
 .debug_macro   0x000105df       0x4d ./system/src/stm32f4-hal/stm32f4xx_hal.o
 .debug_macro   0x0001062c      0x1ed ./system/src/stm32f4-hal/stm32f4xx_hal.o
 .debug_macro   0x00010819      0x1ae ./system/src/stm32f4-hal/stm32f4xx_hal.o
 .debug_macro   0x000109c7      0x137 ./system/src/stm32f4-hal/stm32f4xx_hal.o
 .debug_macro   0x00010afe      0x1ae ./system/src/stm32f4-hal/stm32f4xx_hal.o
 .debug_macro   0x00010cac       0x77 ./system/src/stm32f4-hal/stm32f4xx_hal.o
 .debug_macro   0x00010d23      0x1df ./system/src/stm32f4-hal/stm32f4xx_hal.o
 .debug_macro   0x00010f02       0xfa ./system/src/stm32f4-hal/stm32f4xx_hal.o
 .debug_macro   0x00010ffc       0x88 ./system/src/stm32f4-hal/stm32f4xx_hal.o
 .debug_macro   0x00011084      0x126 ./system/src/stm32f4-hal/stm32f4xx_hal.o
 .debug_macro   0x000111aa      0x300 ./system/src/stm32f4-hal/stm32f4xx_hal_cortex.o
 .debug_macro   0x000114aa      0x33f ./system/src/stm32f4-hal/stm32f4xx_hal_gpio.o
 .debug_macro   0x000117e9      0x342 ./system/src/stm32f4-hal/stm32f4xx_hal_rcc.o
 .debug_macro   0x00011b2b      0x11b ./system/src/newlib/_exit.o
 .debug_macro   0x00011c46      0x10e ./system/src/newlib/_exit.o
 .debug_macro   0x00011d54       0x86 ./system/src/newlib/_exit.o
 .debug_macro   0x00011dda       0x43 ./system/src/newlib/_exit.o
 .debug_macro   0x00011e1d       0x10 ./system/src/newlib/_exit.o
 .debug_macro   0x00011e2d       0x35 ./system/src/newlib/_exit.o
 .debug_macro   0x00011e62       0xd1 ./system/src/newlib/_sbrk.o
 .debug_macro   0x00011f33       0x19 ./system/src/newlib/_sbrk.o
 .debug_macro   0x00011f4c      0x16d ./system/src/newlib/_sbrk.o
 .debug_macro   0x000120b9       0x10 ./system/src/newlib/_sbrk.o
 .debug_macro   0x000120c9      0x23b ./system/src/newlib/_sbrk.o
 .debug_macro   0x00012304       0xe1 ./system/src/newlib/_startup.o
 .debug_macro   0x000123e5      0x169 ./system/src/newlib/_syscalls.o
 .debug_macro   0x0001254e       0x1c ./system/src/newlib/_syscalls.o
 .debug_macro   0x0001256a       0x10 ./system/src/newlib/_syscalls.o
 .debug_macro   0x0001257a       0x10 ./system/src/newlib/_syscalls.o
 .debug_macro   0x0001258a       0x10 ./system/src/newlib/_syscalls.o
 .debug_macro   0x0001259a       0x34 ./system/src/newlib/_syscalls.o
 .debug_macro   0x000125ce      0x120 ./system/src/newlib/_syscalls.o
 .debug_macro   0x000126ee       0x22 ./system/src/newlib/_syscalls.o
 .debug_macro   0x00012710       0x2b ./system/src/newlib/_syscalls.o
 .debug_macro   0x0001273b      0x118 ./system/src/newlib/_syscalls.o
 .debug_macro   0x00012853      0x13a ./system/src/newlib/_syscalls.o
 .debug_macro   0x0001298d       0x16 ./system/src/newlib/_syscalls.o
 .debug_macro   0x000129a3       0xfb ./system/src/newlib/_write.o
 .debug_macro   0x00012a9e      0x137 ./system/src/newlib/assert.o
 .debug_macro   0x00012bd5       0x1c ./system/src/newlib/assert.o
 .debug_macro   0x00012bf1      0x214 ./system/src/newlib/assert.o
 .debug_macro   0x00012e05      0x16d ./system/src/diag/Trace.o
 .debug_macro   0x00012f72       0x16 ./system/src/diag/Trace.o
 .debug_macro   0x00012f88       0x97 ./system/src/diag/Trace.o
 .debug_macro   0x0001301f       0x10 ./system/src/diag/Trace.o
 .debug_macro   0x0001302f       0xf6 ./system/src/diag/Trace.o
 .debug_macro   0x00013125       0x16 ./system/src/diag/Trace.o
 .debug_macro   0x0001313b      0x16c ./system/src/diag/Trace.o
 .debug_macro   0x000132a7       0x52 ./system/src/diag/Trace.o
 .debug_macro   0x000132f9      0x283 ./system/src/diag/Trace.o
 .debug_macro   0x0001357c       0x10 ./system/src/diag/Trace.o
 .debug_macro   0x0001358c       0x1f ./system/src/diag/Trace.o
 .debug_macro   0x000135ab      0x156 ./system/src/diag/trace_impl.o
 .debug_macro   0x00013701       0x1b ./system/src/cortexm/exception_handlers.o
 .debug_macro   0x0001371c      0x306 ./system/src/cmsis/system_stm32f4xx.o
 .debug_macro   0x00013a22       0x1b ./system/src/cmsis/vectors_stm32f4xx.o
 .debug_macro   0x00013a3d      0x30e ./src/BlinkLed.o
 .debug_macro   0x00013d4b       0x1c ./src/BlinkLed.o
 .debug_macro   0x00013d67      0xd39 ./src/BlinkLed.o
 .debug_macro   0x00014aa0       0x4c ./src/BlinkLed.o
 .debug_macro   0x00014aec       0x28 ./src/BlinkLed.o
 .debug_macro   0x00014b14       0xdd ./src/Timer.o
 .debug_macro   0x00014bf1      0x2fa ./src/_initialize_hardware.o
 .debug_macro   0x00014eeb      0x3eb ./src/main.o
 .debug_macro   0x000152d6       0x97 ./src/main.o
 .debug_macro   0x0001536d       0xfd ./src/main.o
 .debug_macro   0x0001546a       0x46 ./src/main.o
